Component: ARM Compiler 5.06 update 6 (build 750) Tool: armlink [4d35ed]

==============================================================================

Section Cross References

    startup_stm32f103xe.o(RESET) refers to startup_stm32f103xe.o(STACK) for __initial_sp
    startup_stm32f103xe.o(RESET) refers to startup_stm32f103xe.o(.text) for Reset_Handler
    startup_stm32f103xe.o(RESET) refers to stm32f1xx_it.o(i.NMI_Handler) for NMI_Handler
    startup_stm32f103xe.o(RESET) refers to stm32f1xx_it.o(i.HardFault_Handler) for HardFault_Handler
    startup_stm32f103xe.o(RESET) refers to stm32f1xx_it.o(i.MemManage_Handler) for MemManage_Handler
    startup_stm32f103xe.o(RESET) refers to stm32f1xx_it.o(i.BusFault_Handler) for BusFault_Handler
    startup_stm32f103xe.o(RESET) refers to stm32f1xx_it.o(i.UsageFault_Handler) for UsageFault_Handler
    startup_stm32f103xe.o(RESET) refers to stm32f1xx_it.o(i.SVC_Handler) for SVC_Handler
    startup_stm32f103xe.o(RESET) refers to stm32f1xx_it.o(i.DebugMon_Handler) for DebugMon_Handler
    startup_stm32f103xe.o(RESET) refers to stm32f1xx_it.o(i.PendSV_Handler) for PendSV_Handler
    startup_stm32f103xe.o(RESET) refers to stm32f1xx_it.o(i.SysTick_Handler) for SysTick_Handler
    startup_stm32f103xe.o(RESET) refers to stm32f1xx_it.o(i.DMA1_Channel1_IRQHandler) for DMA1_Channel1_IRQHandler
    startup_stm32f103xe.o(RESET) refers to stm32f1xx_it.o(i.ADC1_2_IRQHandler) for ADC1_2_IRQHandler
    startup_stm32f103xe.o(RESET) refers to stm32f1xx_it.o(i.TIM3_IRQHandler) for TIM3_IRQHandler
    startup_stm32f103xe.o(RESET) refers to stm32f1xx_it.o(i.USART1_IRQHandler) for USART1_IRQHandler
    startup_stm32f103xe.o(RESET) refers to stm32f1xx_it.o(i.USART2_IRQHandler) for USART2_IRQHandler
    startup_stm32f103xe.o(RESET) refers to stm32f1xx_it.o(i.USART3_IRQHandler) for USART3_IRQHandler
    startup_stm32f103xe.o(RESET) refers to stm32f1xx_it.o(i.UART4_IRQHandler) for UART4_IRQHandler
    startup_stm32f103xe.o(RESET) refers to stm32f1xx_it.o(i.UART5_IRQHandler) for UART5_IRQHandler
    startup_stm32f103xe.o(RESET) refers to stm32f1xx_it.o(i.TIM7_IRQHandler) for TIM7_IRQHandler
    startup_stm32f103xe.o(.text) refers to system_stm32f1xx.o(i.SystemInit) for SystemInit
    startup_stm32f103xe.o(.text) refers to entry.o(.ARM.Collect$$$$00000000) for __main
    main.o(i.SystemClock_Config) refers to memseta.o(.text) for __aeabi_memclr4
    main.o(i.SystemClock_Config) refers to stm32f1xx_hal_rcc.o(i.HAL_RCC_OscConfig) for HAL_RCC_OscConfig
    main.o(i.SystemClock_Config) refers to main.o(i.Error_Handler) for Error_Handler
    main.o(i.SystemClock_Config) refers to stm32f1xx_hal_rcc.o(i.HAL_RCC_ClockConfig) for HAL_RCC_ClockConfig
    main.o(i.SystemClock_Config) refers to stm32f1xx_hal_rcc_ex.o(i.HAL_RCCEx_PeriphCLKConfig) for HAL_RCCEx_PeriphCLKConfig
    main.o(i.main) refers to stm32f1xx_hal.o(i.HAL_Init) for HAL_Init
    main.o(i.main) refers to main.o(i.SystemClock_Config) for SystemClock_Config
    main.o(i.main) refers to gpio.o(i.MX_GPIO_Init) for MX_GPIO_Init
    main.o(i.main) refers to dma.o(i.MX_DMA_Init) for MX_DMA_Init
    main.o(i.main) refers to usart.o(i.MX_USART1_UART_Init) for MX_USART1_UART_Init
    main.o(i.main) refers to tim.o(i.MX_TIM3_Init) for MX_TIM3_Init
    main.o(i.main) refers to tim.o(i.MX_TIM2_Init) for MX_TIM2_Init
    main.o(i.main) refers to tim.o(i.MX_TIM7_Init) for MX_TIM7_Init
    main.o(i.main) refers to usart.o(i.MX_USART2_UART_Init) for MX_USART2_UART_Init
    main.o(i.main) refers to usart.o(i.MX_UART4_Init) for MX_UART4_Init
    main.o(i.main) refers to usart.o(i.MX_UART5_Init) for MX_UART5_Init
    main.o(i.main) refers to usart.o(i.MX_USART3_UART_Init) for MX_USART3_UART_Init
    main.o(i.main) refers to i2c.o(i.MX_I2C1_Init) for MX_I2C1_Init
    main.o(i.main) refers to tim.o(i.MX_TIM1_Init) for MX_TIM1_Init
    main.o(i.main) refers to adc.o(i.MX_ADC1_Init) for MX_ADC1_Init
    main.o(i.main) refers to usertask.o(i.user_init) for user_init
    main.o(i.main) refers to usertask.o(i.user_task) for user_task
    gpio.o(i.MX_GPIO_Init) refers to stm32f1xx_hal_gpio.o(i.HAL_GPIO_WritePin) for HAL_GPIO_WritePin
    gpio.o(i.MX_GPIO_Init) refers to stm32f1xx_hal_gpio.o(i.HAL_GPIO_Init) for HAL_GPIO_Init
    adc.o(i.HAL_ADC_MspDeInit) refers to stm32f1xx_hal_gpio.o(i.HAL_GPIO_DeInit) for HAL_GPIO_DeInit
    adc.o(i.HAL_ADC_MspDeInit) refers to stm32f1xx_hal_dma.o(i.HAL_DMA_DeInit) for HAL_DMA_DeInit
    adc.o(i.HAL_ADC_MspDeInit) refers to stm32f1xx_hal_cortex.o(i.HAL_NVIC_DisableIRQ) for HAL_NVIC_DisableIRQ
    adc.o(i.HAL_ADC_MspInit) refers to stm32f1xx_hal_gpio.o(i.HAL_GPIO_Init) for HAL_GPIO_Init
    adc.o(i.HAL_ADC_MspInit) refers to stm32f1xx_hal_dma.o(i.HAL_DMA_Init) for HAL_DMA_Init
    adc.o(i.HAL_ADC_MspInit) refers to main.o(i.Error_Handler) for Error_Handler
    adc.o(i.HAL_ADC_MspInit) refers to stm32f1xx_hal_cortex.o(i.HAL_NVIC_SetPriority) for HAL_NVIC_SetPriority
[...]
    ../Drivers/STM32F1xx_HAL_Driver/Src/stm32f1xx_hal_adc.c 0x00000000   Number         0  stm32f1xx_hal_adc.o ABSOLUTE
    ../Drivers/STM32F1xx_HAL_Driver/Src/stm32f1xx_hal_adc_ex.c 0x00000000   Number         0  stm32f1xx_hal_adc_ex.o ABSOLUTE
    ../Drivers/STM32F1xx_HAL_Driver/Src/stm32f1xx_hal_cortex.c 0x00000000   Number         0  stm32f1xx_hal_cortex.o ABSOLUTE
    ../Drivers/STM32F1xx_HAL_Driver/Src/stm32f1xx_hal_dma.c 0x00000000   Number         0  stm32f1xx_hal_dma.o ABSOLUTE
    ../Drivers/STM32F1xx_HAL_Driver/Src/stm32f1xx_hal_exti.c 0x00000000   Number         0  stm32f1xx_hal_exti.o ABSOLUTE
    ../Drivers/STM32F1xx_HAL_Driver/Src/stm32f1xx_hal_flash.c 0x00000000   Number         0  stm32f1xx_hal_flash.o ABSOLUTE
    ../Drivers/STM32F1xx_HAL_Driver/Src/stm32f1xx_hal_flash_ex.c 0x00000000   Number         0  stm32f1xx_hal_flash_ex.o ABSOLUTE
    ../Drivers/STM32F1xx_HAL_Driver/Src/stm32f1xx_hal_gpio.c 0x00000000   Number         0  stm32f1xx_hal_gpio.o ABSOLUTE
    ../Drivers/STM32F1xx_HAL_Driver/Src/stm32f1xx_hal_gpio_ex.c 0x00000000   Number         0  stm32f1xx_hal_gpio_ex.o ABSOLUTE
    ../Drivers/STM32F1xx_HAL_Driver/Src/stm32f1xx_hal_i2c.c 0x00000000   Number         0  stm32f1xx_hal_i2c.o ABSOLUTE
    ../Drivers/STM32F1xx_HAL_Driver/Src/stm32f1xx_hal_pwr.c 0x00000000   Number         0  stm32f1xx_hal_pwr.o ABSOLUTE
    ../Drivers/STM32F1xx_HAL_Driver/Src/stm32f1xx_hal_rcc.c 0x00000000   Number         0  stm32f1xx_hal_rcc.o ABSOLUTE
    ../Drivers/STM32F1xx_HAL_Driver/Src/stm32f1xx_hal_rcc_ex.c 0x00000000   Number         0  stm32f1xx_hal_rcc_ex.o ABSOLUTE
    ../Drivers/STM32F1xx_HAL_Driver/Src/stm32f1xx_hal_tim.c 0x00000000   Number         0  stm32f1xx_hal_tim.o ABSOLUTE
    ../Drivers/STM32F1xx_HAL_Driver/Src/stm32f1xx_hal_tim_ex.c 0x00000000   Number         0  stm32f1xx_hal_tim_ex.o ABSOLUTE
    ../Drivers/STM32F1xx_HAL_Driver/Src/stm32f1xx_hal_uart.c 0x00000000   Number         0  stm32f1xx_hal_uart.o ABSOLUTE
    ../clib/microlib/division.c              0x00000000   Number         0  uldiv.o ABSOLUTE
    ../clib/microlib/division.c              0x00000000   Number         0  uidiv.o ABSOLUTE
    ../clib/microlib/init/entry.s            0x00000000   Number         0  entry9b.o ABSOLUTE
    ../clib/microlib/init/entry.s            0x00000000   Number         0  entry8b.o ABSOLUTE
    ../clib/microlib/init/entry.s            0x00000000   Number         0  entry8a.o ABSOLUTE
    ../clib/microlib/init/entry.s            0x00000000   Number         0  entry10b.o ABSOLUTE
    ../clib/microlib/init/entry.s            0x00000000   Number         0  entry7b.o ABSOLUTE
    ../clib/microlib/init/entry.s            0x00000000   Number         0  entry11a.o ABSOLUTE
    ../clib/microlib/init/entry.s            0x00000000   Number         0  entry10a.o ABSOLUTE
    ../clib/microlib/init/entry.s            0x00000000   Number         0  entry7a.o ABSOLUTE
    ../clib/microlib/init/entry.s            0x00000000   Number         0  entry5.o ABSOLUTE
    ../clib/microlib/init/entry.s            0x00000000   Number         0  entry11b.o ABSOLUTE
    ../clib/microlib/init/entry.s            0x00000000   Number         0  entry2.o ABSOLUTE
    ../clib/microlib/init/entry.s            0x00000000   Number         0  entry.o ABSOLUTE
    ../clib/microlib/init/entry.s            0x00000000   Number         0  entry9a.o ABSOLUTE
    ../clib/microlib/longlong.c              0x00000000   Number         0  llshl.o ABSOLUTE
    ../clib/microlib/longlong.c              0x00000000   Number         0  llsshr.o ABSOLUTE
    ../clib/microlib/longlong.c              0x00000000   Number         0  llushr.o ABSOLUTE
    ../clib/microlib/printf/printf.c         0x00000000   Number         0  printf3.o ABSOLUTE
    ../clib/microlib/printf/printf.c         0x00000000   Number         0  printf5.o ABSOLUTE
    ../clib/microlib/printf/printf.c         0x00000000   Number         0  printf0.o ABSOLUTE
    ../clib/microlib/printf/printf.c         0x00000000   Number         0  printf2.o ABSOLUTE
    ../clib/microlib/printf/printf.c         0x00000000   Number         0  printf4.o ABSOLUTE
    ../clib/microlib/printf/printf.c         0x00000000   Number         0  printf1.o ABSOLUTE
    ../clib/microlib/printf/printf.c         0x00000000   Number         0  printfa.o ABSOLUTE
    ../clib/microlib/printf/printf.c         0x00000000   Number         0  printf8.o ABSOLUTE
    ../clib/microlib/printf/printf.c         0x00000000   Number         0  printf7.o ABSOLUTE
    ../clib/microlib/printf/printf.c         0x00000000   Number         0  printf6.o ABSOLUTE
    ../clib/microlib/printf/printf.c         0x00000000   Number         0  printfb.o ABSOLUTE
    ../clib/microlib/printf/stubs.s          0x00000000   Number         0  stubs.o ABSOLUTE
    ../clib/microlib/stdio/streams.c         0x00000000   Number         0  stdout.o ABSOLUTE
    ../clib/microlib/string/memset.c         0x00000000   Number         0  memseta.o ABSOLUTE
    ../clib/microlib/string/strlen.c         0x00000000   Number         0  strlen.o ABSOLUTE
    ../clib/microlib/string/strstr.c         0x00000000   Number         0  strstr.o ABSOLUTE
    ../clib/microlib/stubs.s                 0x00000000   Number         0  iusefp.o ABSOLUTE
    ../fplib/microlib/d2f.c                  0x00000000   Number         0  d2f.o ABSOLUTE
    ../fplib/microlib/f2d.c                  0x00000000   Number         0  f2d.o ABSOLUTE
    ../fplib/microlib/fpadd.c                0x00000000   Number         0  fadd.o ABSOLUTE
    ../fplib/microlib/fpadd.c                0x00000000   Number         0  dadd.o ABSOLUTE
    ../fplib/microlib/fpdiv.c                0x00000000   Number         0  ddiv.o ABSOLUTE
    ../fplib/microlib/fpdiv.c                0x00000000   Number         0  fdiv.o ABSOLUTE
    ../fplib/microlib/fpepilogue.c           0x00000000   Number         0  fepilogue.o ABSOLUTE
    ../fplib/microlib/fpepilogue.c           0x00000000   Number         0  depilogue.o ABSOLUTE
    ../fplib/microlib/fpfix.c                0x00000000   Number         0  ffixui.o ABSOLUTE
    ../fplib/microlib/fpfix.c                0x00000000   Number         0  dfixui.o ABSOLUTE
    ../fplib/microlib/fpfix.c                0x00000000   Number         0  dfixul.o ABSOLUTE
    ../fplib/microlib/fpflt.c                0x00000000   Number         0  dfltui.o ABSOLUTE
    ../fplib/microlib/fpflt.c                0x00000000   Number         0  ffltui.o ABSOLUTE
    ../fplib/microlib/fpmul.c                0x00000000   Number         0  dmul.o ABSOLUTE
    ../fplib/microlib/fpmul.c                0x00000000   Number         0  fmul.o ABSOLUTE
    ..\Core\Src\adc.c                        0x00000000   Number         0  adc.o ABSOLUTE
    ..\Core\Src\dma.c                        0x00000000   Number         0  dma.o ABSOLUTE
    ..\Core\Src\gpio.c                       0x00000000   Number         0  gpio.o ABSOLUTE
    ..\Core\Src\i2c.c                        0x00000000   Number         0  i2c.o ABSOLUTE
    ..\Core\Src\main.c                       0x00000000   Number         0  main.o ABSOLUTE
    ..\Core\Src\stm32f1xx_hal_msp.c          0x00000000   Number         0  stm32f1xx_hal_msp.o ABSOLUTE
    ..\Core\Src\stm32f1xx_it.c               0x00000000   Number         0  stm32f1xx_it.o ABSOLUTE
    ..\Core\Src\system_stm32f1xx.c           0x00000000   Number         0  system_stm32f1xx.o ABSOLUTE
    ..\Core\Src\tim.c                        0x00000000   Number         0  tim.o ABSOLUTE
    ..\Core\Src\usart.c                      0x00000000   Number         0  usart.o ABSOLUTE
    ..\Drivers\STM32F1xx_HAL_Driver\Src\stm32f1xx_hal.c 0x00000000   Number         0  stm32f1xx_hal.o ABSOLUTE
    ..\Drivers\STM32F1xx_HAL_Driver\Src\stm32f1xx_hal_adc.c 0x00000000   Number         0  stm32f1xx_hal_adc.o ABSOLUTE
    ..\Drivers\STM32F1xx_HAL_Driver\Src\stm32f1xx_hal_adc_ex.c 0x00000000   Number         0  stm32f1xx_hal_adc_ex.o ABSOLUTE
    ..\Drivers\STM32F1xx_HAL_Driver\Src\stm32f1xx_hal_cortex.c 0x00000000   Number         0  stm32f1xx_hal_cortex.o ABSOLUTE
    ..\Drivers\STM32F1xx_HAL_Driver\Src\stm32f1xx_hal_dma.c 0x00000000   Number         0  stm32f1xx_hal_dma.o ABSOLUTE
    ..\Drivers\STM32F1xx_HAL_Driver\Src\stm32f1xx_hal_exti.c 0x00000000   Number         0  stm32f1xx_hal_exti.o ABSOLUTE
    ..\Drivers\STM32F1xx_HAL_Driver\Src\stm32f1xx_hal_flash.c 0x00000000   Number         0  stm32f1xx_hal_flash.o ABSOLUTE
    ..\Drivers\STM32F1xx_HAL_Driver\Src\stm32f1xx_hal_flash_ex.c 0x00000000   Number         0  stm32f1xx_hal_flash_ex.o ABSOLUTE
    ..\Drivers\STM32F1xx_HAL_Driver\Src\stm32f1xx_hal_gpio.c 0x00000000   Number         0  stm32f1xx_hal_gpio.o ABSOLUTE
    ..\Drivers\STM32F1xx_HAL_Driver\Src\stm32f1xx_hal_gpio_ex.c 0x00000000   Number         0  stm32f1xx_hal_gpio_ex.o ABSOLUTE
    ..\Drivers\STM32F1xx_HAL_Driver\Src\stm32f1xx_hal_i2c.c 0x00000000   Number         0  stm32f1xx_hal_i2c.o ABSOLUTE
    ..\Drivers\STM32F1xx_HAL_Driver\Src\stm32f1xx_hal_pwr.c 0x00000000   Number         0  stm32f1xx_hal_pwr.o ABSOLUTE
    ..\Drivers\STM32F1xx_HAL_Driver\Src\stm32f1xx_hal_rcc.c 0x00000000   Number         0  stm32f1xx_hal_rcc.o ABSOLUTE
    ..\Drivers\STM32F1xx_HAL_Driver\Src\stm32f1xx_hal_rcc_ex.c 0x00000000   Number         0  stm32f1xx_hal_rcc_ex.o ABSOLUTE
    ..\Drivers\STM32F1xx_HAL_Driver\Src\stm32f1xx_hal_tim.c 0x00000000   Number         0  stm32f1xx_hal_tim.o ABSOLUTE
    ..\Drivers\STM32F1xx_HAL_Driver\Src\stm32f1xx_hal_tim_ex.c 0x00000000   Number         0  stm32f1xx_hal_tim_ex.o ABSOLUTE
    ..\Drivers\STM32F1xx_HAL_Driver\Src\stm32f1xx_hal_uart.c 0x00000000   Number         0  stm32f1xx_hal_uart.o ABSOLUTE
    ..\\myCode\\aht21.c                      0x00000000   Number         0  aht21.o ABSOLUTE
    ..\\myCode\\beep.c                       0x00000000   Number         0  beep.o ABSOLUTE
    ..\\myCode\\esp8266.c                    0x00000000   Number         0  esp8266.o ABSOLUTE
    ..\\myCode\\nightLight.c                 0x00000000   Number         0  nightlight.o ABSOLUTE
    ..\\myCode\\oled.c                       0x00000000   Number         0  oled.o ABSOLUTE
    ..\\myCode\\sensorLayer.c                0x00000000   Number         0  sensorlayer.o ABSOLUTE
    ..\\myCode\\stopWatch.c                  0x00000000   Number         0  stopwatch.o ABSOLUTE
    ..\\myCode\\traffic.c                    0x00000000   Number         0  traffic.o ABSOLUTE
    ..\\myCode\\userADC.c                    0x00000000   Number         0  useradc.o ABSOLUTE
    ..\\myCode\\userIO.c                     0x00000000   Number         0  userio.o ABSOLUTE
    ..\\myCode\\userTask.c                   0x00000000   Number         0  usertask.o ABSOLUTE
    ..\\myCode\\userTimer.c                  0x00000000   Number         0  usertimer.o ABSOLUTE
    ..\\myCode\\userUART.c                   0x00000000   Number         0  useruart.o ABSOLUTE
    ..\myCode\aht21.c                        0x00000000   Number         0  aht21.o ABSOLUTE
    ..\myCode\beep.c                         0x00000000   Number         0  beep.o ABSOLUTE
    ..\myCode\esp8266.c                      0x00000000   Number         0  esp8266.o ABSOLUTE
    ..\myCode\nightLight.c                   0x00000000   Number         0  nightlight.o ABSOLUTE
    ..\myCode\oled.c                         0x00000000   Number         0  oled.o ABSOLUTE
    ..\myCode\sensorLayer.c                  0x00000000   Number         0  sensorlayer.o ABSOLUTE
    ..\myCode\stopWatch.c                    0x00000000   Number         0  stopwatch.o ABSOLUTE
    ..\myCode\traffic.c                      0x00000000   Number         0  traffic.o ABSOLUTE
    ..\myCode\userADC.c                      0x00000000   Number         0  useradc.o ABSOLUTE
    ..\myCode\userIO.c                       0x00000000   Number         0  userio.o ABSOLUTE
    ..\myCode\userTask.c                     0x00000000   Number         0  usertask.o ABSOLUTE
    ..\myCode\userTimer.c                    0x00000000   Number         0  usertimer.o ABSOLUTE
    ..\myCode\userUART.c                     0x00000000   Number         0  useruart.o ABSOLUTE
    cdrcmple.s                               0x00000000   Number         0  cdrcmple.o ABSOLUTE
    dc.s                                     0x00000000   Number         0  dc.o ABSOLUTE
    handlers.s                               0x00000000   Number         0  handlers.o ABSOLUTE
    init.s                                   0x00000000   Number         0  init.o ABSOLUTE
    startup_stm32f103xe.s                    0x00000000   Number         0  startup_stm32f103xe.o ABSOLUTE
    RESET                                    0x08000000   Section      304  startup_stm32f103xe.o(RESET)
    .ARM.Collect$$$$00000000                 0x08000130   Section        0  entry.o(.ARM.Collect$$$$00000000)
    .ARM.Collect$$$$00000001                 0x08000130   Section        4  entry2.o(.ARM.Collect$$$$00000001)
    .ARM.Collect$$$$00000004                 0x08000134   Section        4  entry5.o(.ARM.Collect$$$$00000004)
    .ARM.Collect$$$$00000008                 0x08000138   Section        0  entry7b.o(.ARM.Collect$$$$00000008)
    .ARM.Collect$$$$0000000A                 0x08000138   Section        0  entry8b.o(.ARM.Collect$$$$0000000A)
    .ARM.Collect$$$$0000000B                 0x08000138   Section        8  entry9a.o(.ARM.Collect$$$$0000000B)
    .ARM.Collect$$$$0000000D                 0x08000140   Section        0  entry10a.o(.ARM.Collect$$$$0000000D)
    .ARM.Collect$$$$0000000F                 0x08000140   Section        0  entry11a.o(.ARM.Collect$$$$0000000F)
    .ARM.Collect$$$$00002712                 0x08000140   Section        4  entry2.o(.ARM.Collect$$$$00002712)
    __lit__00000000                          0x08000140   Data           4  entry2.o(.ARM.Collect$$$$00002712)
    .text                                    0x08000144   Section       36  startup_stm32f103xe.o(.text)
    .text                                    0x08000168   Section        0  llushr.o(.text)
    .text                                    0x08000188   Section        0  memseta.o(.text)
    .text                                    0x080001ac   Section        0  fadd.o(.text)
    .text                                    0x0800025c   Section        0  dadd.o(.text)
    .text                                    0x080003aa   Section        0  dmul.o(.text)
    .text                                    0x0800048e   Section        0  ddiv.o(.text)
    .text                                    0x0800056c   Section        0  dfltui.o(.text)
    .text                                    0x08000586   Section        0  ffixui.o(.text)
    .text                                    0x080005ae   Section        0  d2f.o(.text)
    .text                                    0x080005e6   Section        0  uidiv.o(.text)
    .text                                    0x08000612   Section        0  uldiv.o(.text)
    .text                                    0x08000674   Section        0  llshl.o(.text)
    .text                                    0x08000692   Section        0  llsshr.o(.text)
    .text                                    0x080006b6   Section        0  iusefp.o(.text)
    .text                                    0x080006b6   Section        0  fepilogue.o(.text)
    .text                                    0x08000724   Section        0  depilogue.o(.text)
    .text                                    0x080007de   Section        0  dfixul.o(.text)
    .text                                    0x08000810   Section       48  cdrcmple.o(.text)
    .text                                    0x08000840   Section       36  init.o(.text)
    i.ADC1_2_IRQHandler                      0x08000864   Section        0  stm32f1xx_it.o(i.ADC1_2_IRQHandler)
    i.ADC_ConversionStop_Disable             0x08000874   Section        0  stm32f1xx_hal_adc.o(i.ADC_ConversionStop_Disable)
    i.BusFault_Handler                       0x080008d0   Section        0  stm32f1xx_it.o(i.BusFault_Handler)
    i.DMA1_Channel1_IRQHandler               0x080008d4   Section        0  stm32f1xx_it.o(i.DMA1_Channel1_IRQHandler)
    i.DebugMon_Handler                       0x080008e4   Section        0  stm32f1xx_it.o(i.DebugMon_Handler)
    i.Error_Handler                          0x080008e6   Section        0  main.o(i.Error_Handler)
    i.HAL_ADCEx_InjectedConvCpltCallback     0x080008ec   Section        0  stm32f1xx_hal_adc_ex.o(i.HAL_ADCEx_InjectedConvCpltCallback)
    i.HAL_ADC_ConfigChannel                  0x080008f0   Section        0  stm32f1xx_hal_adc.o(i.HAL_ADC_ConfigChannel)
    i.HAL_ADC_ConvCpltCallback               0x08000a50   Section        0  useradc.o(i.HAL_ADC_ConvCpltCallback)
    i.HAL_ADC_IRQHandler                     0x08000a74   Section        0  stm32f1xx_hal_adc.o(i.HAL_ADC_IRQHandler)
    i.HAL_ADC_Init                           0x08000b88   Section        0  stm32f1xx_hal_adc.o(i.HAL_ADC_Init)
    i.HAL_ADC_LevelOutOfWindowCallback       0x08000ce8   Section        0  stm32f1xx_hal_adc.o(i.HAL_ADC_LevelOutOfWindowCallback)
    i.HAL_ADC_MspInit                        0x08000cec   Section        0  adc.o(i.HAL_ADC_MspInit)
    i.HAL_ADC_Stop_DMA                       0x08000da8   Section        0  stm32f1xx_hal_adc.o(i.HAL_ADC_Stop_DMA)
    i.HAL_DMA_Abort                          0x08000e12   Section        0  stm32f1xx_hal_dma.o(i.HAL_DMA_Abort)
    i.HAL_DMA_Abort_IT                       0x08000e68   Section        0  stm32f1xx_hal_dma.o(i.HAL_DMA_Abort_IT)
    i.HAL_DMA_IRQHandler                     0x08001010   Section        0  stm32f1xx_hal_dma.o(i.HAL_DMA_IRQHandler)
    i.HAL_DMA_Init                           0x080013a8   Section        0  stm32f1xx_hal_dma.o(i.HAL_DMA_Init)
    i.HAL_Delay                              0x08001434   Section        0  stm32f1xx_hal.o(i.HAL_Delay)
    i.HAL_GPIO_Init                          0x0800145c   Section        0  stm32f1xx_hal_gpio.o(i.HAL_GPIO_Init)
    i.HAL_GPIO_WritePin                      0x0800179c   Section        0  stm32f1xx_hal_gpio.o(i.HAL_GPIO_WritePin)
    i.HAL_GetTick                            0x080017a8   Section        0  stm32f1xx_hal.o(i.HAL_GetTick)
    i.HAL_I2C_Init                           0x080017b4   Section        0  stm32f1xx_hal_i2c.o(i.HAL_I2C_Init)
    i.HAL_I2C_MspInit                        0x08001984   Section        0  i2c.o(i.HAL_I2C_MspInit)
    i.HAL_IncTick                            0x080019f8   Section        0  stm32f1xx_hal.o(i.HAL_IncTick)
    i.HAL_Init                               0x08001a10   Section        0  stm32f1xx_hal.o(i.HAL_Init)
    i.HAL_InitTick                           0x08001a38   Section        0  stm32f1xx_hal.o(i.HAL_InitTick)
    i.HAL_MspInit                            0x08001a84   Section        0  stm32f1xx_hal_msp.o(i.HAL_MspInit)
    i.HAL_NVIC_EnableIRQ                     0x08001ad8   Section        0  stm32f1xx_hal_cortex.o(i.HAL_NVIC_EnableIRQ)
    i.HAL_NVIC_SetPriority                   0x08001af8   Section        0  stm32f1xx_hal_cortex.o(i.HAL_NVIC_SetPriority)
    i.HAL_NVIC_SetPriorityGrouping           0x08001b74   Section        0  stm32f1xx_hal_cortex.o(i.HAL_NVIC_SetPriorityGrouping)
    i.HAL_RCCEx_PeriphCLKConfig              0x08001b9c   Section        0  stm32f1xx_hal_rcc_ex.o(i.HAL_RCCEx_PeriphCLKConfig)
    i.HAL_RCC_ClockConfig                    0x08001ccc   Section        0  stm32f1xx_hal_rcc.o(i.HAL_RCC_ClockConfig)
    i.HAL_RCC_GetHCLKFreq                    0x08001e58   Section        0  stm32f1xx_hal_rcc.o(i.HAL_RCC_GetHCLKFreq)
    i.HAL_RCC_GetPCLK1Freq                   0x08001e64   Section        0  stm32f1xx_hal_rcc.o(i.HAL_RCC_GetPCLK1Freq)
    i.HAL_RCC_GetPCLK2Freq                   0x08001e84   Section        0  stm32f1xx_hal_rcc.o(i.HAL_RCC_GetPCLK2Freq)
    i.HAL_RCC_GetSysClockFreq                0x08001ea4   Section        0  stm32f1xx_hal_rcc.o(i.HAL_RCC_GetSysClockFreq)
    i.HAL_RCC_OscConfig                      0x08001f14   Section        0  stm32f1xx_hal_rcc.o(i.HAL_RCC_OscConfig)
    i.HAL_SYSTICK_Config                     0x08002378   Section        0  stm32f1xx_hal_cortex.o(i.HAL_SYSTICK_Config)
    i.HAL_TIMEx_BreakCallback                0x080023ac   Section        0  stm32f1xx_hal_tim_ex.o(i.HAL_TIMEx_BreakCallback)
    i.HAL_TIMEx_CommutCallback               0x080023ae   Section        0  stm32f1xx_hal_tim_ex.o(i.HAL_TIMEx_CommutCallback)
    i.HAL_TIMEx_ConfigBreakDeadTime          0x080023b0   Section        0  stm32f1xx_hal_tim_ex.o(i.HAL_TIMEx_ConfigBreakDeadTime)
    i.HAL_TIMEx_MasterConfigSynchronization  0x08002424   Section        0  stm32f1xx_hal_tim_ex.o(i.HAL_TIMEx_MasterConfigSynchronization)
    i.HAL_TIM_Base_Init                      0x080024c0   Section        0  stm32f1xx_hal_tim.o(i.HAL_TIM_Base_Init)
    i.HAL_TIM_Base_MspInit                   0x08002528   Section        0  tim.o(i.HAL_TIM_Base_MspInit)
    i.HAL_TIM_Base_Start_IT                  0x080025f0   Section        0  stm32f1xx_hal_tim.o(i.HAL_TIM_Base_Start_IT)
    i.HAL_TIM_ConfigClockSource              0x08002680   Section        0  stm32f1xx_hal_tim.o(i.HAL_TIM_ConfigClockSource)
    i.HAL_TIM_IC_CaptureCallback             0x0800278c   Section        0  stm32f1xx_hal_tim.o(i.HAL_TIM_IC_CaptureCallback)
    i.HAL_TIM_IRQHandler                     0x0800278e   Section        0  stm32f1xx_hal_tim.o(i.HAL_TIM_IRQHandler)
    i.HAL_TIM_MspPostInit                    0x08002924   Section        0  tim.o(i.HAL_TIM_MspPostInit)
    i.HAL_TIM_OC_DelayElapsedCallback        0x080029d0   Section        0  stm32f1xx_hal_tim.o(i.HAL_TIM_OC_DelayElapsedCallback)
    i.HAL_TIM_PWM_ConfigChannel              0x080029d2   Section        0  stm32f1xx_hal_tim.o(i.HAL_TIM_PWM_ConfigChannel)
    i.HAL_TIM_PWM_Init                       0x08002ad6   Section        0  stm32f1xx_hal_tim.o(i.HAL_TIM_PWM_Init)
    i.HAL_TIM_PWM_MspInit                    0x08002b3c   Section        0  stm32f1xx_hal_tim.o(i.HAL_TIM_PWM_MspInit)
    i.HAL_TIM_PWM_PulseFinishedCallback      0x08002b3e   Section        0  stm32f1xx_hal_tim.o(i.HAL_TIM_PWM_PulseFinishedCallback)
    i.HAL_TIM_PeriodElapsedCallback          0x08002b40   Section        0  usertimer.o(i.HAL_TIM_PeriodElapsedCallback)
    i.HAL_TIM_TriggerCallback                0x08002b58   Section        0  stm32f1xx_hal_tim.o(i.HAL_TIM_TriggerCallback)
    i.HAL_UARTEx_RxEventCallback             0x08002b5a   Section        0  stm32f1xx_hal_uart.o(i.HAL_UARTEx_RxEventCallback)
    i.HAL_UART_ErrorCallback                 0x08002b5c   Section        0  stm32f1xx_hal_uart.o(i.HAL_UART_ErrorCallback)
    i.HAL_UART_IRQHandler                    0x08002b60   Section        0  stm32f1xx_hal_uart.o(i.HAL_UART_IRQHandler)
    i.HAL_UART_Init                          0x08002e44   Section        0  stm32f1xx_hal_uart.o(i.HAL_UART_Init)
    i.HAL_UART_MspInit                       0x08002ebc   Section        0  usart.o(i.HAL_UART_MspInit)
    i.HAL_UART_Receive_IT                    0x08003164   Section        0  stm32f1xx_hal_uart.o(i.HAL_UART_Receive_IT)
    i.HAL_UART_RxCpltCallback                0x08003190   Section        0  useruart.o(i.HAL_UART_RxCpltCallback)
    i.HAL_UART_Transmit                      0x08003214   Section        0  stm32f1xx_hal_uart.o(i.HAL_UART_Transmit)
    i.HAL_UART_TxCpltCallback                0x080032c6   Section        0  stm32f1xx_hal_uart.o(i.HAL_UART_TxCpltCallback)
    i.HardFault_Handler                      0x080032c8   Section        0  stm32f1xx_it.o(i.HardFault_Handler)
    i.MX_ADC1_Init                           0x080032cc   Section        0  adc.o(i.MX_ADC1_Init)
    i.MX_DMA_Init                            0x08003358   Section        0  dma.o(i.MX_DMA_Init)
    i.MX_GPIO_Init                           0x0800338c   Section        0  gpio.o(i.MX_GPIO_Init)
    i.MX_I2C1_Init                           0x08003470   Section        0  i2c.o(i.MX_I2C1_Init)
    i.MX_TIM1_Init                           0x080034ac   Section        0  tim.o(i.MX_TIM1_Init)
    i.MX_TIM2_Init                           0x08003584   Section        0  tim.o(i.MX_TIM2_Init)
    i.MX_TIM3_Init                           0x08003628   Section        0  tim.o(i.MX_TIM3_Init)
    i.MX_TIM7_Init                           0x08003698   Section        0  tim.o(i.MX_TIM7_Init)
    i.MX_UART4_Init                          0x080036e4   Section        0  usart.o(i.MX_UART4_Init)
    i.MX_UART5_Init                          0x0800371c   Section        0  usart.o(i.MX_UART5_Init)
    i.MX_USART1_UART_Init                    0x08003754   Section        0  usart.o(i.MX_USART1_UART_Init)
    i.MX_USART2_UART_Init                    0x0800378c   Section        0  usart.o(i.MX_USART2_UART_Init)
    i.MX_USART3_UART_Init                    0x080037c4   Section        0  usart.o(i.MX_USART3_UART_Init)
    i.MemManage_Handler                      0x080037fc   Section        0  stm32f1xx_it.o(i.MemManage_Handler)
    i.NMI_Handler                            0x08003800   Section        0  stm32f1xx_it.o(i.NMI_Handler)
    i.PendSV_Handler                         0x08003804   Section        0  stm32f1xx_it.o(i.PendSV_Handler)
    i.RCC_Delay                              0x08003808   Section        0  stm32f1xx_hal_rcc.o(i.RCC_Delay)
    RCC_Delay                                0x08003809   Thumb Code    36  stm32f1xx_hal_rcc.o(i.RCC_Delay)
    i.SVC_Handler                            0x08003830   Section        0  stm32f1xx_it.o(i.SVC_Handler)
    i.SysTick_Handler                        0x08003832   Section        0  stm32f1xx_it.o(i.SysTick_Handler)
    i.SystemClock_Config                     0x0800383a   Section        0  main.o(i.SystemClock_Config)
    i.SystemInit                             0x080038bc   Section        0  system_stm32f1xx.o(i.SystemInit)
    i.TIM3_IRQHandler                        0x080038c0   Section        0  stm32f1xx_it.o(i.TIM3_IRQHandler)
    i.TIM7_IRQHandler                        0x080038d0   Section        0  stm32f1xx_it.o(i.TIM7_IRQHandler)
    i.TIM_Base_SetConfig                     0x080038e0   Section        0  stm32f1xx_hal_tim.o(i.TIM_Base_SetConfig)
    i.TIM_ETR_SetConfig                      0x0800397c   Section        0  stm32f1xx_hal_tim.o(i.TIM_ETR_SetConfig)
    i.TIM_ITRx_SetConfig                     0x08003992   Section        0  stm32f1xx_hal_tim.o(i.TIM_ITRx_SetConfig)
    TIM_ITRx_SetConfig                       0x08003993   Thumb Code    18  stm32f1xx_hal_tim.o(i.TIM_ITRx_SetConfig)
    i.TIM_OC1_SetConfig                      0x080039a4   Section        0  stm32f1xx_hal_tim.o(i.TIM_OC1_SetConfig)
    TIM_OC1_SetConfig                        0x080039a5   Thumb Code   104  stm32f1xx_hal_tim.o(i.TIM_OC1_SetConfig)
    i.TIM_OC2_SetConfig                      0x08003a14   Section        0  stm32f1xx_hal_tim.o(i.TIM_OC2_SetConfig)
    i.TIM_OC3_SetConfig                      0x08003a90   Section        0  stm32f1xx_hal_tim.o(i.TIM_OC3_SetConfig)
    TIM_OC3_SetConfig                        0x08003a91   Thumb Code   112  stm32f1xx_hal_tim.o(i.TIM_OC3_SetConfig)
    i.TIM_OC4_SetConfig                      0x08003b08   Section        0  stm32f1xx_hal_tim.o(i.TIM_OC4_SetConfig)
    TIM_OC4_SetConfig                        0x08003b09   Thumb Code    74  stm32f1xx_hal_tim.o(i.TIM_OC4_SetConfig)
    i.TIM_TI1_ConfigInputStage               0x08003b5c   Section        0  stm32f1xx_hal_tim.o(i.TIM_TI1_ConfigInputStage)
    TIM_TI1_ConfigInputStage                 0x08003b5d   Thumb Code    38  stm32f1xx_hal_tim.o(i.TIM_TI1_ConfigInputStage)
    i.TIM_TI2_ConfigInputStage               0x08003b82   Section        0  stm32f1xx_hal_tim.o(i.TIM_TI2_ConfigInputStage)
    TIM_TI2_ConfigInputStage                 0x08003b83   Thumb Code    40  stm32f1xx_hal_tim.o(i.TIM_TI2_ConfigInputStage)
    i.UART4_IRQHandler                       0x08003bac   Section        0  stm32f1xx_it.o(i.UART4_IRQHandler)
    i.UART5_IRQHandler                       0x08003bbc   Section        0  stm32f1xx_it.o(i.UART5_IRQHandler)
    i.UART_DMAAbortOnError                   0x08003bcc   Section        0  stm32f1xx_hal_uart.o(i.UART_DMAAbortOnError)
    UART_DMAAbortOnError                     0x08003bcd   Thumb Code    20  stm32f1xx_hal_uart.o(i.UART_DMAAbortOnError)
    i.UART_EndRxTransfer                     0x08003be0   Section        0  stm32f1xx_hal_uart.o(i.UART_EndRxTransfer)
    UART_EndRxTransfer                       0x08003be1   Thumb Code   108  stm32f1xx_hal_uart.o(i.UART_EndRxTransfer)
    i.UART_EndTransmit_IT                    0x08003c4c   Section        0  stm32f1xx_hal_uart.o(i.UART_EndTransmit_IT)
    UART_EndTransmit_IT                      0x08003c4d   Thumb Code    32  stm32f1xx_hal_uart.o(i.UART_EndTransmit_IT)
    i.UART_Receive_IT                        0x08003c6c   Section        0  stm32f1xx_hal_uart.o(i.UART_Receive_IT)
    UART_Receive_IT                          0x08003c6d   Thumb Code   252  stm32f1xx_hal_uart.o(i.UART_Receive_IT)
    i.UART_SetConfig                         0x08003d68   Section        0  stm32f1xx_hal_uart.o(i.UART_SetConfig)
    UART_SetConfig                           0x08003d69   Thumb Code   248  stm32f1xx_hal_uart.o(i.UART_SetConfig)
    i.UART_Start_Receive_IT                  0x08003e64   Section        0  stm32f1xx_hal_uart.o(i.UART_Start_Receive_IT)
    i.UART_Transmit_IT                       0x08003ea4   Section        0  stm32f1xx_hal_uart.o(i.UART_Transmit_IT)
    UART_Transmit_IT                         0x08003ea5   Thumb Code    96  stm32f1xx_hal_uart.o(i.UART_Transmit_IT)
    i.UART_WaitOnFlagUntilTimeout            0x08003f04   Section        0  stm32f1xx_hal_uart.o(i.UART_WaitOnFlagUntilTimeout)
    UART_WaitOnFlagUntilTimeout              0x08003f05   Thumb Code   146  stm32f1xx_hal_uart.o(i.UART_WaitOnFlagUntilTimeout)
    i.USART1_IRQHandler                      0x08003f98   Section        0  stm32f1xx_it.o(i.USART1_IRQHandler)
    i.USART2_IRQHandler                      0x08003fa8   Section        0  stm32f1xx_it.o(i.USART2_IRQHandler)
    i.USART3_IRQHandler                      0x08003fb8   Section        0  stm32f1xx_it.o(i.USART3_IRQHandler)
    i.UsageFault_Handler                     0x08003fc8   Section        0  stm32f1xx_it.o(i.UsageFault_Handler)
    i.__0printf                              0x08003fcc   Section        0  printfa.o(i.__0printf)
    i.__NVIC_GetPriorityGrouping             0x08003fec   Section        0  stm32f1xx_hal_cortex.o(i.__NVIC_GetPriorityGrouping)
    __NVIC_GetPriorityGrouping               0x08003fed   Thumb Code    10  stm32f1xx_hal_cortex.o(i.__NVIC_GetPriorityGrouping)
    i.__NVIC_SetPriority                     0x08003ffc   Section        0  stm32f1xx_hal_cortex.o(i.__NVIC_SetPriority)
    __NVIC_SetPriority                       0x08003ffd   Thumb Code    32  stm32f1xx_hal_cortex.o(i.__NVIC_SetPriority)
    i.__scatterload_copy                     0x08004024   Section       14  handlers.o(i.__scatterload_copy)
    i.__scatterload_null                     0x08004032   Section        2  handlers.o(i.__scatterload_null)
    i.__scatterload_zeroinit                 0x08004034   Section       14  handlers.o(i.__scatterload_zeroinit)
    i._fp_digits                             0x08004044   Section        0  printfa.o(i._fp_digits)
    _fp_digits                               0x08004045   Thumb Code   366  printfa.o(i._fp_digits)
    i._printf_core                           0x080041c8   Section        0  printfa.o(i._printf_core)
    _printf_core                             0x080041c9   Thumb Code  1744  printfa.o(i._printf_core)
    i._printf_post_padding                   0x080048a4   Section        0  printfa.o(i._printf_post_padding)
    _printf_post_padding                     0x080048a5   Thumb Code    36  printfa.o(i._printf_post_padding)
    i._printf_pre_padding                    0x080048c8   Section        0  printfa.o(i._printf_pre_padding)
    _printf_pre_padding                      0x080048c9   Thumb Code    46  printfa.o(i._printf_pre_padding)
    i.calculate_adc_average                  0x080048f8   Section        0  useradc.o(i.calculate_adc_average)
    calculate_adc_average                    0x080048f9   Thumb Code   116  useradc.o(i.calculate_adc_average)
    i.clear_uart_data                        0x08004980   Section        0  useruart.o(i.clear_uart_data)
    i.enable_esp8266                         0x080049cc   Section        0  esp8266.o(i.enable_esp8266)
    i.enable_timer_it                        0x080049fc   Section        0  usertimer.o(i.enable_timer_it)
    i.enable_uart_receive_it                 0x08004a10   Section        0  useruart.o(i.enable_uart_receive_it)
    i.esp8266_pass_through                   0x08004ab0   Section        0  esp8266.o(i.esp8266_pass_through)
    i.fputc                                  0x08004af0   Section        0  useruart.o(i.fputc)
    i.get_lux                                0x08004b0c   Section        0  useradc.o(i.get_lux)
    i.get_photo_res                          0x08004b3c   Section        0  useradc.o(i.get_photo_res)
    i.get_uart_number                        0x08004b90   Section        0  useruart.o(i.get_uart_number)
    i.get_uart_state_period                  0x08004be8   Section        0  useruart.o(i.get_uart_state_period)
    i.main                                   0x08004c88   Section        0  main.o(i.main)
    i.test_uart_postman                      0x08004cd0   Section        0  useruart.o(i.test_uart_postman)
    i.user_init                              0x08004d18   Section        0  usertask.o(i.user_init)
    i.user_period_task                       0x08004d4c   Section        0  usertask.o(i.user_period_task)
    i.user_task                              0x08004d54   Section        0  usertask.o(i.user_task)
    .constdata                               0x08004d5c   Section       18  stm32f1xx_hal_rcc.o(.constdata)
    aPLLMULFactorTable                       0x08004d5c   Data          16  stm32f1xx_hal_rcc.o(.constdata)
    aPredivFactorTable                       0x08004d6c   Data           2  stm32f1xx_hal_rcc.o(.constdata)
    .constdata                               0x08004d6e   Section       24  system_stm32f1xx.o(.constdata)
    .constdata                               0x08004d86   Section     1124  useradc.o(.constdata)
    .data                                    0x20000000   Section        9  stm32f1xx_hal.o(.data)
    .data                                    0x2000000c   Section        4  system_stm32f1xx.o(.data)
    .data                                    0x20000010   Section       12  useradc.o(.data)
    .data                                    0x2000001c   Section        4  stdout.o(.data)
    .bss                                     0x20000020   Section      116  adc.o(.bss)
    .bss                                     0x20000094   Section       84  i2c.o(.bss)
    .bss                                     0x200000e8   Section      288  tim.o(.bss)
    .bss                                     0x20000208   Section      360  usart.o(.bss)
    .bss                                     0x20000370   Section     3120  useruart.o(.bss)
    .bss                                     0x20000fa0   Section     1200  useradc.o(.bss)
    STACK                                    0x20001450   Section     1024  startup_stm32f103xe.o(STACK)

    Global Symbols

    Symbol Name                              Value     Ov Type        Size  Object(Section)

    BuildAttributes$$THM_ISAv4$P$D$K$B$S$PE$A:L22UL41UL21$X:L11$S22US41US21$IEEE1$IW$USESV6$~STKCKD$USESV7$~SHL$OTIME$ROPI$EBA8$MICROLIB$REQ8$PRES8$EABIv2 0x00000000   Number         0  anon$$obj.o ABSOLUTE
    __ARM_use_no_argv                        0x00000000   Number         0  main.o ABSOLUTE
    _printf_a                                0x00000000   Number         0  stubs.o ABSOLUTE
    _printf_c                                0x00000000   Number         0  stubs.o ABSOLUTE
    _printf_charcount                        0x00000000   Number         0  stubs.o ABSOLUTE
    _printf_d                                0x00000000   Number         0  stubs.o ABSOLUTE
    _printf_e                                0x00000000   Number         0  stubs.o ABSOLUTE
    _printf_f                                0x00000000   Number         0  stubs.o ABSOLUTE
    _printf_flags                            0x00000000   Number         0  stubs.o ABSOLUTE
    _printf_fp_dec                           0x00000000   Number         0  stubs.o ABSOLUTE
    _printf_fp_hex                           0x00000000   Number         0  stubs.o ABSOLUTE
    _printf_g                                0x00000000   Number         0  stubs.o ABSOLUTE
    _printf_i                                0x00000000   Number         0  stubs.o ABSOLUTE
    _printf_int_dec                          0x00000000   Number         0  stubs.o ABSOLUTE
    _printf_l                                0x00000000   Number         0  stubs.o ABSOLUTE
    _printf_lc                               0x00000000   Number         0  stubs.o ABSOLUTE
    _printf_ll                               0x00000000   Number         0  stubs.o ABSOLUTE
    _printf_lld                              0x00000000   Number         0  stubs.o ABSOLUTE
    _printf_lli                              0x00000000   Number         0  stubs.o ABSOLUTE
    _printf_llo                              0x00000000   Number         0  stubs.o ABSOLUTE
    _printf_llu                              0x00000000   Number         0  stubs.o ABSOLUTE
    _printf_llx                              0x00000000   Number         0  stubs.o ABSOLUTE
    _printf_longlong_dec                     0x00000000   Number         0  stubs.o ABSOLUTE
    _printf_longlong_hex                     0x00000000   Number         0  stubs.o ABSOLUTE
    _printf_longlong_oct                     0x00000000   Number         0  stubs.o ABSOLUTE
    _printf_ls                               0x00000000   Number         0  stubs.o ABSOLUTE
    _printf_mbtowc                           0x00000000   Number         0  stubs.o ABSOLUTE
    _printf_n                                0x00000000   Number         0  stubs.o ABSOLUTE
    _printf_o                                0x00000000   Number         0  stubs.o ABSOLUTE
    _printf_p                                0x00000000   Number         0  stubs.o ABSOLUTE
    _printf_percent                          0x00000000   Number         0  stubs.o ABSOLUTE
    _printf_pre_padding                      0x00000000   Number         0  stubs.o ABSOLUTE
    _printf_return_value                     0x00000000   Number         0  stubs.o ABSOLUTE
    _printf_s                                0x00000000   Number         0  stubs.o ABSOLUTE
    _printf_sizespec                         0x00000000   Number         0  stubs.o ABSOLUTE
    _printf_str                              0x00000000   Number         0  stubs.o ABSOLUTE
    _printf_truncate_signed                  0x00000000   Number         0  stubs.o ABSOLUTE
    _printf_truncate_unsigned                0x00000000   Number         0  stubs.o ABSOLUTE
    _printf_u                                0x00000000   Number         0  stubs.o ABSOLUTE
    _printf_wc                               0x00000000   Number         0  stubs.o ABSOLUTE
    _printf_wctomb                           0x00000000   Number         0  stubs.o ABSOLUTE
    _printf_widthprec                        0x00000000   Number         0  stubs.o ABSOLUTE
    _printf_x                                0x00000000   Number         0  stubs.o ABSOLUTE
    __cpp_initialize__aeabi_                  - Undefined Weak Reference
    __cxa_finalize                            - Undefined Weak Reference
    __decompress                              - Undefined Weak Reference
    _clock_init                               - Undefined Weak Reference
    _microlib_exit                            - Undefined Weak Reference
    __Vectors_Size                           0x00000130   Number         0  startup_stm32f103xe.o ABSOLUTE
    __Vectors                                0x08000000   Data           4  startup_stm32f103xe.o(RESET)
    __Vectors_End                            0x08000130   Data           0  startup_stm32f103xe.o(RESET)
    __main                                   0x08000131   Thumb Code     0  entry.o(.ARM.Collect$$$$00000000)
    _main_stk                                0x08000131   Thumb Code     0  entry2.o(.ARM.Collect$$$$00000001)
    _main_scatterload                        0x08000135   Thumb Code     0  entry5.o(.ARM.Collect$$$$00000004)
    __main_after_scatterload                 0x08000139   Thumb Code     0  entry5.o(.ARM.Collect$$$$00000004)
    _main_clock                              0x08000139   Thumb Code     0  entry7b.o(.ARM.Collect$$$$00000008)
    _main_cpp_init                           0x08000139   Thumb Code     0  entry8b.o(.ARM.Collect$$$$0000000A)
    _main_init                               0x08000139   Thumb Code     0  entry9a.o(.ARM.Collect$$$$0000000B)
    __rt_final_cpp                           0x08000141   Thumb Code     0  entry10a.o(.ARM.Collect$$$$0000000D)
    __rt_final_exit                          0x08000141   Thumb Code     0  entry11a.o(.ARM.Collect$$$$0000000F)
    Reset_Handler                            0x08000145   Thumb Code     8  startup_stm32f103xe.o(.text)
    ADC3_IRQHandler                          0x0800015f   Thumb Code     0  startup_stm32f103xe.o(.text)
    CAN1_RX1_IRQHandler                      0x0800015f   Thumb Code     0  startup_stm32f103xe.o(.text)
    CAN1_SCE_IRQHandler                      0x0800015f   Thumb Code     0  startup_stm32f103xe.o(.text)
    DMA1_Channel2_IRQHandler                 0x0800015f   Thumb Code     0  startup_stm32f103xe.o(.text)
    DMA1_Channel3_IRQHandler                 0x0800015f   Thumb Code     0  startup_stm32f103xe.o(.text)
    DMA1_Channel4_IRQHandler                 0x0800015f   Thumb Code     0  startup_stm32f103xe.o(.text)
    DMA1_Channel5_IRQHandler                 0x0800015f   Thumb Code     0  startup_stm32f103xe.o(.text)
    DMA1_Channel6_IRQHandler                 0x0800015f   Thumb Code     0  startup_stm32f103xe.o(.text)
    DMA1_Channel7_IRQHandler                 0x0800015f   Thumb Code     0  startup_stm32f103xe.o(.text)
    DMA2_Channel1_IRQHandler                 0x0800015f   Thumb Code     0  startup_stm32f103xe.o(.text)
    DMA2_Channel2_IRQHandler                 0x0800015f   Thumb Code     0  startup_stm32f103xe.o(.text)
    DMA2_Channel3_IRQHandler                 0x0800015f   Thumb Code     0  startup_stm32f103xe.o(.text)
    DMA2_Channel4_5_IRQHandler               0x0800015f   Thumb Code     0  startup_stm32f103xe.o(.text)
    EXTI0_IRQHandler                         0x0800015f   Thumb Code     0  startup_stm32f103xe.o(.text)
    EXTI15_10_IRQHandler                     0x0800015f   Thumb Code     0  startup_stm32f103xe.o(.text)
    EXTI1_IRQHandler                         0x0800015f   Thumb Code     0  startup_stm32f103xe.o(.text)
    EXTI2_IRQHandler                         0x0800015f   Thumb Code     0  startup_stm32f103xe.o(.text)
    EXTI3_IRQHandler                         0x0800015f   Thumb Code     0  startup_stm32f103xe.o(.text)
    EXTI4_IRQHandler                         0x0800015f   Thumb Code     0  startup_stm32f103xe.o(.text)
    EXTI9_5_IRQHandler                       0x0800015f   Thumb Code     0  startup_stm32f103xe.o(.text)
    FLASH_IRQHandler                         0x0800015f   Thumb Code     0  startup_stm32f103xe.o(.text)
    FSMC_IRQHandler                          0x0800015f   Thumb Code     0  startup_stm32f103xe.o(.text)
    I2C1_ER_IRQHandler                       0x0800015f   Thumb Code     0  startup_stm32f103xe.o(.text)
    I2C1_EV_IRQHandler                       0x0800015f   Thumb Code     0  startup_stm32f103xe.o(.text)
    I2C2_ER_IRQHandler                       0x0800015f   Thumb Code     0  startup_stm32f103xe.o(.text)
    I2C2_EV_IRQHandler                       0x0800015f   Thumb Code     0  startup_stm32f103xe.o(.text)
    PVD_IRQHandler                           0x0800015f   Thumb Code     0  startup_stm32f103xe.o(.text)
    RCC_IRQHandler                           0x0800015f   Thumb Code     0  startup_stm32f103xe.o(.text)
    RTC_Alarm_IRQHandler                     0x0800015f   Thumb Code     0  startup_stm32f103xe.o(.text)
    RTC_IRQHandler                           0x0800015f   Thumb Code     0  startup_stm32f103xe.o(.text)
    SDIO_IRQHandler                          0x0800015f   Thumb Code     0  startup_stm32f103xe.o(.text)
    SPI1_IRQHandler                          0x0800015f   Thumb Code     0  startup_stm32f103xe.o(.text)
    SPI2_IRQHandler                          0x0800015f   Thumb Code     0  startup_stm32f103xe.o(.text)
    SPI3_IRQHandler                          0x0800015f   Thumb Code     0  startup_stm32f103xe.o(.text)
    TAMPER_IRQHandler                        0x0800015f   Thumb Code     0  startup_stm32f103xe.o(.text)
    TIM1_BRK_IRQHandler                      0x0800015f   Thumb Code     0  startup_stm32f103xe.o(.text)
    TIM1_CC_IRQHandler                       0x0800015f   Thumb Code     0  startup_stm32f103xe.o(.text)
    TIM1_TRG_COM_IRQHandler                  0x0800015f   Thumb Code     0  startup_stm32f103xe.o(.text)
    TIM1_UP_IRQHandler                       0x0800015f   Thumb Code     0  startup_stm32f103xe.o(.text)
    TIM2_IRQHandler                          0x0800015f   Thumb Code     0  startup_stm32f103xe.o(.text)
    TIM4_IRQHandler                          0x0800015f   Thumb Code     0  startup_stm32f103xe.o(.text)
    TIM5_IRQHandler                          0x0800015f   Thumb Code     0  startup_stm32f103xe.o(.text)
    TIM6_IRQHandler                          0x0800015f   Thumb Code     0  startup_stm32f103xe.o(.text)
    TIM8_BRK_IRQHandler                      0x0800015f   Thumb Code     0  startup_stm32f103xe.o(.text)
    TIM8_CC_IRQHandler                       0x0800015f   Thumb Code     0  startup_stm32f103xe.o(.text)
    TIM8_TRG_COM_IRQHandler                  0x0800015f   Thumb Code     0  startup_stm32f103xe.o(.text)
    TIM8_UP_IRQHandler                       0x0800015f   Thumb Code     0  startup_stm32f103xe.o(.text)
    USBWakeUp_IRQHandler                     0x0800015f   Thumb Code     0  startup_stm32f103xe.o(.text)
    USB_HP_CAN1_TX_IRQHandler                0x0800015f   Thumb Code     0  startup_stm32f103xe.o(.text)
    USB_LP_CAN1_RX0_IRQHandler               0x0800015f   Thumb Code     0  startup_stm32f103xe.o(.text)
    WWDG_IRQHandler                          0x0800015f   Thumb Code     0  startup_stm32f103xe.o(.text)
    __aeabi_llsr                             0x08000169   Thumb Code    32  llushr.o(.text)
    _ll_ushift_r                             0x08000169   Thumb Code     0  llushr.o(.text)
    __aeabi_memset                           0x08000189   Thumb Code    14  memseta.o(.text)
    __aeabi_memset4                          0x08000189   Thumb Code     0  memseta.o(.text)
    __aeabi_memset8                          0x08000189   Thumb Code     0  memseta.o(.text)
    __aeabi_memclr                           0x08000197   Thumb Code     4  memseta.o(.text)
    __aeabi_memclr4                          0x08000197   Thumb Code     0  memseta.o(.text)
    __aeabi_memclr8                          0x08000197   Thumb Code     0  memseta.o(.text)
    _memset$wrapper                          0x0800019b   Thumb Code    18  memseta.o(.text)
    __aeabi_fadd                             0x080001ad   Thumb Code   164  fadd.o(.text)
    __aeabi_fsub                             0x08000251   Thumb Code     6  fadd.o(.text)
    __aeabi_frsub                            0x08000257   Thumb Code     6  fadd.o(.text)
    __aeabi_dadd                             0x0800025d   Thumb Code   322  dadd.o(.text)
    __aeabi_dsub                             0x0800039f   Thumb Code     6  dadd.o(.text)
    __aeabi_drsub                            0x080003a5   Thumb Code     6  dadd.o(.text)
    __aeabi_dmul                             0x080003ab   Thumb Code   228  dmul.o(.text)
    __aeabi_ddiv                             0x0800048f   Thumb Code   222  ddiv.o(.text)
    __aeabi_ui2d                             0x0800056d   Thumb Code    26  dfltui.o(.text)
    __aeabi_f2uiz                            0x08000587   Thumb Code    40  ffixui.o(.text)
    __aeabi_d2f                              0x080005af   Thumb Code    56  d2f.o(.text)
    __aeabi_uidiv                            0x080005e7   Thumb Code     0  uidiv.o(.text)
    __aeabi_uidivmod                         0x080005e7   Thumb Code    44  uidiv.o(.text)
    __aeabi_uldivmod                         0x08000613   Thumb Code    98  uldiv.o(.text)
    __aeabi_llsl                             0x08000675   Thumb Code    30  llshl.o(.text)
    _ll_shift_l                              0x08000675   Thumb Code     0  llshl.o(.text)
    __aeabi_lasr                             0x08000693   Thumb Code    36  llsshr.o(.text)
    _ll_sshift_r                             0x08000693   Thumb Code     0  llsshr.o(.text)
    __I$use$fp                               0x080006b7   Thumb Code     0  iusefp.o(.text)
    _float_round                             0x080006b7   Thumb Code    18  fepilogue.o(.text)
    _float_epilogue                          0x080006c9   Thumb Code    92  fepilogue.o(.text)
    _double_round                            0x08000725   Thumb Code    30  depilogue.o(.text)
    _double_epilogue                         0x08000743   Thumb Code   156  depilogue.o(.text)
    __aeabi_d2ulz                            0x080007df   Thumb Code    48  dfixul.o(.text)
    __aeabi_cdrcmple                         0x08000811   Thumb Code    48  cdrcmple.o(.text)
    __scatterload                            0x08000841   Thumb Code    28  init.o(.text)
    __scatterload_rt2                        0x08000841   Thumb Code     0  init.o(.text)
    ADC1_2_IRQHandler                        0x08000865   Thumb Code    10  stm32f1xx_it.o(i.ADC1_2_IRQHandler)
    ADC_ConversionStop_Disable               0x08000875   Thumb Code    92  stm32f1xx_hal_adc.o(i.ADC_ConversionStop_Disable)
    BusFault_Handler                         0x080008d1   Thumb Code     4  stm32f1xx_it.o(i.BusFault_Handler)
    DMA1_Channel1_IRQHandler                 0x080008d5   Thumb Code    10  stm32f1xx_it.o(i.DMA1_Channel1_IRQHandler)
    DebugMon_Handler                         0x080008e5   Thumb Code     2  stm32f1xx_it.o(i.DebugMon_Handler)
    Error_Handler                            0x080008e7   Thumb Code     6  main.o(i.Error_Handler)
    HAL_ADCEx_InjectedConvCpltCallback       0x080008ed   Thumb Code     2  stm32f1xx_hal_adc_ex.o(i.HAL_ADCEx_InjectedConvCpltCallback)
    HAL_ADC_ConfigChannel                    0x080008f1   Thumb Code   338  stm32f1xx_hal_adc.o(i.HAL_ADC_ConfigChannel)
    HAL_ADC_ConvCpltCallback                 0x08000a51   Thumb Code    28  useradc.o(i.HAL_ADC_ConvCpltCallback)
    HAL_ADC_IRQHandler                       0x08000a75   Thumb Code   274  stm32f1xx_hal_adc.o(i.HAL_ADC_IRQHandler)
    HAL_ADC_Init                             0x08000b89   Thumb Code   340  stm32f1xx_hal_adc.o(i.HAL_ADC_Init)
    HAL_ADC_LevelOutOfWindowCallback         0x08000ce9   Thumb Code     2  stm32f1xx_hal_adc.o(i.HAL_ADC_LevelOutOfWindowCallback)
    HAL_ADC_MspInit                          0x08000ced   Thumb Code   168  adc.o(i.HAL_ADC_MspInit)
    HAL_ADC_Stop_DMA                         0x08000da9   Thumb Code   106  stm32f1xx_hal_adc.o(i.HAL_ADC_Stop_DMA)
    HAL_DMA_Abort                            0x08000e13   Thumb Code    86  stm32f1xx_hal_dma.o(i.HAL_DMA_Abort)
    HAL_DMA_Abort_IT                         0x08000e69   Thumb Code   414  stm32f1xx_hal_dma.o(i.HAL_DMA_Abort_IT)
    HAL_DMA_IRQHandler                       0x08001011   Thumb Code   910  stm32f1xx_hal_dma.o(i.HAL_DMA_IRQHandler)
    HAL_DMA_Init                             0x080013a9   Thumb Code   132  stm32f1xx_hal_dma.o(i.HAL_DMA_Init)
    HAL_Delay                                0x08001435   Thumb Code    36  stm32f1xx_hal.o(i.HAL_Delay)
    HAL_GPIO_Init                            0x0800145d   Thumb Code   792  stm32f1xx_hal_gpio.o(i.HAL_GPIO_Init)
    HAL_GPIO_WritePin                        0x0800179d   Thumb Code    12  stm32f1xx_hal_gpio.o(i.HAL_GPIO_WritePin)
    HAL_GetTick                              0x080017a9   Thumb Code     6  stm32f1xx_hal.o(i.HAL_GetTick)
    HAL_I2C_Init                             0x080017b5   Thumb Code   446  stm32f1xx_hal_i2c.o(i.HAL_I2C_Init)
    HAL_I2C_MspInit                          0x08001985   Thumb Code   104  i2c.o(i.HAL_I2C_MspInit)
    HAL_IncTick                              0x080019f9   Thumb Code    16  stm32f1xx_hal.o(i.HAL_IncTick)
    HAL_Init                                 0x08001a11   Thumb Code    34  stm32f1xx_hal.o(i.HAL_Init)
    HAL_InitTick                             0x08001a39   Thumb Code    64  stm32f1xx_hal.o(i.HAL_InitTick)
    HAL_MspInit                              0x08001a85   Thumb Code    76  stm32f1xx_hal_msp.o(i.HAL_MspInit)
    HAL_NVIC_EnableIRQ                       0x08001ad9   Thumb Code    32  stm32f1xx_hal_cortex.o(i.HAL_NVIC_EnableIRQ)
    HAL_NVIC_SetPriority                     0x08001af9   Thumb Code   124  stm32f1xx_hal_cortex.o(i.HAL_NVIC_SetPriority)
    HAL_NVIC_SetPriorityGrouping             0x08001b75   Thumb Code    32  stm32f1xx_hal_cortex.o(i.HAL_NVIC_SetPriorityGrouping)
    HAL_RCCEx_PeriphCLKConfig                0x08001b9d   Thumb Code   290  stm32f1xx_hal_rcc_ex.o(i.HAL_RCCEx_PeriphCLKConfig)
    HAL_RCC_ClockConfig                      0x08001ccd   Thumb Code   376  stm32f1xx_hal_rcc.o(i.HAL_RCC_ClockConfig)
    HAL_RCC_GetHCLKFreq                      0x08001e59   Thumb Code     6  stm32f1xx_hal_rcc.o(i.HAL_RCC_GetHCLKFreq)
    HAL_RCC_GetPCLK1Freq                     0x08001e65   Thumb Code    22  stm32f1xx_hal_rcc.o(i.HAL_RCC_GetPCLK1Freq)
    HAL_RCC_GetPCLK2Freq                     0x08001e85   Thumb Code    22  stm32f1xx_hal_rcc.o(i.HAL_RCC_GetPCLK2Freq)
    HAL_RCC_GetSysClockFreq                  0x08001ea5   Thumb Code    92  stm32f1xx_hal_rcc.o(i.HAL_RCC_GetSysClockFreq)
    HAL_RCC_OscConfig                        0x08001f15   Thumb Code  1114  stm32f1xx_hal_rcc.o(i.HAL_RCC_OscConfig)
    HAL_SYSTICK_Config                       0x08002379   Thumb Code    52  stm32f1xx_hal_cortex.o(i.HAL_SYSTICK_Config)
    HAL_TIMEx_BreakCallback                  0x080023ad   Thumb Code     2  stm32f1xx_hal_tim_ex.o(i.HAL_TIMEx_BreakCallback)
    HAL_TIMEx_CommutCallback                 0x080023af   Thumb Code     2  stm32f1xx_hal_tim_ex.o(i.HAL_TIMEx_CommutCallback)
    HAL_TIMEx_ConfigBreakDeadTime            0x080023b1   Thumb Code   116  stm32f1xx_hal_tim_ex.o(i.HAL_TIMEx_ConfigBreakDeadTime)
    HAL_TIMEx_MasterConfigSynchronization    0x08002425   Thumb Code   134  stm32f1xx_hal_tim_ex.o(i.HAL_TIMEx_MasterConfigSynchronization)
    HAL_TIM_Base_Init                        0x080024c1   Thumb Code   102  stm32f1xx_hal_tim.o(i.HAL_TIM_Base_Init)
    HAL_TIM_Base_MspInit                     0x08002529   Thumb Code   184  tim.o(i.HAL_TIM_Base_MspInit)
    HAL_TIM_Base_Start_IT                    0x080025f1   Thumb Code   122  stm32f1xx_hal_tim.o(i.HAL_TIM_Base_Start_IT)
    HAL_TIM_ConfigClockSource                0x08002681   Thumb Code   268  stm32f1xx_hal_tim.o(i.HAL_TIM_ConfigClockSource)
    HAL_TIM_IC_CaptureCallback               0x0800278d   Thumb Code     2  stm32f1xx_hal_tim.o(i.HAL_TIM_IC_CaptureCallback)
    HAL_TIM_IRQHandler                       0x0800278f   Thumb Code   406  stm32f1xx_hal_tim.o(i.HAL_TIM_IRQHandler)
    HAL_TIM_MspPostInit                      0x08002925   Thumb Code   152  tim.o(i.HAL_TIM_MspPostInit)
    HAL_TIM_OC_DelayElapsedCallback          0x080029d1   Thumb Code     2  stm32f1xx_hal_tim.o(i.HAL_TIM_OC_DelayElapsedCallback)
    HAL_TIM_PWM_ConfigChannel                0x080029d3   Thumb Code   260  stm32f1xx_hal_tim.o(i.HAL_TIM_PWM_ConfigChannel)
    HAL_TIM_PWM_Init                         0x08002ad7   Thumb Code   102  stm32f1xx_hal_tim.o(i.HAL_TIM_PWM_Init)
    HAL_TIM_PWM_MspInit                      0x08002b3d   Thumb Code     2  stm32f1xx_hal_tim.o(i.HAL_TIM_PWM_MspInit)
    HAL_TIM_PWM_PulseFinishedCallback        0x08002b3f   Thumb Code     2  stm32f1xx_hal_tim.o(i.HAL_TIM_PWM_PulseFinishedCallback)
    HAL_TIM_PeriodElapsedCallback            0x08002b41   Thumb Code    20  usertimer.o(i.HAL_TIM_PeriodElapsedCallback)
    HAL_TIM_TriggerCallback                  0x08002b59   Thumb Code     2  stm32f1xx_hal_tim.o(i.HAL_TIM_TriggerCallback)
    HAL_UARTEx_RxEventCallback               0x08002b5b   Thumb Code     2  stm32f1xx_hal_uart.o(i.HAL_UARTEx_RxEventCallback)
    HAL_UART_ErrorCallback                   0x08002b5d   Thumb Code     2  stm32f1xx_hal_uart.o(i.HAL_UART_ErrorCallback)
    HAL_UART_IRQHandler                      0x08002b61   Thumb Code   736  stm32f1xx_hal_uart.o(i.HAL_UART_IRQHandler)
    HAL_UART_Init                            0x08002e45   Thumb Code   118  stm32f1xx_hal_uart.o(i.HAL_UART_Init)
    HAL_UART_MspInit                         0x08002ebd   Thumb Code   640  usart.o(i.HAL_UART_MspInit)
    HAL_UART_Receive_IT                      0x08003165   Thumb Code    44  stm32f1xx_hal_uart.o(i.HAL_UART_Receive_IT)
    HAL_UART_RxCpltCallback                  0x08003191   Thumb Code   128  useruart.o(i.HAL_UART_RxCpltCallback)
    HAL_UART_Transmit                        0x08003215   Thumb Code   178  stm32f1xx_hal_uart.o(i.HAL_UART_Transmit)
    HAL_UART_TxCpltCallback                  0x080032c7   Thumb Code     2  stm32f1xx_hal_uart.o(i.HAL_UART_TxCpltCallback)
    HardFault_Handler                        0x080032c9   Thumb Code     4  stm32f1xx_it.o(i.HardFault_Handler)
    MX_ADC1_Init                             0x080032cd   Thumb Code   130  adc.o(i.MX_ADC1_Init)
    MX_DMA_Init                              0x08003359   Thumb Code    48  dma.o(i.MX_DMA_Init)
    MX_GPIO_Init                             0x0800338d   Thumb Code   210  gpio.o(i.MX_GPIO_Init)
    MX_I2C1_Init                             0x08003471   Thumb Code    48  i2c.o(i.MX_I2C1_Init)
    MX_TIM1_Init                             0x080034ad   Thumb Code   206  tim.o(i.MX_TIM1_Init)
    MX_TIM2_Init                             0x08003585   Thumb Code   158  tim.o(i.MX_TIM2_Init)
    MX_TIM3_Init                             0x08003629   Thumb Code   102  tim.o(i.MX_TIM3_Init)
    MX_TIM7_Init                             0x08003699   Thumb Code    66  tim.o(i.MX_TIM7_Init)
    MX_UART4_Init                            0x080036e5   Thumb Code    46  usart.o(i.MX_UART4_Init)
    MX_UART5_Init                            0x0800371d   Thumb Code    46  usart.o(i.MX_UART5_Init)
    MX_USART1_UART_Init                      0x08003755   Thumb Code    46  usart.o(i.MX_USART1_UART_Init)
    MX_USART2_UART_Init                      0x0800378d   Thumb Code    46  usart.o(i.MX_USART2_UART_Init)
    MX_USART3_UART_Init                      0x080037c5   Thumb Code    46  usart.o(i.MX_USART3_UART_Init)
    MemManage_Handler                        0x080037fd   Thumb Code     4  stm32f1xx_it.o(i.MemManage_Handler)
    NMI_Handler                              0x08003801   Thumb Code     4  stm32f1xx_it.o(i.NMI_Handler)
    PendSV_Handler                           0x08003805   Thumb Code     2  stm32f1xx_it.o(i.PendSV_Handler)
    SVC_Handler                              0x08003831   Thumb Code     2  stm32f1xx_it.o(i.SVC_Handler)
    SysTick_Handler                          0x08003833   Thumb Code     8  stm32f1xx_it.o(i.SysTick_Handler)
    SystemClock_Config                       0x0800383b   Thumb Code   130  main.o(i.SystemClock_Config)
    SystemInit                               0x080038bd   Thumb Code     2  system_stm32f1xx.o(i.SystemInit)
    TIM3_IRQHandler                          0x080038c1   Thumb Code    10  stm32f1xx_it.o(i.TIM3_IRQHandler)
    TIM7_IRQHandler                          0x080038d1   Thumb Code    10  stm32f1xx_it.o(i.TIM7_IRQHandler)
    TIM_Base_SetConfig                       0x080038e1   Thumb Code   134  stm32f1xx_hal_tim.o(i.TIM_Base_SetConfig)
    TIM_ETR_SetConfig                        0x0800397d   Thumb Code    22  stm32f1xx_hal_tim.o(i.TIM_ETR_SetConfig)
    TIM_OC2_SetConfig                        0x08003a15   Thumb Code   114  stm32f1xx_hal_tim.o(i.TIM_OC2_SetConfig)
    UART4_IRQHandler                         0x08003bad   Thumb Code    10  stm32f1xx_it.o(i.UART4_IRQHandler)
    UART5_IRQHandler                         0x08003bbd   Thumb Code    10  stm32f1xx_it.o(i.UART5_IRQHandler)
    UART_Start_Receive_IT                    0x08003e65   Thumb Code    64  stm32f1xx_hal_uart.o(i.UART_Start_Receive_IT)
    USART1_IRQHandler                        0x08003f99   Thumb Code    10  stm32f1xx_it.o(i.USART1_IRQHandler)
    USART2_IRQHandler                        0x08003fa9   Thumb Code    10  stm32f1xx_it.o(i.USART2_IRQHandler)
    USART3_IRQHandler                        0x08003fb9   Thumb Code    10  stm32f1xx_it.o(i.USART3_IRQHandler)
    UsageFault_Handler                       0x08003fc9   Thumb Code     4  stm32f1xx_it.o(i.UsageFault_Handler)
    __0printf                                0x08003fcd   Thumb Code    22  printfa.o(i.__0printf)
    __1printf                                0x08003fcd   Thumb Code     0  printfa.o(i.__0printf)
    __2printf                                0x08003fcd   Thumb Code     0  printfa.o(i.__0printf)
    __c89printf                              0x08003fcd   Thumb Code     0  printfa.o(i.__0printf)
    printf                                   0x08003fcd   Thumb Code     0  printfa.o(i.__0printf)
    __scatterload_copy                       0x08004025   Thumb Code    14  handlers.o(i.__scatterload_copy)
    __scatterload_null                       0x08004033   Thumb Code     2  handlers.o(i.__scatterload_null)
    __scatterload_zeroinit                   0x08004035   Thumb Code    14  handlers.o(i.__scatterload_zeroinit)
    clear_uart_data                          0x08004981   Thumb Code    70  useruart.o(i.clear_uart_data)
    enable_esp8266                           0x080049cd   Thumb Code    34  esp8266.o(i.enable_esp8266)
    enable_timer_it                          0x080049fd   Thumb Code    20  usertimer.o(i.enable_timer_it)
    enable_uart_receive_it                   0x08004a11   Thumb Code    96  useruart.o(i.enable_uart_receive_it)
    esp8266_pass_through                     0x08004ab1   Thumb Code    52  esp8266.o(i.esp8266_pass_through)
    fputc                                    0x08004af1   Thumb Code    22  useruart.o(i.fputc)
    get_lux                                  0x08004b0d   Thumb Code    44  useradc.o(i.get_lux)
    get_photo_res                            0x08004b3d   Thumb Code    68  useradc.o(i.get_photo_res)
    get_uart_number                          0x08004b91   Thumb Code    66  useruart.o(i.get_uart_number)
    get_uart_state_period                    0x08004be9   Thumb Code   154  useruart.o(i.get_uart_state_period)
    main                                     0x08004c89   Thumb Code    72  main.o(i.main)
    test_uart_postman                        0x08004cd1   Thumb Code    68  useruart.o(i.test_uart_postman)
    user_init                                0x08004d19   Thumb Code    20  usertask.o(i.user_init)
    user_period_task                         0x08004d4d   Thumb Code     8  usertask.o(i.user_period_task)
    user_task                                0x08004d55   Thumb Code     8  usertask.o(i.user_task)
    AHBPrescTable                            0x08004d6e   Data          16  system_stm32f1xx.o(.constdata)
    APBPrescTable                            0x08004d7e   Data           8  system_stm32f1xx.o(.constdata)
    GL5528                                   0x08004d86   Data        1124  useradc.o(.constdata)
    Region$$Table$$Base                      0x080051ec   Number         0  anon$$obj.o(Region$$Table)
    Region$$Table$$Limit                     0x0800520c   Number         0  anon$$obj.o(Region$$Table)
    uwTick                                   0x20000000   Data           4  stm32f1xx_hal.o(.data)
    uwTickPrio                               0x20000004   Data           4  stm32f1xx_hal.o(.data)
    uwTickFreq                               0x20000008   Data           1  stm32f1xx_hal.o(.data)
    SystemCoreClock                          0x2000000c   Data           4  system_stm32f1xx.o(.data)
    Dma_report_flag                          0x20000010   Data           1  useradc.o(.data)
    Adc_report_time                          0x20000012   Data           2  useradc.o(.data)
    Last_adc_mq2                             0x20000014   Data           2  useradc.o(.data)
    Last_adc_adjres                          0x20000016   Data           2  useradc.o(.data)
    Last_adc_photores                        0x20000018   Data           2  useradc.o(.data)
    Last_adc_lux                             0x2000001a   Data           2  useradc.o(.data)
    __stdout                                 0x2000001c   Data           4  stdout.o(.data)
    hadc1                                    0x20000020   Data          48  adc.o(.bss)
    hdma_adc1                                0x20000050   Data          68  adc.o(.bss)
    hi2c1                                    0x20000094   Data          84  i2c.o(.bss)
    htim1                                    0x200000e8   Data          72  tim.o(.bss)
    htim2                                    0x20000130   Data          72  tim.o(.bss)
    htim3                                    0x20000178   Data          72  tim.o(.bss)
    htim7                                    0x200001c0   Data          72  tim.o(.bss)
    huart4                                   0x20000208   Data          72  usart.o(.bss)
    huart5                                   0x20000250   Data          72  usart.o(.bss)
    huart1                                   0x20000298   Data          72  usart.o(.bss)
    huart2                                   0x200002e0   Data          72  usart.o(.bss)
    huart3                                   0x20000328   Data          72  usart.o(.bss)
    Uart                                     0x20000370   Data        3120  useruart.o(.bss)
    Ad_value_buf                             0x20000fa0   Data        1200  useradc.o(.bss)
    __initial_sp                             0x20001850   Data           0  startup_stm32f103xe.o(STACK)



==============================================================================

Memory Map of the image

  Image Entry point : 0x08000131

  Load Region LR_IROM1 (Base: 0x08000000, Size: 0x0000522c, Max: 0x00040000, ABSOLUTE)

    Execution Region ER_IROM1 (Exec base: 0x08000000, Load base: 0x08000000, Size: 0x0000520c, Max: 0x00040000, ABSOLUTE)

    Exec Addr    Load Addr    Size         Type   Attr      Idx    E Section Name        Object

    0x08000000   0x08000000   0x00000130   Data   RO            3    RESET               startup_stm32f103xe.o
    0x08000130   0x08000130   0x00000000   Code   RO         4608  * .ARM.Collect$$$$00000000  mc_w.l(entry.o)
    0x08000130   0x08000130   0x00000004   Code   RO         4904    .ARM.Collect$$$$00000001  mc_w.l(entry2.o)
    0x08000134   0x08000134   0x00000004   Code   RO         4907    .ARM.Collect$$$$00000004  mc_w.l(entry5.o)
    0x08000138   0x08000138   0x00000000   Code   RO         4909    .ARM.Collect$$$$00000008  mc_w.l(entry7b.o)
    0x08000138   0x08000138   0x00000000   Code   RO         4911    .ARM.Collect$$$$0000000A  mc_w.l(entry8b.o)
    0x08000138   0x08000138   0x00000008   Code   RO         4912    .ARM.Collect$$$$0000000B  mc_w.l(entry9a.o)
    0x08000140   0x08000140   0x00000000   Code   RO         4914    .ARM.Collect$$$$0000000D  mc_w.l(entry10a.o)
    0x08000140   0x08000140   0x00000000   Code   RO         4916    .ARM.Collect$$$$0000000F  mc_w.l(entry11a.o)
    0x08000140   0x08000140   0x00000004   Code   RO         4905    .ARM.Collect$$$$00002712  mc_w.l(entry2.o)
    0x08000144   0x08000144   0x00000024   Code   RO            4    .text               startup_stm32f103xe.o
    0x08000168   0x08000168   0x00000020   Code   RO         4611    .text               mc_w.l(llushr.o)
    0x08000188   0x08000188   0x00000024   Code   RO         4613    .text               mc_w.l(memseta.o)
    0x080001ac   0x080001ac   0x000000b0   Code   RO         4880    .text               mf_w.l(fadd.o)
    0x0800025c   0x0800025c   0x0000014e   Code   RO         4886    .text               mf_w.l(dadd.o)
    0x080003aa   0x080003aa   0x000000e4   Code   RO         4888    .text               mf_w.l(dmul.o)
    0x0800048e   0x0800048e   0x000000de   Code   RO         4890    .text               mf_w.l(ddiv.o)
    0x0800056c   0x0800056c   0x0000001a   Code   RO         4894    .text               mf_w.l(dfltui.o)
    0x08000586   0x08000586   0x00000028   Code   RO         4896    .text               mf_w.l(ffixui.o)
    0x080005ae   0x080005ae   0x00000038   Code   RO         4902    .text               mf_w.l(d2f.o)
    0x080005e6   0x080005e6   0x0000002c   Code   RO         4919    .text               mc_w.l(uidiv.o)
    0x08000612   0x08000612   0x00000062   Code   RO         4921    .text               mc_w.l(uldiv.o)
    0x08000674   0x08000674   0x0000001e   Code   RO         4923    .text               mc_w.l(llshl.o)
    0x08000692   0x08000692   0x00000024   Code   RO         4925    .text               mc_w.l(llsshr.o)
    0x080006b6   0x080006b6   0x00000000   Code   RO         4927    .text               mc_w.l(iusefp.o)
    0x080006b6   0x080006b6   0x0000006e   Code   RO         4928    .text               mf_w.l(fepilogue.o)
    0x08000724   0x08000724   0x000000ba   Code   RO         4930    .text               mf_w.l(depilogue.o)
    0x080007de   0x080007de   0x00000030   Code   RO         4932    .text               mf_w.l(dfixul.o)
    0x0800080e   0x0800080e   0x00000002   PAD
    0x08000810   0x08000810   0x00000030   Code   RO         4934    .text               mf_w.l(cdrcmple.o)
    0x08000840   0x08000840   0x00000024   Code   RO         4936    .text               mc_w.l(init.o)
    0x08000864   0x08000864   0x00000010   Code   RO          435    i.ADC1_2_IRQHandler  stm32f1xx_it.o
    0x08000874   0x08000874   0x0000005c   Code   RO          625    i.ADC_ConversionStop_Disable  stm32f1xx_hal_adc.o
    0x080008d0   0x080008d0   0x00000004   Code   RO          436    i.BusFault_Handler  stm32f1xx_it.o
    0x080008d4   0x080008d4   0x00000010   Code   RO          437    i.DMA1_Channel1_IRQHandler  stm32f1xx_it.o
    0x080008e4   0x080008e4   0x00000002   Code   RO          438    i.DebugMon_Handler  stm32f1xx_it.o
    0x080008e6   0x080008e6   0x00000006   Code   RO           13    i.Error_Handler     main.o
    0x080008ec   0x080008ec   0x00000002   Code   RO          807    i.HAL_ADCEx_InjectedConvCpltCallback  stm32f1xx_hal_adc_ex.o
    0x080008ee   0x080008ee   0x00000002   PAD
    0x080008f0   0x080008f0   0x00000160   Code   RO          631    i.HAL_ADC_ConfigChannel  stm32f1xx_hal_adc.o
    0x08000a50   0x08000a50   0x00000024   Code   RO         4334    i.HAL_ADC_ConvCpltCallback  useradc.o
    0x08000a74   0x08000a74   0x00000112   Code   RO          639    i.HAL_ADC_IRQHandler  stm32f1xx_hal_adc.o
    0x08000b86   0x08000b86   0x00000002   PAD
    0x08000b88   0x08000b88   0x00000160   Code   RO          640    i.HAL_ADC_Init      stm32f1xx_hal_adc.o
    0x08000ce8   0x08000ce8   0x00000002   Code   RO          641    i.HAL_ADC_LevelOutOfWindowCallback  stm32f1xx_hal_adc.o
    0x08000cea   0x08000cea   0x00000002   PAD
    0x08000cec   0x08000cec   0x000000bc   Code   RO          196    i.HAL_ADC_MspInit   adc.o
    0x08000da8   0x08000da8   0x0000006a   Code   RO          650    i.HAL_ADC_Stop_DMA  stm32f1xx_hal_adc.o
    0x08000e12   0x08000e12   0x00000056   Code   RO         1287    i.HAL_DMA_Abort     stm32f1xx_hal_dma.o
    0x08000e68   0x08000e68   0x000001a8   Code   RO         1288    i.HAL_DMA_Abort_IT  stm32f1xx_hal_dma.o
    0x08001010   0x08001010   0x00000398   Code   RO         1292    i.HAL_DMA_IRQHandler  stm32f1xx_hal_dma.o
    0x080013a8   0x080013a8   0x0000008c   Code   RO         1293    i.HAL_DMA_Init      stm32f1xx_hal_dma.o
    0x08001434   0x08001434   0x00000028   Code   RO          908    i.HAL_Delay         stm32f1xx_hal.o
    0x0800145c   0x0800145c   0x00000340   Code   RO         1223    i.HAL_GPIO_Init     stm32f1xx_hal_gpio.o
    0x0800179c   0x0800179c   0x0000000c   Code   RO         1227    i.HAL_GPIO_WritePin  stm32f1xx_hal_gpio.o
    0x080017a8   0x080017a8   0x0000000c   Code   RO          912    i.HAL_GetTick       stm32f1xx_hal.o
    0x080017b4   0x080017b4   0x000001d0   Code   RO         1920    i.HAL_I2C_Init      stm32f1xx_hal_i2c.o
    0x08001984   0x08001984   0x00000074   Code   RO          262    i.HAL_I2C_MspInit   i2c.o
    0x080019f8   0x080019f8   0x00000018   Code   RO          918    i.HAL_IncTick       stm32f1xx_hal.o
    0x08001a10   0x08001a10   0x00000028   Code   RO          919    i.HAL_Init          stm32f1xx_hal.o
    0x08001a38   0x08001a38   0x0000004c   Code   RO          920    i.HAL_InitTick      stm32f1xx_hal.o
    0x08001a84   0x08001a84   0x00000054   Code   RO          565    i.HAL_MspInit       stm32f1xx_hal_msp.o
    0x08001ad8   0x08001ad8   0x00000020   Code   RO         1383    i.HAL_NVIC_EnableIRQ  stm32f1xx_hal_cortex.o
    0x08001af8   0x08001af8   0x0000007c   Code   RO         1389    i.HAL_NVIC_SetPriority  stm32f1xx_hal_cortex.o
    0x08001b74   0x08001b74   0x00000028   Code   RO         1390    i.HAL_NVIC_SetPriorityGrouping  stm32f1xx_hal_cortex.o
    0x08001b9c   0x08001b9c   0x00000130   Code   RO         1185    i.HAL_RCCEx_PeriphCLKConfig  stm32f1xx_hal_rcc_ex.o
    0x08001ccc   0x08001ccc   0x0000018c   Code   RO         1076    i.HAL_RCC_ClockConfig  stm32f1xx_hal_rcc.o
    0x08001e58   0x08001e58   0x0000000c   Code   RO         1081    i.HAL_RCC_GetHCLKFreq  stm32f1xx_hal_rcc.o
    0x08001e64   0x08001e64   0x00000020   Code   RO         1083    i.HAL_RCC_GetPCLK1Freq  stm32f1xx_hal_rcc.o
    0x08001e84   0x08001e84   0x00000020   Code   RO         1084    i.HAL_RCC_GetPCLK2Freq  stm32f1xx_hal_rcc.o
    0x08001ea4   0x08001ea4   0x00000070   Code   RO         1085    i.HAL_RCC_GetSysClockFreq  stm32f1xx_hal_rcc.o
    0x08001f14   0x08001f14   0x00000464   Code   RO         1088    i.HAL_RCC_OscConfig  stm32f1xx_hal_rcc.o
    0x08002378   0x08002378   0x00000034   Code   RO         1394    i.HAL_SYSTICK_Config  stm32f1xx_hal_cortex.o
    0x080023ac   0x080023ac   0x00000002   Code   RO         3103    i.HAL_TIMEx_BreakCallback  stm32f1xx_hal_tim_ex.o
    0x080023ae   0x080023ae   0x00000002   Code   RO         3104    i.HAL_TIMEx_CommutCallback  stm32f1xx_hal_tim_ex.o
    0x080023b0   0x080023b0   0x00000074   Code   RO         3106    i.HAL_TIMEx_ConfigBreakDeadTime  stm32f1xx_hal_tim_ex.o
    0x08002424   0x08002424   0x0000009c   Code   RO         3122    i.HAL_TIMEx_MasterConfigSynchronization  stm32f1xx_hal_tim_ex.o
    0x080024c0   0x080024c0   0x00000066   Code   RO         2388    i.HAL_TIM_Base_Init  stm32f1xx_hal_tim.o
    0x08002526   0x08002526   0x00000002   PAD
    0x08002528   0x08002528   0x000000c8   Code   RO          304    i.HAL_TIM_Base_MspInit  tim.o
    0x080025f0   0x080025f0   0x00000090   Code   RO         2393    i.HAL_TIM_Base_Start_IT  stm32f1xx_hal_tim.o
    0x08002680   0x08002680   0x0000010c   Code   RO         2397    i.HAL_TIM_ConfigClockSource  stm32f1xx_hal_tim.o
    0x0800278c   0x0800278c   0x00000002   Code   RO         2422    i.HAL_TIM_IC_CaptureCallback  stm32f1xx_hal_tim.o
    0x0800278e   0x0800278e   0x00000196   Code   RO         2436    i.HAL_TIM_IRQHandler  stm32f1xx_hal_tim.o
    0x08002924   0x08002924   0x000000ac   Code   RO          305    i.HAL_TIM_MspPostInit  tim.o
    0x080029d0   0x080029d0   0x00000002   Code   RO         2439    i.HAL_TIM_OC_DelayElapsedCallback  stm32f1xx_hal_tim.o
    0x080029d2   0x080029d2   0x00000104   Code   RO         2460    i.HAL_TIM_PWM_ConfigChannel  stm32f1xx_hal_tim.o
    0x08002ad6   0x08002ad6   0x00000066   Code   RO         2463    i.HAL_TIM_PWM_Init  stm32f1xx_hal_tim.o
    0x08002b3c   0x08002b3c   0x00000002   Code   RO         2465    i.HAL_TIM_PWM_MspInit  stm32f1xx_hal_tim.o
    0x08002b3e   0x08002b3e   0x00000002   Code   RO         2466    i.HAL_TIM_PWM_PulseFinishedCallback  stm32f1xx_hal_tim.o
    0x08002b40   0x08002b40   0x00000018   Code   RO         4036    i.HAL_TIM_PeriodElapsedCallback  usertimer.o
    0x08002b58   0x08002b58   0x00000002   Code   RO         2479    i.HAL_TIM_TriggerCallback  stm32f1xx_hal_tim.o
    0x08002b5a   0x08002b5a   0x00000002   Code   RO         3382    i.HAL_UARTEx_RxEventCallback  stm32f1xx_hal_uart.o
    0x08002b5c   0x08002b5c   0x00000002   Code   RO         3396    i.HAL_UART_ErrorCallback  stm32f1xx_hal_uart.o
    0x08002b5e   0x08002b5e   0x00000002   PAD
    0x08002b60   0x08002b60   0x000002e4   Code   RO         3399    i.HAL_UART_IRQHandler  stm32f1xx_hal_uart.o
    0x08002e44   0x08002e44   0x00000076   Code   RO         3400    i.HAL_UART_Init     stm32f1xx_hal_uart.o
    0x08002eba   0x08002eba   0x00000002   PAD
    0x08002ebc   0x08002ebc   0x000002a8   Code   RO          370    i.HAL_UART_MspInit  usart.o
    0x08003164   0x08003164   0x0000002c   Code   RO         3405    i.HAL_UART_Receive_IT  stm32f1xx_hal_uart.o
    0x08003190   0x08003190   0x00000084   Code   RO         3964    i.HAL_UART_RxCpltCallback  useruart.o
    0x08003214   0x08003214   0x000000b2   Code   RO         3408    i.HAL_UART_Transmit  stm32f1xx_hal_uart.o
    0x080032c6   0x080032c6   0x00000002   Code   RO         3411    i.HAL_UART_TxCpltCallback  stm32f1xx_hal_uart.o
    0x080032c8   0x080032c8   0x00000004   Code   RO          439    i.HardFault_Handler  stm32f1xx_it.o
    0x080032cc   0x080032cc   0x0000008c   Code   RO          197    i.MX_ADC1_Init      adc.o
    0x08003358   0x08003358   0x00000034   Code   RO          237    i.MX_DMA_Init       dma.o
    0x0800338c   0x0800338c   0x000000e4   Code   RO          171    i.MX_GPIO_Init      gpio.o
    0x08003470   0x08003470   0x0000003c   Code   RO          263    i.MX_I2C1_Init      i2c.o
    0x080034ac   0x080034ac   0x000000d8   Code   RO          306    i.MX_TIM1_Init      tim.o
    0x08003584   0x08003584   0x000000a4   Code   RO          307    i.MX_TIM2_Init      tim.o
    0x08003628   0x08003628   0x00000070   Code   RO          308    i.MX_TIM3_Init      tim.o
    0x08003698   0x08003698   0x0000004c   Code   RO          309    i.MX_TIM7_Init      tim.o
    0x080036e4   0x080036e4   0x00000038   Code   RO          371    i.MX_UART4_Init     usart.o
    0x0800371c   0x0800371c   0x00000038   Code   RO          372    i.MX_UART5_Init     usart.o
    0x08003754   0x08003754   0x00000038   Code   RO          373    i.MX_USART1_UART_Init  usart.o
    0x0800378c   0x0800378c   0x00000038   Code   RO          374    i.MX_USART2_UART_Init  usart.o
    0x080037c4   0x080037c4   0x00000038   Code   RO          375    i.MX_USART3_UART_Init  usart.o
    0x080037fc   0x080037fc   0x00000004   Code   RO          440    i.MemManage_Handler  stm32f1xx_it.o
    0x08003800   0x08003800   0x00000004   Code   RO          441    i.NMI_Handler       stm32f1xx_it.o
    0x08003804   0x08003804   0x00000002   Code   RO          442    i.PendSV_Handler    stm32f1xx_it.o
    0x08003806   0x08003806   0x00000002   PAD
    0x08003808   0x08003808   0x00000028   Code   RO         1089    i.RCC_Delay         stm32f1xx_hal_rcc.o
    0x08003830   0x08003830   0x00000002   Code   RO          443    i.SVC_Handler       stm32f1xx_it.o
    0x08003832   0x08003832   0x00000008   Code   RO          444    i.SysTick_Handler   stm32f1xx_it.o
    0x0800383a   0x0800383a   0x00000082   Code   RO           14    i.SystemClock_Config  main.o
    0x080038bc   0x080038bc   0x00000002   Code   RO         3744    i.SystemInit        system_stm32f1xx.o
    0x080038be   0x080038be   0x00000002   PAD
    0x080038c0   0x080038c0   0x00000010   Code   RO          445    i.TIM3_IRQHandler   stm32f1xx_it.o
    0x080038d0   0x080038d0   0x00000010   Code   RO          446    i.TIM7_IRQHandler   stm32f1xx_it.o
    0x080038e0   0x080038e0   0x0000009c   Code   RO         2481    i.TIM_Base_SetConfig  stm32f1xx_hal_tim.o
    0x0800397c   0x0800397c   0x00000016   Code   RO         2492    i.TIM_ETR_SetConfig  stm32f1xx_hal_tim.o
    0x08003992   0x08003992   0x00000012   Code   RO         2493    i.TIM_ITRx_SetConfig  stm32f1xx_hal_tim.o
    0x080039a4   0x080039a4   0x00000070   Code   RO         2494    i.TIM_OC1_SetConfig  stm32f1xx_hal_tim.o
    0x08003a14   0x08003a14   0x0000007c   Code   RO         2495    i.TIM_OC2_SetConfig  stm32f1xx_hal_tim.o
    0x08003a90   0x08003a90   0x00000078   Code   RO         2496    i.TIM_OC3_SetConfig  stm32f1xx_hal_tim.o
    0x08003b08   0x08003b08   0x00000054   Code   RO         2497    i.TIM_OC4_SetConfig  stm32f1xx_hal_tim.o
    0x08003b5c   0x08003b5c   0x00000026   Code   RO         2499    i.TIM_TI1_ConfigInputStage  stm32f1xx_hal_tim.o
    0x08003b82   0x08003b82   0x00000028   Code   RO         2501    i.TIM_TI2_ConfigInputStage  stm32f1xx_hal_tim.o
    0x08003baa   0x08003baa   0x00000002   PAD
    0x08003bac   0x08003bac   0x00000010   Code   RO          447    i.UART4_IRQHandler  stm32f1xx_it.o
    0x08003bbc   0x08003bbc   0x00000010   Code   RO          448    i.UART5_IRQHandler  stm32f1xx_it.o
    0x08003bcc   0x08003bcc   0x00000014   Code   RO         3413    i.UART_DMAAbortOnError  stm32f1xx_hal_uart.o
    0x08003be0   0x08003be0   0x0000006c   Code   RO         3423    i.UART_EndRxTransfer  stm32f1xx_hal_uart.o
    0x08003c4c   0x08003c4c   0x00000020   Code   RO         3424    i.UART_EndTransmit_IT  stm32f1xx_hal_uart.o
    0x08003c6c   0x08003c6c   0x000000fc   Code   RO         3426    i.UART_Receive_IT   stm32f1xx_hal_uart.o
    0x08003d68   0x08003d68   0x000000fc   Code   RO         3427    i.UART_SetConfig    stm32f1xx_hal_uart.o
    0x08003e64   0x08003e64   0x00000040   Code   RO         3429    i.UART_Start_Receive_IT  stm32f1xx_hal_uart.o
    0x08003ea4   0x08003ea4   0x00000060   Code   RO         3430    i.UART_Transmit_IT  stm32f1xx_hal_uart.o
    0x08003f04   0x08003f04   0x00000092   Code   RO         3431    i.UART_WaitOnFlagUntilTimeout  stm32f1xx_hal_uart.o
    0x08003f96   0x08003f96   0x00000002   PAD
    0x08003f98   0x08003f98   0x00000010   Code   RO          449    i.USART1_IRQHandler  stm32f1xx_it.o
    0x08003fa8   0x08003fa8   0x00000010   Code   RO          450    i.USART2_IRQHandler  stm32f1xx_it.o
    0x08003fb8   0x08003fb8   0x00000010   Code   RO          451    i.USART3_IRQHandler  stm32f1xx_it.o
    0x08003fc8   0x08003fc8   0x00000004   Code   RO          452    i.UsageFault_Handler  stm32f1xx_it.o
    0x08003fcc   0x08003fcc   0x00000020   Code   RO         4852    i.__0printf         mc_w.l(printfa.o)
    0x08003fec   0x08003fec   0x00000010   Code   RO         1396    i.__NVIC_GetPriorityGrouping  stm32f1xx_hal_cortex.o
    0x08003ffc   0x08003ffc   0x00000028   Code   RO         1397    i.__NVIC_SetPriority  stm32f1xx_hal_cortex.o
    0x08004024   0x08004024   0x0000000e   Code   RO         4940    i.__scatterload_copy  mc_w.l(handlers.o)
    0x08004032   0x08004032   0x00000002   Code   RO         4941    i.__scatterload_null  mc_w.l(handlers.o)
    0x08004034   0x08004034   0x0000000e   Code   RO         4942    i.__scatterload_zeroinit  mc_w.l(handlers.o)
    0x08004042   0x08004042   0x00000002   PAD
    0x08004044   0x08004044   0x00000184   Code   RO         4859    i._fp_digits        mc_w.l(printfa.o)
    0x080041c8   0x080041c8   0x000006dc   Code   RO         4860    i._printf_core      mc_w.l(printfa.o)
    0x080048a4   0x080048a4   0x00000024   Code   RO         4861    i._printf_post_padding  mc_w.l(printfa.o)
    0x080048c8   0x080048c8   0x0000002e   Code   RO         4862    i._printf_pre_padding  mc_w.l(printfa.o)
    0x080048f6   0x080048f6   0x00000002   PAD
    0x080048f8   0x080048f8   0x00000088   Code   RO         4335    i.calculate_adc_average  useradc.o
    0x08004980   0x08004980   0x0000004c   Code   RO         3965    i.clear_uart_data   useruart.o
    0x080049cc   0x080049cc   0x00000030   Code   RO         4581    i.enable_esp8266    esp8266.o
    0x080049fc   0x080049fc   0x00000014   Code   RO         4038    i.enable_timer_it   usertimer.o
    0x08004a10   0x08004a10   0x000000a0   Code   RO         3966    i.enable_uart_receive_it  useruart.o
    0x08004ab0   0x08004ab0   0x00000040   Code   RO         4582    i.esp8266_pass_through  esp8266.o
    0x08004af0   0x08004af0   0x0000001c   Code   RO         3967    i.fputc             useruart.o
    0x08004b0c   0x08004b0c   0x00000030   Code   RO         4339    i.get_lux           useradc.o
    0x08004b3c   0x08004b3c   0x00000054   Code   RO         4340    i.get_photo_res     useradc.o
    0x08004b90   0x08004b90   0x00000058   Code   RO         3968    i.get_uart_number   useruart.o
    0x08004be8   0x08004be8   0x000000a0   Code   RO         3969    i.get_uart_state_period  useruart.o
    0x08004c88   0x08004c88   0x00000048   Code   RO           15    i.main              main.o
    0x08004cd0   0x08004cd0   0x00000048   Code   RO         3971    i.test_uart_postman  useruart.o
    0x08004d18   0x08004d18   0x00000034   Code   RO         3859    i.user_init         usertask.o
    0x08004d4c   0x08004d4c   0x00000008   Code   RO         3860    i.user_period_task  usertask.o
    0x08004d54   0x08004d54   0x00000008   Code   RO         3861    i.user_task         usertask.o
    0x08004d5c   0x08004d5c   0x00000012   Data   RO         1090    .constdata          stm32f1xx_hal_rcc.o
    0x08004d6e   0x08004d6e   0x00000018   Data   RO         3745    .constdata          system_stm32f1xx.o
    0x08004d86   0x08004d86   0x00000464   Data   RO         4345    .constdata          useradc.o
    0x080051ea   0x080051ea   0x00000002   PAD
    0x080051ec   0x080051ec   0x00000020   Data   RO         4938    Region$$Table       anon$$obj.o


    Execution Region RW_IRAM1 (Exec base: 0x20000000, Load base: 0x0800520c, Size: 0x00001850, Max: 0x0000c000, ABSOLUTE)

    Exec Addr    Load Addr    Size         Type   Attr      Idx    E Section Name        Object

    0x20000000   0x0800520c   0x00000009   Data   RW          926    .data               stm32f1xx_hal.o
    0x20000009   0x08005215   0x00000003   PAD
    0x2000000c   0x08005218   0x00000004   Data   RW         3746    .data               system_stm32f1xx.o
    0x20000010   0x0800521c   0x0000000c   Data   RW         4346    .data               useradc.o
    0x2000001c   0x08005228   0x00000004   Data   RW         4918    .data               mc_w.l(stdout.o)
    0x20000020        -       0x00000074   Zero   RW          198    .bss                adc.o
    0x20000094        -       0x00000054   Zero   RW          264    .bss                i2c.o
    0x200000e8        -       0x00000120   Zero   RW          310    .bss                tim.o
    0x20000208        -       0x00000168   Zero   RW          376    .bss                usart.o
    0x20000370        -       0x00000c30   Zero   RW         3972    .bss                useruart.o
    0x20000fa0        -       0x000004b0   Zero   RW         4344    .bss                useradc.o
    0x20001450        -       0x00000400   Zero   RW            1    STACK               startup_stm32f103xe.o


==============================================================================

Image component sizes


      Code (inc. data)   RO Data    RW Data    ZI Data      Debug   Object Name

       328         30          0          0        116       2031   adc.o
        52          4          0          0          0        862   dma.o
       112         26          0          0          0       1052   esp8266.o
       228         18          0          0          0       1087   gpio.o
       176         24          0          0         84       1845   i2c.o
       208          0          0          0          0     519968   main.o
        36          8        304          0       1024        844   startup_stm32f103xe.o
       192         36          0          9          0       6973   stm32f1xx_hal.o
      1178         26          0          0          0       5671   stm32f1xx_hal_adc.o
         2          0          0          0          0       1201   stm32f1xx_hal_adc_ex.o
       304         22          0          0          0      29827   stm32f1xx_hal_cortex.o
      1570         28          0          0          0       4031   stm32f1xx_hal_dma.o
       844         40          0          0          0       2868   stm32f1xx_hal_gpio.o
       464         18          0          0          0       2247   stm32f1xx_hal_i2c.o
        84          8          0          0          0       1010   stm32f1xx_hal_msp.o
      1748         98         18          0          0       6444   stm32f1xx_hal_rcc.o
       304         14          0          0          0       1516   stm32f1xx_hal_rcc_ex.o
      2006         80          0          0          0      15448   stm32f1xx_hal_tim.o
       276         22          0          0          0       3521   stm32f1xx_hal_tim_ex.o
      2056          8          0          0          0      12984   stm32f1xx_hal_uart.o
       178         54          0          0          0       9159   stm32f1xx_it.o
         2          0         24          4          0       1299   system_stm32f1xx.o
       940         72          0          0        288       5003   tim.o
       960         90          0          0        360       4706   usart.o
       304         48       1124         12       1200       3659   useradc.o
         0          0          0          0          0       1240   userio.o
        68         32          0          0          0       1507   usertask.o
        44          4          0          0          0       1498   usertimer.o
       716        112          0          0       3120       5854   useruart.o

    ----------------------------------------------------------------------
     15400        922       1504         28       6192     655355   Object Totals
         0          0         32          0          0          0   (incl. Generated)
        20          0          2          3          0          0   (incl. Padding)

    ----------------------------------------------------------------------

      Code (inc. data)   RO Data    RW Data    ZI Data      Debug   Library Member Name

         0          0          0          0          0          0   entry.o
         0          0          0          0          0          0   entry10a.o
         0          0          0          0          0          0   entry11a.o
         8          4          0          0          0          0   entry2.o
         4          0          0          0          0          0   entry5.o
         0          0          0          0          0          0   entry7b.o
         0          0          0          0          0          0   entry8b.o
         8          4          0          0          0          0   entry9a.o
        30          0          0          0          0          0   handlers.o
        36          8          0          0          0         68   init.o
         0          0          0          0          0          0   iusefp.o
        30          0          0          0          0         68   llshl.o
        36          0          0          0          0         68   llsshr.o
        32          0          0          0          0         68   llushr.o
        36          0          0          0          0        108   memseta.o
      2258         90          0          0          0        452   printfa.o
         0          0          0          4          0          0   stdout.o
        44          0          0          0          0         80   uidiv.o
        98          0          0          0          0         92   uldiv.o
        48          0          0          0          0         68   cdrcmple.o
        56          0          0          0          0         88   d2f.o
       334          0          0          0          0        148   dadd.o
       222          0          0          0          0        100   ddiv.o
       186          0          0          0          0        176   depilogue.o
        48          0          0          0          0         68   dfixul.o
        26          0          0          0          0         76   dfltui.o
       228          0          0          0          0         96   dmul.o
       176          0          0          0          0        140   fadd.o
       110          0          0          0          0        168   fepilogue.o
        40          0          0          0          0         68   ffixui.o

    ----------------------------------------------------------------------
      4100        106          0          4          0       2200   Library Totals
         6          0          0          0          0          0   (incl. Padding)

    ----------------------------------------------------------------------

      Code (inc. data)   RO Data    RW Data    ZI Data      Debug   Library Name

      2620        106          0          4          0       1004   mc_w.l
      1474          0          0          0          0       1196   mf_w.l

    ----------------------------------------------------------------------
      4100        106          0          4          0       2200   Library Totals

    ----------------------------------------------------------------------

==============================================================================


      Code (inc. data)   RO Data    RW Data    ZI Data      Debug   

     19500       1028       1504         32       6192     650011   Grand Totals
     19500       1028       1504         32       6192     650011   ELF Image Totals
     19500       1028       1504         32          0          0   ROM Totals

==============================================================================

    Total RO  Size (Code + RO Data)                21004 (  20.51kB)
    Total RW  Size (RW Data + ZI Data)              6224 (   6.08kB)
    Total ROM Size (Code + RO Data + RW Data)      21036 (  20.54kB)

==============================================================================

