Component: ARM Compiler 5.06 update 6 (build 750) Tool: armlink [4d35ed]

==============================================================================

Section Cross References

    startup_stm32f103xe.o(RESET) refers to startup_stm32f103xe.o(STACK) for __initial_sp
    startup_stm32f103xe.o(RESET) refers to startup_stm32f103xe.o(.text) for Reset_Handler
    startup_stm32f103xe.o(RESET) refers to stm32f1xx_it.o(i.NMI_Handler) for NMI_Handler
    startup_stm32f103xe.o(RESET) refers to stm32f1xx_it.o(i.HardFault_Handler) for HardFault_Handler
    startup_stm32f103xe.o(RESET) refers to stm32f1xx_it.o(i.MemManage_Handler) for MemManage_Handler
    startup_stm32f103xe.o(RESET) refers to stm32f1xx_it.o(i.BusFault_Handler) for BusFault_Handler
    startup_stm32f103xe.o(RESET) refers to stm32f1xx_it.o(i.UsageFault_Handler) for UsageFault_Handler
    startup_stm32f103xe.o(RESET) refers to stm32f1xx_it.o(i.SVC_Handler) for SVC_Handler
    startup_stm32f103xe.o(RESET) refers to stm32f1xx_it.o(i.DebugMon_Handler) for DebugMon_Handler
    startup_stm32f103xe.o(RESET) refers to stm32f1xx_it.o(i.PendSV_Handler) for PendSV_Handler
    startup_stm32f103xe.o(RESET) refers to stm32f1xx_it.o(i.SysTick_Handler) for SysTick_Handler
    startup_stm32f103xe.o(RESET) refers to stm32f1xx_it.o(i.DMA1_Channel1_IRQHandler) for DMA1_Channel1_IRQHandler
    startup_stm32f103xe.o(RESET) refers to stm32f1xx_it.o(i.ADC1_2_IRQHandler) for ADC1_2_IRQHandler
    startup_stm32f103xe.o(RESET) refers to stm32f1xx_it.o(i.TIM3_IRQHandler) for TIM3_IRQHandler
    startup_stm32f103xe.o(RESET) refers to stm32f1xx_it.o(i.USART1_IRQHandler) for USART1_IRQHandler
    startup_stm32f103xe.o(RESET) refers to stm32f1xx_it.o(i.USART2_IRQHandler) for USART2_IRQHandler
    startup_stm32f103xe.o(RESET) refers to stm32f1xx_it.o(i.USART3_IRQHandler) for USART3_IRQHandler
    startup_stm32f103xe.o(RESET) refers to stm32f1xx_it.o(i.UART4_IRQHandler) for UART4_IRQHandler
    startup_stm32f103xe.o(RESET) refers to stm32f1xx_it.o(i.UART5_IRQHandler) for UART5_IRQHandler
    startup_stm32f103xe.o(RESET) refers to stm32f1xx_it.o(i.TIM7_IRQHandler) for TIM7_IRQHandler
    startup_stm32f103xe.o(.text) refers to system_stm32f1xx.o(i.SystemInit) for SystemInit
    startup_stm32f103xe.o(.text) refers to entry.o(.ARM.Collect$$$$00000000) for __main
    main.o(i.SystemClock_Config) refers to memseta.o(.text) for __aeabi_memclr4
    main.o(i.SystemClock_Config) refers to stm32f1xx_hal_rcc.o(i.HAL_RCC_OscConfig) for HAL_RCC_OscConfig
    main.o(i.SystemClock_Config) refers to main.o(i.Error_Handler) for Error_Handler
    main.o(i.SystemClock_Config) refers to stm32f1xx_hal_rcc.o(i.HAL_RCC_ClockConfig) for HAL_RCC_ClockConfig
    main.o(i.SystemClock_Config) refers to stm32f1xx_hal_rcc_ex.o(i.HAL_RCCEx_PeriphCLKConfig) for HAL_RCCEx_PeriphCLKConfig
    main.o(i.main) refers to stm32f1xx_hal.o(i.HAL_Init) for HAL_Init
    main.o(i.main) refers to main.o(i.SystemClock_Config) for SystemClock_Config
    main.o(i.main) refers to gpio.o(i.MX_GPIO_Init) for MX_GPIO_Init
    main.o(i.main) refers to dma.o(i.MX_DMA_Init) for MX_DMA_Init
    main.o(i.main) refers to usart.o(i.MX_USART1_UART_Init) for MX_USART1_UART_Init
    main.o(i.main) refers to tim.o(i.MX_TIM3_Init) for MX_TIM3_Init
    main.o(i.main) refers to tim.o(i.MX_TIM2_Init) for MX_TIM2_Init
    main.o(i.main) refers to tim.o(i.MX_TIM7_Init) for MX_TIM7_Init
    main.o(i.main) refers to usart.o(i.MX_USART2_UART_Init) for MX_USART2_UART_Init
    main.o(i.main) refers to usart.o(i.MX_UART4_Init) for MX_UART4_Init
    main.o(i.main) refers to usart.o(i.MX_UART5_Init) for MX_UART5_Init
    main.o(i.main) refers to usart.o(i.MX_USART3_UART_Init) for MX_USART3_UART_Init
    main.o(i.main) refers to i2c.o(i.MX_I2C1_Init) for MX_I2C1_Init
    main.o(i.main) refers to tim.o(i.MX_TIM1_Init) for MX_TIM1_Init
    main.o(i.main) refers to adc.o(i.MX_ADC1_Init) for MX_ADC1_Init
    main.o(i.main) refers to usertask.o(i.user_init) for user_init
    main.o(i.main) refers to usertask.o(i.user_task) for user_task
    gpio.o(i.MX_GPIO_Init) refers to stm32f1xx_hal_gpio.o(i.HAL_GPIO_WritePin) for HAL_GPIO_WritePin
    gpio.o(i.MX_GPIO_Init) refers to stm32f1xx_hal_gpio.o(i.HAL_GPIO_Init) for HAL_GPIO_Init
    adc.o(i.HAL_ADC_MspDeInit) refers to stm32f1xx_hal_gpio.o(i.HAL_GPIO_DeInit) for HAL_GPIO_DeInit
    adc.o(i.HAL_ADC_MspDeInit) refers to stm32f1xx_hal_dma.o(i.HAL_DMA_DeInit) for HAL_DMA_DeInit
    adc.o(i.HAL_ADC_MspDeInit) refers to stm32f1xx_hal_cortex.o(i.HAL_NVIC_DisableIRQ) for HAL_NVIC_DisableIRQ
    adc.o(i.HAL_ADC_MspInit) refers to stm32f1xx_hal_gpio.o(i.HAL_GPIO_Init) for HAL_GPIO_Init
    adc.o(i.HAL_ADC_MspInit) refers to stm32f1xx_hal_dma.o(i.HAL_DMA_Init) for HAL_DMA_Init
    adc.o(i.HAL_ADC_MspInit) refers to main.o(i.Error_Handler) for Error_Handler
    adc.o(i.HAL_ADC_MspInit) refers to stm32f1xx_hal_cortex.o(i.HAL_NVIC_SetPriority) for HAL_NVIC_SetPriority
[...]
    i.extract_value                          0x080065cc   Section        0  esp8266.o(i.extract_value)
    i.fputc                                  0x080066e4   Section        0  useruart.o(i.fputc)
    i.get_adc_dma_period                     0x08006700   Section        0  useradc.o(i.get_adc_dma_period)
    i.get_aht21_data                         0x0800671c   Section        0  aht21.o(i.get_aht21_data)
    i.get_aht21_data_period                  0x08006728   Section        0  aht21.o(i.get_aht21_data_period)
    i.get_aht21_state                        0x08006754   Section        0  aht21.o(i.get_aht21_state)
    i.get_key_state_period                   0x080068dc   Section        0  userio.o(i.get_key_state_period)
    i.get_lux                                0x08006a2c   Section        0  useradc.o(i.get_lux)
    i.get_music_struct                       0x08006a5c   Section        0  beep.o(i.get_music_struct)
    i.get_photo_res                          0x08006ab0   Section        0  useradc.o(i.get_photo_res)
    i.get_pwm_led                            0x08006b04   Section        0  usertimer.o(i.get_pwm_led)
    i.get_uart_number                        0x08006b14   Section        0  useruart.o(i.get_uart_number)
    i.get_uart_state_period                  0x08006b6c   Section        0  useruart.o(i.get_uart_state_period)
    i.get_uid_low32                          0x08006c0c   Section        0  esp8266.o(i.get_uid_low32)
    i.get_wirelessenv_period                 0x08006c18   Section        0  wirelessenv.o(i.get_wirelessenv_period)
    i.main                                   0x08006c58   Section        0  main.o(i.main)
    i.num_to_pinyin                          0x08006ca0   Section        0  wirelessenv.o(i.num_to_pinyin)
    i.oled_clear                             0x08006cbc   Section        0  oled.o(i.oled_clear)
    i.oled_init                              0x08006cf4   Section        0  oled.o(i.oled_init)
    i.oled_set_pos                           0x08006e14   Section        0  oled.o(i.oled_set_pos)
    i.oled_show_image                        0x08006e38   Section        0  oled.o(i.oled_show_image)
    i.oled_write_command                     0x08006f3c   Section        0  oled.o(i.oled_write_command)
    i.oled_write_data                        0x08006f6c   Section        0  oled.o(i.oled_write_data)
    i.play_a_note                            0x08006f9c   Section        0  beep.o(i.play_a_note)
    i.send_and_wait_ok                       0x08006fec   Section        0  esp8266.o(i.send_and_wait_ok)
    i.send_esp8266_at                        0x08007084   Section        0  esp8266.o(i.send_esp8266_at)
    send_esp8266_at                          0x08007085   Thumb Code    46  esp8266.o(i.send_esp8266_at)
    i.send_esp8266_data                      0x080070d8   Section        0  esp8266.o(i.send_esp8266_data)
    i.set_esp8266_sta_client                 0x08007160   Section        0  esp8266.o(i.set_esp8266_sta_client)
    i.set_esp8266_state_period               0x080072d8   Section        0  esp8266.o(i.set_esp8266_state_period)
    i.set_pwm_led                            0x080074ec   Section        0  usertimer.o(i.set_pwm_led)
    i.speach_control_handler                 0x0800752c   Section        0  wirelessenv.o(i.speach_control_handler)
    i.speach_report_handler                  0x0800757c   Section        0  wirelessenv.o(i.speach_report_handler)
    i.speach_report_period                   0x08007734   Section        0  wirelessenv.o(i.speach_report_period)
    i.start_adc_dma                          0x08007800   Section        0  useradc.o(i.start_adc_dma)
    i.user_init                              0x08007818   Section        0  usertask.o(i.user_init)
    i.user_period_task                       0x08007820   Section        0  usertask.o(i.user_period_task)
    i.user_task                              0x08007828   Section        0  usertask.o(i.user_task)
    i.wait_softap_block                      0x08007830   Section        0  esp8266.o(i.wait_softap_block)
    i.wirelessenv_control                    0x08007940   Section        0  wirelessenv.o(i.wirelessenv_control)
    i.wirelessenv_init                       0x08007b84   Section        0  wirelessenv.o(i.wirelessenv_init)
    i.wirelessenv_key_handler                0x08007bf0   Section        0  wirelessenv.o(i.wirelessenv_key_handler)
    i.wirelessenv_task                       0x08007dc0   Section        0  wirelessenv.o(i.wirelessenv_task)
    i.wirelessenv_task_period                0x08007ea4   Section        0  wirelessenv.o(i.wirelessenv_task_period)
    i.wirelessenv_uart_handler               0x08007ef8   Section        0  wirelessenv.o(i.wirelessenv_uart_handler)
    .constdata                               0x08007ff0   Section       18  stm32f1xx_hal_rcc.o(.constdata)
    aPLLMULFactorTable                       0x08007ff0   Data          16  stm32f1xx_hal_rcc.o(.constdata)
    aPredivFactorTable                       0x08008000   Data           2  stm32f1xx_hal_rcc.o(.constdata)
    .constdata                               0x08008002   Section       18  stm32f1xx_hal_rcc_ex.o(.constdata)
    aPLLMULFactorTable                       0x08008002   Data          16  stm32f1xx_hal_rcc_ex.o(.constdata)
    aPredivFactorTable                       0x08008012   Data           2  stm32f1xx_hal_rcc_ex.o(.constdata)
    .constdata                               0x08008014   Section       24  system_stm32f1xx.o(.constdata)
    .constdata                               0x0800802c   Section     5242  oled.o(.constdata)
    .constdata                               0x080094a6   Section     2460  beep.o(.constdata)
    .constdata                               0x08009e42   Section     1124  useradc.o(.constdata)
    .conststring                             0x0800a2a8   Section      215  wirelessenv.o(.conststring)
    .data                                    0x20000000   Section        9  stm32f1xx_hal.o(.data)
    .data                                    0x2000000c   Section        4  system_stm32f1xx.o(.data)
    .data                                    0x20000010   Section        8  userio.o(.data)
    key_up                                   0x20000014   Data           1  userio.o(.data)
    key_state_1                              0x20000015   Data           1  userio.o(.data)
    key_state_2                              0x20000016   Data           1  userio.o(.data)
    key_state_3                              0x20000017   Data           1  userio.o(.data)
    .data                                    0x20000018   Section       54  oled.o(.data)
    cnt                                      0x2000004d   Data           1  oled.o(.data)
    .data                                    0x20000050   Section       14  beep.o(.data)
    time_passed                              0x2000005c   Data           2  beep.o(.data)
    .data                                    0x2000005e   Section       12  useradc.o(.data)
    .data                                    0x2000006c   Section       23  aht21.o(.data)
    count                                    0x20000082   Data           1  aht21.o(.data)
    .data                                    0x20000084   Section       48  esp8266.o(.data)
    wait_time                                0x200000ac   Data           4  esp8266.o(.data)
    error_cnt                                0x200000b0   Data           4  esp8266.o(.data)
    .data                                    0x200000b4   Section       52  wirelessenv.o(.data)
    cnt                                      0x200000e0   Data           2  wirelessenv.o(.data)
    index                                    0x200000e2   Data           2  wirelessenv.o(.data)
    temp                                     0x200000e4   Data           2  wirelessenv.o(.data)
    cnt                                      0x200000e6   Data           2  wirelessenv.o(.data)
    .data                                    0x200000e8   Section        4  strtok.o(.data)
    state                                    0x200000e8   Data           4  strtok.o(.data)
    .data                                    0x200000ec   Section        4  stdout.o(.data)
    .bss                                     0x200000f0   Section      116  adc.o(.bss)
    .bss                                     0x20000164   Section       84  i2c.o(.bss)
    .bss                                     0x200001b8   Section      288  tim.o(.bss)
    .bss                                     0x200002d8   Section      360  usart.o(.bss)
    .bss                                     0x20000440   Section     3120  useruart.o(.bss)
    .bss                                     0x20001070   Section     1200  useradc.o(.bss)
    .bss                                     0x20001520   Section      584  esp8266.o(.bss)
    ssid_buf                                 0x200016e8   Data          64  esp8266.o(.bss)
    tcp_buf                                  0x20001728   Data          64  esp8266.o(.bss)
    .bss                                     0x20001768   Section      100  wirelessenv.o(.bss)
    STACK                                    0x200017d0   Section     1024  startup_stm32f103xe.o(STACK)

    Global Symbols

    Symbol Name                              Value     Ov Type        Size  Object(Section)

    BuildAttributes$$THM_ISAv4$P$D$K$B$S$PE$A:L22UL41UL21$X:L11$S22US41US21$IEEE1$IW$USESV6$~STKCKD$USESV7$~SHL$OTIME$ROPI$EBA8$MICROLIB$REQ8$PRES8$EABIv2 0x00000000   Number         0  anon$$obj.o ABSOLUTE
    __ARM_use_no_argv                        0x00000000   Number         0  main.o ABSOLUTE
    _printf_a                                0x00000000   Number         0  stubs.o ABSOLUTE
    _printf_c                                0x00000000   Number         0  stubs.o ABSOLUTE
    _printf_charcount                        0x00000000   Number         0  stubs.o ABSOLUTE
    _printf_d                                0x00000000   Number         0  stubs.o ABSOLUTE
    _printf_e                                0x00000000   Number         0  stubs.o ABSOLUTE
    _printf_f                                0x00000000   Number         0  stubs.o ABSOLUTE
    _printf_flags                            0x00000000   Number         0  stubs.o ABSOLUTE
    _printf_fp_dec                           0x00000000   Number         0  stubs.o ABSOLUTE
    _printf_fp_hex                           0x00000000   Number         0  stubs.o ABSOLUTE
    _printf_g                                0x00000000   Number         0  stubs.o ABSOLUTE
    _printf_i                                0x00000000   Number         0  stubs.o ABSOLUTE
    _printf_int_dec                          0x00000000   Number         0  stubs.o ABSOLUTE
    _printf_l                                0x00000000   Number         0  stubs.o ABSOLUTE
    _printf_lc                               0x00000000   Number         0  stubs.o ABSOLUTE
    _printf_ll                               0x00000000   Number         0  stubs.o ABSOLUTE
    _printf_lld                              0x00000000   Number         0  stubs.o ABSOLUTE
    _printf_lli                              0x00000000   Number         0  stubs.o ABSOLUTE
    _printf_llo                              0x00000000   Number         0  stubs.o ABSOLUTE
    _printf_llu                              0x00000000   Number         0  stubs.o ABSOLUTE
    _printf_llx                              0x00000000   Number         0  stubs.o ABSOLUTE
    _printf_longlong_dec                     0x00000000   Number         0  stubs.o ABSOLUTE
    _printf_longlong_hex                     0x00000000   Number         0  stubs.o ABSOLUTE
    _printf_longlong_oct                     0x00000000   Number         0  stubs.o ABSOLUTE
    _printf_ls                               0x00000000   Number         0  stubs.o ABSOLUTE
    _printf_mbtowc                           0x00000000   Number         0  stubs.o ABSOLUTE
    _printf_n                                0x00000000   Number         0  stubs.o ABSOLUTE
    _printf_o                                0x00000000   Number         0  stubs.o ABSOLUTE
    _printf_p                                0x00000000   Number         0  stubs.o ABSOLUTE
    _printf_percent                          0x00000000   Number         0  stubs.o ABSOLUTE
    _printf_pre_padding                      0x00000000   Number         0  stubs.o ABSOLUTE
    _printf_return_value                     0x00000000   Number         0  stubs.o ABSOLUTE
    _printf_s                                0x00000000   Number         0  stubs.o ABSOLUTE
    _printf_sizespec                         0x00000000   Number         0  stubs.o ABSOLUTE
    _printf_str                              0x00000000   Number         0  stubs.o ABSOLUTE
    _printf_truncate_signed                  0x00000000   Number         0  stubs.o ABSOLUTE
    _printf_truncate_unsigned                0x00000000   Number         0  stubs.o ABSOLUTE
    _printf_u                                0x00000000   Number         0  stubs.o ABSOLUTE
    _printf_wc                               0x00000000   Number         0  stubs.o ABSOLUTE
    _printf_wctomb                           0x00000000   Number         0  stubs.o ABSOLUTE
    _printf_widthprec                        0x00000000   Number         0  stubs.o ABSOLUTE
    _printf_x                                0x00000000   Number         0  stubs.o ABSOLUTE
    __cpp_initialize__aeabi_                  - Undefined Weak Reference
    __cxa_finalize                            - Undefined Weak Reference
    __decompress                              - Undefined Weak Reference
    _clock_init                               - Undefined Weak Reference
    _microlib_exit                            - Undefined Weak Reference
    __Vectors_Size                           0x00000130   Number         0  startup_stm32f103xe.o ABSOLUTE
    __Vectors                                0x08000000   Data           4  startup_stm32f103xe.o(RESET)
    __Vectors_End                            0x08000130   Data           0  startup_stm32f103xe.o(RESET)
    __main                                   0x08000131   Thumb Code     0  entry.o(.ARM.Collect$$$$00000000)
    _main_stk                                0x08000131   Thumb Code     0  entry2.o(.ARM.Collect$$$$00000001)
    _main_scatterload                        0x08000135   Thumb Code     0  entry5.o(.ARM.Collect$$$$00000004)
    __main_after_scatterload                 0x08000139   Thumb Code     0  entry5.o(.ARM.Collect$$$$00000004)
    _main_clock                              0x08000139   Thumb Code     0  entry7b.o(.ARM.Collect$$$$00000008)
    _main_cpp_init                           0x08000139   Thumb Code     0  entry8b.o(.ARM.Collect$$$$0000000A)
    _main_init                               0x08000139   Thumb Code     0  entry9a.o(.ARM.Collect$$$$0000000B)
    __rt_final_cpp                           0x08000141   Thumb Code     0  entry10a.o(.ARM.Collect$$$$0000000D)
    __rt_final_exit                          0x08000141   Thumb Code     0  entry11a.o(.ARM.Collect$$$$0000000F)
    Reset_Handler                            0x08000145   Thumb Code     8  startup_stm32f103xe.o(.text)
    ADC3_IRQHandler                          0x0800015f   Thumb Code     0  startup_stm32f103xe.o(.text)
    CAN1_RX1_IRQHandler                      0x0800015f   Thumb Code     0  startup_stm32f103xe.o(.text)
    CAN1_SCE_IRQHandler                      0x0800015f   Thumb Code     0  startup_stm32f103xe.o(.text)
    DMA1_Channel2_IRQHandler                 0x0800015f   Thumb Code     0  startup_stm32f103xe.o(.text)
    DMA1_Channel3_IRQHandler                 0x0800015f   Thumb Code     0  startup_stm32f103xe.o(.text)
    DMA1_Channel4_IRQHandler                 0x0800015f   Thumb Code     0  startup_stm32f103xe.o(.text)
    DMA1_Channel5_IRQHandler                 0x0800015f   Thumb Code     0  startup_stm32f103xe.o(.text)
    DMA1_Channel6_IRQHandler                 0x0800015f   Thumb Code     0  startup_stm32f103xe.o(.text)
    DMA1_Channel7_IRQHandler                 0x0800015f   Thumb Code     0  startup_stm32f103xe.o(.text)
    DMA2_Channel1_IRQHandler                 0x0800015f   Thumb Code     0  startup_stm32f103xe.o(.text)
    DMA2_Channel2_IRQHandler                 0x0800015f   Thumb Code     0  startup_stm32f103xe.o(.text)
    DMA2_Channel3_IRQHandler                 0x0800015f   Thumb Code     0  startup_stm32f103xe.o(.text)
    DMA2_Channel4_5_IRQHandler               0x0800015f   Thumb Code     0  startup_stm32f103xe.o(.text)
    EXTI0_IRQHandler                         0x0800015f   Thumb Code     0  startup_stm32f103xe.o(.text)
    EXTI15_10_IRQHandler                     0x0800015f   Thumb Code     0  startup_stm32f103xe.o(.text)
    EXTI1_IRQHandler                         0x0800015f   Thumb Code     0  startup_stm32f103xe.o(.text)
    EXTI2_IRQHandler                         0x0800015f   Thumb Code     0  startup_stm32f103xe.o(.text)
    EXTI3_IRQHandler                         0x0800015f   Thumb Code     0  startup_stm32f103xe.o(.text)
    EXTI4_IRQHandler                         0x0800015f   Thumb Code     0  startup_stm32f103xe.o(.text)
    EXTI9_5_IRQHandler                       0x0800015f   Thumb Code     0  startup_stm32f103xe.o(.text)
    FLASH_IRQHandler                         0x0800015f   Thumb Code     0  startup_stm32f103xe.o(.text)
    FSMC_IRQHandler                          0x0800015f   Thumb Code     0  startup_stm32f103xe.o(.text)
    I2C1_ER_IRQHandler                       0x0800015f   Thumb Code     0  startup_stm32f103xe.o(.text)
    I2C1_EV_IRQHandler                       0x0800015f   Thumb Code     0  startup_stm32f103xe.o(.text)
    I2C2_ER_IRQHandler                       0x0800015f   Thumb Code     0  startup_stm32f103xe.o(.text)
    I2C2_EV_IRQHandler                       0x0800015f   Thumb Code     0  startup_stm32f103xe.o(.text)
    PVD_IRQHandler                           0x0800015f   Thumb Code     0  startup_stm32f103xe.o(.text)
    RCC_IRQHandler                           0x0800015f   Thumb Code     0  startup_stm32f103xe.o(.text)
    RTC_Alarm_IRQHandler                     0x0800015f   Thumb Code     0  startup_stm32f103xe.o(.text)
    RTC_IRQHandler                           0x0800015f   Thumb Code     0  startup_stm32f103xe.o(.text)
    SDIO_IRQHandler                          0x0800015f   Thumb Code     0  startup_stm32f103xe.o(.text)
    SPI1_IRQHandler                          0x0800015f   Thumb Code     0  startup_stm32f103xe.o(.text)
    SPI2_IRQHandler                          0x0800015f   Thumb Code     0  startup_stm32f103xe.o(.text)
    SPI3_IRQHandler                          0x0800015f   Thumb Code     0  startup_stm32f103xe.o(.text)
    TAMPER_IRQHandler                        0x0800015f   Thumb Code     0  startup_stm32f103xe.o(.text)
    TIM1_BRK_IRQHandler                      0x0800015f   Thumb Code     0  startup_stm32f103xe.o(.text)
    TIM1_CC_IRQHandler                       0x0800015f   Thumb Code     0  startup_stm32f103xe.o(.text)
    TIM1_TRG_COM_IRQHandler                  0x0800015f   Thumb Code     0  startup_stm32f103xe.o(.text)
    TIM1_UP_IRQHandler                       0x0800015f   Thumb Code     0  startup_stm32f103xe.o(.text)
    TIM2_IRQHandler                          0x0800015f   Thumb Code     0  startup_stm32f103xe.o(.text)
    TIM4_IRQHandler                          0x0800015f   Thumb Code     0  startup_stm32f103xe.o(.text)
    TIM5_IRQHandler                          0x0800015f   Thumb Code     0  startup_stm32f103xe.o(.text)
    TIM6_IRQHandler                          0x0800015f   Thumb Code     0  startup_stm32f103xe.o(.text)
    TIM8_BRK_IRQHandler                      0x0800015f   Thumb Code     0  startup_stm32f103xe.o(.text)
    TIM8_CC_IRQHandler                       0x0800015f   Thumb Code     0  startup_stm32f103xe.o(.text)
    TIM8_TRG_COM_IRQHandler                  0x0800015f   Thumb Code     0  startup_stm32f103xe.o(.text)
    TIM8_UP_IRQHandler                       0x0800015f   Thumb Code     0  startup_stm32f103xe.o(.text)
    USBWakeUp_IRQHandler                     0x0800015f   Thumb Code     0  startup_stm32f103xe.o(.text)
    USB_HP_CAN1_TX_IRQHandler                0x0800015f   Thumb Code     0  startup_stm32f103xe.o(.text)
    USB_LP_CAN1_RX0_IRQHandler               0x0800015f   Thumb Code     0  startup_stm32f103xe.o(.text)
    WWDG_IRQHandler                          0x0800015f   Thumb Code     0  startup_stm32f103xe.o(.text)
    __aeabi_llsr                             0x08000169   Thumb Code    32  llushr.o(.text)
    _ll_ushift_r                             0x08000169   Thumb Code     0  llushr.o(.text)
    __aeabi_memset                           0x08000189   Thumb Code    14  memseta.o(.text)
    __aeabi_memset4                          0x08000189   Thumb Code     0  memseta.o(.text)
    __aeabi_memset8                          0x08000189   Thumb Code     0  memseta.o(.text)
    __aeabi_memclr                           0x08000197   Thumb Code     4  memseta.o(.text)
    __aeabi_memclr4                          0x08000197   Thumb Code     0  memseta.o(.text)
    __aeabi_memclr8                          0x08000197   Thumb Code     0  memseta.o(.text)
    _memset$wrapper                          0x0800019b   Thumb Code    18  memseta.o(.text)
    strstr                                   0x080001ad   Thumb Code    36  strstr.o(.text)
    strncpy                                  0x080001d1   Thumb Code    24  strncpy.o(.text)
    strlen                                   0x080001e9   Thumb Code    14  strlen.o(.text)
    strcpy                                   0x080001f7   Thumb Code    18  strcpy.o(.text)
    strncmp                                  0x08000209   Thumb Code    30  strncmp.o(.text)
    strtok                                   0x08000229   Thumb Code    62  strtok.o(.text)
    __aeabi_fadd                             0x0800026d   Thumb Code   164  fadd.o(.text)
    __aeabi_fsub                             0x08000311   Thumb Code     6  fadd.o(.text)
    __aeabi_frsub                            0x08000317   Thumb Code     6  fadd.o(.text)
    __aeabi_fmul                             0x0800031d   Thumb Code   100  fmul.o(.text)
    __aeabi_fdiv                             0x08000381   Thumb Code   124  fdiv.o(.text)
    __aeabi_dadd                             0x080003fd   Thumb Code   322  dadd.o(.text)
    __aeabi_dsub                             0x0800053f   Thumb Code     6  dadd.o(.text)
    __aeabi_drsub                            0x08000545   Thumb Code     6  dadd.o(.text)
    __aeabi_dmul                             0x0800054b   Thumb Code   228  dmul.o(.text)
    __aeabi_ddiv                             0x0800062f   Thumb Code   222  ddiv.o(.text)
    __aeabi_ui2f                             0x0800070d   Thumb Code    10  ffltui.o(.text)
    __aeabi_ui2d                             0x08000717   Thumb Code    26  dfltui.o(.text)
    __aeabi_f2uiz                            0x08000731   Thumb Code    40  ffixui.o(.text)
    __aeabi_d2uiz                            0x08000759   Thumb Code    50  dfixui.o(.text)
    __aeabi_f2d                              0x0800078b   Thumb Code    38  f2d.o(.text)
    __aeabi_d2f                              0x080007b1   Thumb Code    56  d2f.o(.text)
    __aeabi_uidiv                            0x080007e9   Thumb Code     0  uidiv.o(.text)
    __aeabi_uidivmod                         0x080007e9   Thumb Code    44  uidiv.o(.text)
    __aeabi_uldivmod                         0x08000815   Thumb Code    98  uldiv.o(.text)
    __aeabi_llsl                             0x08000877   Thumb Code    30  llshl.o(.text)
    _ll_shift_l                              0x08000877   Thumb Code     0  llshl.o(.text)
    __aeabi_lasr                             0x08000895   Thumb Code    36  llsshr.o(.text)
    _ll_sshift_r                             0x08000895   Thumb Code     0  llsshr.o(.text)
    __I$use$fp                               0x080008b9   Thumb Code     0  iusefp.o(.text)
    _float_round                             0x080008b9   Thumb Code    18  fepilogue.o(.text)
    _float_epilogue                          0x080008cb   Thumb Code    92  fepilogue.o(.text)
    _double_round                            0x08000927   Thumb Code    30  depilogue.o(.text)
    _double_epilogue                         0x08000945   Thumb Code   156  depilogue.o(.text)
    __aeabi_d2ulz                            0x080009e1   Thumb Code    48  dfixul.o(.text)
    __aeabi_cdrcmple                         0x08000a11   Thumb Code    48  cdrcmple.o(.text)
    __scatterload                            0x08000a41   Thumb Code    28  init.o(.text)
    __scatterload_rt2                        0x08000a41   Thumb Code     0  init.o(.text)
    ADC1_2_IRQHandler                        0x08000a65   Thumb Code    10  stm32f1xx_it.o(i.ADC1_2_IRQHandler)
    ADC_ConversionStop_Disable               0x08000a75   Thumb Code    92  stm32f1xx_hal_adc.o(i.ADC_ConversionStop_Disable)
    ADC_DMAConvCplt                          0x08000ad1   Thumb Code    82  stm32f1xx_hal_adc.o(i.ADC_DMAConvCplt)
    ADC_DMAError                             0x08000b23   Thumb Code    30  stm32f1xx_hal_adc.o(i.ADC_DMAError)
    ADC_DMAHalfConvCplt                      0x08000b41   Thumb Code    14  stm32f1xx_hal_adc.o(i.ADC_DMAHalfConvCplt)
    ADC_Enable                               0x08000b51   Thumb Code   134  stm32f1xx_hal_adc.o(i.ADC_Enable)
    Aht21_init                               0x08000be1   Thumb Code    96  aht21.o(i.Aht21_init)
    BusFault_Handler                         0x08000c7d   Thumb Code     4  stm32f1xx_it.o(i.BusFault_Handler)
    DMA1_Channel1_IRQHandler                 0x08000c81   Thumb Code    10  stm32f1xx_it.o(i.DMA1_Channel1_IRQHandler)
    DebugMon_Handler                         0x08000cbd   Thumb Code     2  stm32f1xx_it.o(i.DebugMon_Handler)
    Error_Handler                            0x08000cbf   Thumb Code     6  main.o(i.Error_Handler)
    HAL_ADCEx_Calibration_Start              0x08000cc5   Thumb Code   278  stm32f1xx_hal_adc_ex.o(i.HAL_ADCEx_Calibration_Start)
    HAL_ADCEx_InjectedConvCpltCallback       0x08000de1   Thumb Code     2  stm32f1xx_hal_adc_ex.o(i.HAL_ADCEx_InjectedConvCpltCallback)
    HAL_ADC_ConfigChannel                    0x08000de5   Thumb Code   338  stm32f1xx_hal_adc.o(i.HAL_ADC_ConfigChannel)
    HAL_ADC_ConvCpltCallback                 0x08000f45   Thumb Code    28  useradc.o(i.HAL_ADC_ConvCpltCallback)
    HAL_ADC_ConvHalfCpltCallback             0x08000f69   Thumb Code     2  stm32f1xx_hal_adc.o(i.HAL_ADC_ConvHalfCpltCallback)
    HAL_ADC_ErrorCallback                    0x08000f6b   Thumb Code     2  stm32f1xx_hal_adc.o(i.HAL_ADC_ErrorCallback)
    HAL_ADC_IRQHandler                       0x08000f6d   Thumb Code   274  stm32f1xx_hal_adc.o(i.HAL_ADC_IRQHandler)
    HAL_ADC_Init                             0x08001081   Thumb Code   340  stm32f1xx_hal_adc.o(i.HAL_ADC_Init)
    HAL_ADC_LevelOutOfWindowCallback         0x080011e1   Thumb Code     2  stm32f1xx_hal_adc.o(i.HAL_ADC_LevelOutOfWindowCallback)
    HAL_ADC_MspInit                          0x080011e5   Thumb Code   168  adc.o(i.HAL_ADC_MspInit)
    HAL_ADC_Start_DMA                        0x080012a1   Thumb Code   362  stm32f1xx_hal_adc.o(i.HAL_ADC_Start_DMA)
    HAL_ADC_Stop_DMA                         0x08001421   Thumb Code   106  stm32f1xx_hal_adc.o(i.HAL_ADC_Stop_DMA)
    HAL_DMA_Abort                            0x0800148b   Thumb Code    86  stm32f1xx_hal_dma.o(i.HAL_DMA_Abort)
    HAL_DMA_Abort_IT                         0x080014e1   Thumb Code   414  stm32f1xx_hal_dma.o(i.HAL_DMA_Abort_IT)
    HAL_DMA_IRQHandler                       0x08001689   Thumb Code   910  stm32f1xx_hal_dma.o(i.HAL_DMA_IRQHandler)
    HAL_DMA_Init                             0x08001a21   Thumb Code   132  stm32f1xx_hal_dma.o(i.HAL_DMA_Init)
    HAL_DMA_Start_IT                         0x08001aad   Thumb Code   156  stm32f1xx_hal_dma.o(i.HAL_DMA_Start_IT)
    HAL_Delay                                0x08001b49   Thumb Code    36  stm32f1xx_hal.o(i.HAL_Delay)
    HAL_GPIO_Init                            0x08001b71   Thumb Code   792  stm32f1xx_hal_gpio.o(i.HAL_GPIO_Init)
    HAL_GPIO_ReadPin                         0x08001eb1   Thumb Code    16  stm32f1xx_hal_gpio.o(i.HAL_GPIO_ReadPin)
    HAL_GPIO_TogglePin                       0x08001ec1   Thumb Code    20  stm32f1xx_hal_gpio.o(i.HAL_GPIO_TogglePin)
    HAL_GPIO_WritePin                        0x08001ed5   Thumb Code    12  stm32f1xx_hal_gpio.o(i.HAL_GPIO_WritePin)
    HAL_GetTick                              0x08001ee1   Thumb Code     6  stm32f1xx_hal.o(i.HAL_GetTick)
    HAL_I2C_Init                             0x08001eed   Thumb Code   446  stm32f1xx_hal_i2c.o(i.HAL_I2C_Init)
    HAL_I2C_Master_Receive                   0x080020bd   Thumb Code   858  stm32f1xx_hal_i2c.o(i.HAL_I2C_Master_Receive)
    HAL_I2C_Master_Transmit                  0x08002429   Thumb Code   360  stm32f1xx_hal_i2c.o(i.HAL_I2C_Master_Transmit)
    HAL_I2C_Mem_Write                        0x08002599   Thumb Code   348  stm32f1xx_hal_i2c.o(i.HAL_I2C_Mem_Write)
    HAL_I2C_MspInit                          0x080026fd   Thumb Code   104  i2c.o(i.HAL_I2C_MspInit)
    HAL_IncTick                              0x08002771   Thumb Code    16  stm32f1xx_hal.o(i.HAL_IncTick)
    HAL_Init                                 0x08002789   Thumb Code    34  stm32f1xx_hal.o(i.HAL_Init)
    HAL_InitTick                             0x080027b1   Thumb Code    64  stm32f1xx_hal.o(i.HAL_InitTick)
    HAL_MspInit                              0x080027fd   Thumb Code    76  stm32f1xx_hal_msp.o(i.HAL_MspInit)
    HAL_NVIC_EnableIRQ                       0x08002851   Thumb Code    32  stm32f1xx_hal_cortex.o(i.HAL_NVIC_EnableIRQ)
    HAL_NVIC_SetPriority                     0x08002871   Thumb Code   124  stm32f1xx_hal_cortex.o(i.HAL_NVIC_SetPriority)
    HAL_NVIC_SetPriorityGrouping             0x080028ed   Thumb Code    32  stm32f1xx_hal_cortex.o(i.HAL_NVIC_SetPriorityGrouping)
    HAL_RCCEx_GetPeriphCLKFreq               0x08002915   Thumb Code   260  stm32f1xx_hal_rcc_ex.o(i.HAL_RCCEx_GetPeriphCLKFreq)
    HAL_RCCEx_PeriphCLKConfig                0x08002a2d   Thumb Code   290  stm32f1xx_hal_rcc_ex.o(i.HAL_RCCEx_PeriphCLKConfig)
    HAL_RCC_ClockConfig                      0x08002b5d   Thumb Code   376  stm32f1xx_hal_rcc.o(i.HAL_RCC_ClockConfig)
    HAL_RCC_GetHCLKFreq                      0x08002ce9   Thumb Code     6  stm32f1xx_hal_rcc.o(i.HAL_RCC_GetHCLKFreq)
    HAL_RCC_GetPCLK1Freq                     0x08002cf5   Thumb Code    22  stm32f1xx_hal_rcc.o(i.HAL_RCC_GetPCLK1Freq)
    HAL_RCC_GetPCLK2Freq                     0x08002d15   Thumb Code    22  stm32f1xx_hal_rcc.o(i.HAL_RCC_GetPCLK2Freq)
    HAL_RCC_GetSysClockFreq                  0x08002d35   Thumb Code    92  stm32f1xx_hal_rcc.o(i.HAL_RCC_GetSysClockFreq)
    HAL_RCC_OscConfig                        0x08002da5   Thumb Code  1114  stm32f1xx_hal_rcc.o(i.HAL_RCC_OscConfig)
    HAL_SYSTICK_Config                       0x08003209   Thumb Code    52  stm32f1xx_hal_cortex.o(i.HAL_SYSTICK_Config)
    HAL_TIMEx_BreakCallback                  0x0800323d   Thumb Code     2  stm32f1xx_hal_tim_ex.o(i.HAL_TIMEx_BreakCallback)
    HAL_TIMEx_CommutCallback                 0x0800323f   Thumb Code     2  stm32f1xx_hal_tim_ex.o(i.HAL_TIMEx_CommutCallback)
    HAL_TIMEx_ConfigBreakDeadTime            0x08003241   Thumb Code   116  stm32f1xx_hal_tim_ex.o(i.HAL_TIMEx_ConfigBreakDeadTime)
    HAL_TIMEx_MasterConfigSynchronization    0x080032b5   Thumb Code   134  stm32f1xx_hal_tim_ex.o(i.HAL_TIMEx_MasterConfigSynchronization)
    HAL_TIM_Base_Init                        0x08003351   Thumb Code   102  stm32f1xx_hal_tim.o(i.HAL_TIM_Base_Init)
    HAL_TIM_Base_MspInit                     0x080033b9   Thumb Code   184  tim.o(i.HAL_TIM_Base_MspInit)
    HAL_TIM_Base_Start_IT                    0x08003481   Thumb Code   122  stm32f1xx_hal_tim.o(i.HAL_TIM_Base_Start_IT)
    HAL_TIM_ConfigClockSource                0x08003511   Thumb Code   268  stm32f1xx_hal_tim.o(i.HAL_TIM_ConfigClockSource)
    HAL_TIM_IC_CaptureCallback               0x0800361d   Thumb Code     2  stm32f1xx_hal_tim.o(i.HAL_TIM_IC_CaptureCallback)
    HAL_TIM_IRQHandler                       0x0800361f   Thumb Code   406  stm32f1xx_hal_tim.o(i.HAL_TIM_IRQHandler)
    HAL_TIM_MspPostInit                      0x080037b5   Thumb Code   152  tim.o(i.HAL_TIM_MspPostInit)
    HAL_TIM_OC_DelayElapsedCallback          0x08003861   Thumb Code     2  stm32f1xx_hal_tim.o(i.HAL_TIM_OC_DelayElapsedCallback)
    HAL_TIM_PWM_ConfigChannel                0x08003863   Thumb Code   260  stm32f1xx_hal_tim.o(i.HAL_TIM_PWM_ConfigChannel)
    HAL_TIM_PWM_Init                         0x08003967   Thumb Code   102  stm32f1xx_hal_tim.o(i.HAL_TIM_PWM_Init)
    HAL_TIM_PWM_MspInit                      0x080039cd   Thumb Code     2  stm32f1xx_hal_tim.o(i.HAL_TIM_PWM_MspInit)
    HAL_TIM_PWM_PulseFinishedCallback        0x080039cf   Thumb Code     2  stm32f1xx_hal_tim.o(i.HAL_TIM_PWM_PulseFinishedCallback)
    HAL_TIM_PWM_Start                        0x080039d1   Thumb Code   222  stm32f1xx_hal_tim.o(i.HAL_TIM_PWM_Start)
    HAL_TIM_PeriodElapsedCallback            0x08003ac5   Thumb Code    20  usertimer.o(i.HAL_TIM_PeriodElapsedCallback)
    HAL_TIM_TriggerCallback                  0x08003add   Thumb Code     2  stm32f1xx_hal_tim.o(i.HAL_TIM_TriggerCallback)
    HAL_UARTEx_RxEventCallback               0x08003adf   Thumb Code     2  stm32f1xx_hal_uart.o(i.HAL_UARTEx_RxEventCallback)
    HAL_UART_AbortReceiveCpltCallback        0x08003ae1   Thumb Code     2  stm32f1xx_hal_uart.o(i.HAL_UART_AbortReceiveCpltCallback)
    HAL_UART_AbortReceive_IT                 0x08003ae5   Thumb Code   212  stm32f1xx_hal_uart.o(i.HAL_UART_AbortReceive_IT)
    HAL_UART_ErrorCallback                   0x08003bbd   Thumb Code     2  stm32f1xx_hal_uart.o(i.HAL_UART_ErrorCallback)
    HAL_UART_IRQHandler                      0x08003bc1   Thumb Code   736  stm32f1xx_hal_uart.o(i.HAL_UART_IRQHandler)
    HAL_UART_Init                            0x08003ea5   Thumb Code   118  stm32f1xx_hal_uart.o(i.HAL_UART_Init)
    HAL_UART_MspInit                         0x08003f1d   Thumb Code   640  usart.o(i.HAL_UART_MspInit)
    HAL_UART_Receive                         0x080041c5   Thumb Code   188  stm32f1xx_hal_uart.o(i.HAL_UART_Receive)
    HAL_UART_Receive_IT                      0x08004281   Thumb Code    44  stm32f1xx_hal_uart.o(i.HAL_UART_Receive_IT)
    HAL_UART_RxCpltCallback                  0x080042ad   Thumb Code   128  useruart.o(i.HAL_UART_RxCpltCallback)
    HAL_UART_Transmit                        0x08004331   Thumb Code   178  stm32f1xx_hal_uart.o(i.HAL_UART_Transmit)
    HAL_UART_TxCpltCallback                  0x080043e3   Thumb Code     2  stm32f1xx_hal_uart.o(i.HAL_UART_TxCpltCallback)
    HardFault_Handler                        0x080043e5   Thumb Code     4  stm32f1xx_it.o(i.HardFault_Handler)
    MX_ADC1_Init                             0x08004a11   Thumb Code   130  adc.o(i.MX_ADC1_Init)
    MX_DMA_Init                              0x08004a9d   Thumb Code    48  dma.o(i.MX_DMA_Init)
    MX_GPIO_Init                             0x08004ad1   Thumb Code   210  gpio.o(i.MX_GPIO_Init)
    MX_I2C1_Init                             0x08004bb5   Thumb Code    48  i2c.o(i.MX_I2C1_Init)
    MX_TIM1_Init                             0x08004bf1   Thumb Code   206  tim.o(i.MX_TIM1_Init)
    MX_TIM2_Init                             0x08004cc9   Thumb Code   158  tim.o(i.MX_TIM2_Init)
    MX_TIM3_Init                             0x08004d6d   Thumb Code   102  tim.o(i.MX_TIM3_Init)
    MX_TIM7_Init                             0x08004ddd   Thumb Code    66  tim.o(i.MX_TIM7_Init)
    MX_UART4_Init                            0x08004e29   Thumb Code    46  usart.o(i.MX_UART4_Init)
    MX_UART5_Init                            0x08004e61   Thumb Code    46  usart.o(i.MX_UART5_Init)
    MX_USART1_UART_Init                      0x08004e99   Thumb Code    46  usart.o(i.MX_USART1_UART_Init)
    MX_USART2_UART_Init                      0x08004ed1   Thumb Code    46  usart.o(i.MX_USART2_UART_Init)
    MX_USART3_UART_Init                      0x08004f09   Thumb Code    46  usart.o(i.MX_USART3_UART_Init)
    MemManage_Handler                        0x08004f41   Thumb Code     4  stm32f1xx_it.o(i.MemManage_Handler)
    NMI_Handler                              0x08004f45   Thumb Code     4  stm32f1xx_it.o(i.NMI_Handler)
    PendSV_Handler                           0x08004f49   Thumb Code     2  stm32f1xx_it.o(i.PendSV_Handler)
    SVC_Handler                              0x08004f75   Thumb Code     2  stm32f1xx_it.o(i.SVC_Handler)
    SysTick_Handler                          0x08004f77   Thumb Code     8  stm32f1xx_it.o(i.SysTick_Handler)
    SystemClock_Config                       0x08004f7f   Thumb Code   130  main.o(i.SystemClock_Config)
    SystemInit                               0x08005001   Thumb Code     2  system_stm32f1xx.o(i.SystemInit)
    TIM3_IRQHandler                          0x08005005   Thumb Code    10  stm32f1xx_it.o(i.TIM3_IRQHandler)
    TIM7_IRQHandler                          0x08005015   Thumb Code    10  stm32f1xx_it.o(i.TIM7_IRQHandler)
    TIM_Base_SetConfig                       0x08005025   Thumb Code   134  stm32f1xx_hal_tim.o(i.TIM_Base_SetConfig)
    TIM_CCxChannelCmd                        0x080050c1   Thumb Code    34  stm32f1xx_hal_tim.o(i.TIM_CCxChannelCmd)
    TIM_ETR_SetConfig                        0x080050e3   Thumb Code    22  stm32f1xx_hal_tim.o(i.TIM_ETR_SetConfig)
    TIM_OC2_SetConfig                        0x0800517d   Thumb Code   114  stm32f1xx_hal_tim.o(i.TIM_OC2_SetConfig)
    UART4_IRQHandler                         0x08005315   Thumb Code    10  stm32f1xx_it.o(i.UART4_IRQHandler)
    UART5_IRQHandler                         0x08005325   Thumb Code    10  stm32f1xx_it.o(i.UART5_IRQHandler)
    UART_Start_Receive_IT                    0x080055e9   Thumb Code    64  stm32f1xx_hal_uart.o(i.UART_Start_Receive_IT)
    USART1_IRQHandler                        0x0800571d   Thumb Code    10  stm32f1xx_it.o(i.USART1_IRQHandler)
    USART2_IRQHandler                        0x0800572d   Thumb Code    10  stm32f1xx_it.o(i.USART2_IRQHandler)
    USART3_IRQHandler                        0x0800573d   Thumb Code    10  stm32f1xx_it.o(i.USART3_IRQHandler)
    UsageFault_Handler                       0x0800574d   Thumb Code     4  stm32f1xx_it.o(i.UsageFault_Handler)
    __0printf                                0x08005751   Thumb Code    22  printfa.o(i.__0printf)
    __1printf                                0x08005751   Thumb Code     0  printfa.o(i.__0printf)
    __2printf                                0x08005751   Thumb Code     0  printfa.o(i.__0printf)
    __c89printf                              0x08005751   Thumb Code     0  printfa.o(i.__0printf)
    printf                                   0x08005751   Thumb Code     0  printfa.o(i.__0printf)
    __0sprintf                               0x08005771   Thumb Code    34  printfa.o(i.__0sprintf)
    __1sprintf                               0x08005771   Thumb Code     0  printfa.o(i.__0sprintf)
    __2sprintf                               0x08005771   Thumb Code     0  printfa.o(i.__0sprintf)
    __c89sprintf                             0x08005771   Thumb Code     0  printfa.o(i.__0sprintf)
    sprintf                                  0x08005771   Thumb Code     0  printfa.o(i.__0sprintf)
    __scatterload_copy                       0x080057d1   Thumb Code    14  handlers.o(i.__scatterload_copy)
    __scatterload_null                       0x080057df   Thumb Code     2  handlers.o(i.__scatterload_null)
    __scatterload_zeroinit                   0x080057e1   Thumb Code    14  handlers.o(i.__scatterload_zeroinit)
    beep_bgm_stop                            0x080060ad   Thumb Code    14  beep.o(i.beep_bgm_stop)
    beep_play_bgm                            0x080060c5   Thumb Code    34  beep.o(i.beep_play_bgm)
    beep_play_bgm_period                     0x080060f9   Thumb Code   214  beep.o(i.beep_play_bgm_period)
    clear_uart_data                          0x08006275   Thumb Code    70  useruart.o(i.clear_uart_data)
    delay                                    0x080062c1   Thumb Code    12  esp8266.o(i.delay)
    enable_adc_dma_period                    0x080062cd   Thumb Code    40  useradc.o(i.enable_adc_dma_period)
    enable_aht21_period                      0x08006325   Thumb Code    28  aht21.o(i.enable_aht21_period)
    enable_beep_music                        0x08006375   Thumb Code    18  beep.o(i.enable_beep_music)
    enable_esp8266                           0x080063b1   Thumb Code    60  esp8266.o(i.enable_esp8266)
    enable_pwm_timer                         0x080063fd   Thumb Code    12  usertimer.o(i.enable_pwm_timer)
    enable_timer_it                          0x0800640d   Thumb Code    20  usertimer.o(i.enable_timer_it)
    enable_uart_receive_it                   0x08006421   Thumb Code    96  useruart.o(i.enable_uart_receive_it)
    esp8266_wait_new_tcp_server              0x080064c1   Thumb Code   152  esp8266.o(i.esp8266_wait_new_tcp_server)
    extract_value                            0x080065cd   Thumb Code   166  esp8266.o(i.extract_value)
    fputc                                    0x080066e5   Thumb Code    22  useruart.o(i.fputc)
    get_adc_dma_period                       0x08006701   Thumb Code    24  useradc.o(i.get_adc_dma_period)
    get_aht21_data                           0x0800671d   Thumb Code     8  aht21.o(i.get_aht21_data)
    get_aht21_data_period                    0x08006729   Thumb Code    34  aht21.o(i.get_aht21_data_period)
    get_aht21_state                          0x08006755   Thumb Code   336  aht21.o(i.get_aht21_state)
    get_key_state_period                     0x080068dd   Thumb Code   314  userio.o(i.get_key_state_period)
    get_lux                                  0x08006a2d   Thumb Code    44  useradc.o(i.get_lux)
    get_music_struct                         0x08006a5d   Thumb Code    54  beep.o(i.get_music_struct)
    get_photo_res                            0x08006ab1   Thumb Code    68  useradc.o(i.get_photo_res)
    get_pwm_led                              0x08006b05   Thumb Code    10  usertimer.o(i.get_pwm_led)
    get_uart_number                          0x08006b15   Thumb Code    66  useruart.o(i.get_uart_number)
    get_uart_state_period                    0x08006b6d   Thumb Code   154  useruart.o(i.get_uart_state_period)
    get_uid_low32                            0x08006c0d   Thumb Code     6  esp8266.o(i.get_uid_low32)
    get_wirelessenv_period                   0x08006c19   Thumb Code    52  wirelessenv.o(i.get_wirelessenv_period)
    main                                     0x08006c59   Thumb Code    72  main.o(i.main)
    num_to_pinyin                            0x08006ca1   Thumb Code    24  wirelessenv.o(i.num_to_pinyin)
    oled_clear                               0x08006cbd   Thumb Code    56  oled.o(i.oled_clear)
    oled_init                                0x08006cf5   Thumb Code   114  oled.o(i.oled_init)
    oled_set_pos                             0x08006e15   Thumb Code    36  oled.o(i.oled_set_pos)
    oled_show_image                          0x08006e39   Thumb Code   210  oled.o(i.oled_show_image)
    oled_write_command                       0x08006f3d   Thumb Code    40  oled.o(i.oled_write_command)
    oled_write_data                          0x08006f6d   Thumb Code    40  oled.o(i.oled_write_data)
    play_a_note                              0x08006f9d   Thumb Code    70  beep.o(i.play_a_note)
    send_and_wait_ok                         0x08006fed   Thumb Code   100  esp8266.o(i.send_and_wait_ok)
    send_esp8266_data                        0x080070d9   Thumb Code    80  esp8266.o(i.send_esp8266_data)
    set_esp8266_sta_client                   0x08007161   Thumb Code   158  esp8266.o(i.set_esp8266_sta_client)
    set_esp8266_state_period                 0x080072d9   Thumb Code   346  esp8266.o(i.set_esp8266_state_period)
    set_pwm_led                              0x080074ed   Thumb Code    26  usertimer.o(i.set_pwm_led)
    speach_control_handler                   0x0800752d   Thumb Code    44  wirelessenv.o(i.speach_control_handler)
    speach_report_handler                    0x0800757d   Thumb Code   330  wirelessenv.o(i.speach_report_handler)
    speach_report_period                     0x08007735   Thumb Code   176  wirelessenv.o(i.speach_report_period)
    start_adc_dma                            0x08007801   Thumb Code    16  useradc.o(i.start_adc_dma)
    user_init                                0x08007819   Thumb Code     8  usertask.o(i.user_init)
    user_period_task                         0x08007821   Thumb Code     8  usertask.o(i.user_period_task)
    user_task                                0x08007829   Thumb Code     8  usertask.o(i.user_task)
    wait_softap_block                        0x08007831   Thumb Code   134  esp8266.o(i.wait_softap_block)
    wirelessenv_control                      0x08007941   Thumb Code   492  wirelessenv.o(i.wirelessenv_control)
    wirelessenv_init                         0x08007b85   Thumb Code    68  wirelessenv.o(i.wirelessenv_init)
    wirelessenv_key_handler                  0x08007bf1   Thumb Code   288  wirelessenv.o(i.wirelessenv_key_handler)
    wirelessenv_task                         0x08007dc1   Thumb Code   190  wirelessenv.o(i.wirelessenv_task)
    wirelessenv_task_period                  0x08007ea5   Thumb Code    78  wirelessenv.o(i.wirelessenv_task_period)
    wirelessenv_uart_handler                 0x08007ef9   Thumb Code   138  wirelessenv.o(i.wirelessenv_uart_handler)
    AHBPrescTable                            0x08008014   Data          16  system_stm32f1xx.o(.constdata)
    APBPrescTable                            0x08008024   Data           8  system_stm32f1xx.o(.constdata)
    ANSIC0608                                0x0800802c   Data         570  oled.o(.constdata)
    ANSIC0816                                0x08008266   Data        1520  oled.o(.constdata)
    CN1616                                   0x08008856   Data         384  oled.o(.constdata)
    WELCOME_LOGO                             0x080089d6   Data        1024  oled.o(.constdata)
    UP_LOGO                                  0x08008dd6   Data         128  oled.o(.constdata)
    DOWN_LOGO                                0x08008e56   Data         128  oled.o(.constdata)
    LEFT_LOGO                                0x08008ed6   Data         128  oled.o(.constdata)
    RIGHT_LOGO                               0x08008f56   Data         128  oled.o(.constdata)
    A_LOGO                                   0x08008fd6   Data         128  oled.o(.constdata)
    B_LOGO                                   0x08009056   Data         128  oled.o(.constdata)
    C_LOGO                                   0x080090d6   Data         128  oled.o(.constdata)
    D_LOGO                                   0x08009156   Data         128  oled.o(.constdata)
    CIRCLE_LOGO                              0x080091d6   Data         128  oled.o(.constdata)
    EMPTY_LOGO                               0x08009256   Data         128  oled.o(.constdata)
    STOP_WATCH_LOGO                          0x080092d6   Data         464  oled.o(.constdata)
    PoliceMusic                              0x080094a6   Data         164  beep.o(.constdata)
    AmbulanceMusic                           0x0800954a   Data         164  beep.o(.constdata)
    DidaMusic                                0x080095ee   Data          12  beep.o(.constdata)
    TwoTigersMusic                           0x080095fa   Data         148  beep.o(.constdata)
    PeppaPigMusic                            0x0800968e   Data          52  beep.o(.constdata)
    SuperMarioMusic                          0x080096c2   Data        1592  beep.o(.constdata)
    FightLandlordMusic                       0x08009cfa   Data         328  beep.o(.constdata)
    GL5528                                   0x08009e42   Data        1124  useradc.o(.constdata)
    Region$$Table$$Base                      0x0800a380   Number         0  anon$$obj.o(Region$$Table)
    Region$$Table$$Limit                     0x0800a3a0   Number         0  anon$$obj.o(Region$$Table)
    uwTick                                   0x20000000   Data           4  stm32f1xx_hal.o(.data)
    uwTickPrio                               0x20000004   Data           4  stm32f1xx_hal.o(.data)
    uwTickFreq                               0x20000008   Data           1  stm32f1xx_hal.o(.data)
    SystemCoreClock                          0x2000000c   Data           4  system_stm32f1xx.o(.data)
    Key_flag                                 0x20000010   Data           1  userio.o(.data)
    Pir_report_time                          0x20000012   Data           2  userio.o(.data)
    CN1616_Index                             0x20000018   Data          25  oled.o(.data)
    Oled_init_flag                           0x20000031   Data           1  oled.o(.data)
    CMD_Data                                 0x20000032   Data          27  oled.o(.data)
    Bgm_state                                0x20000050   Data           1  beep.o(.data)
    Bgm_length                               0x20000052   Data           2  beep.o(.data)
    Bgm_index                                0x20000054   Data           2  beep.o(.data)
    Bgm_volume                               0x20000056   Data           1  beep.o(.data)
    Bgm_single_cycle                         0x20000057   Data           1  beep.o(.data)
    Bgm_current                              0x20000058   Data           4  beep.o(.data)
    Dma_report_flag                          0x2000005e   Data           1  useradc.o(.data)
    Adc_report_time                          0x20000060   Data           2  useradc.o(.data)
    Last_adc_mq2                             0x20000062   Data           2  useradc.o(.data)
    Last_adc_adjres                          0x20000064   Data           2  useradc.o(.data)
    Last_adc_photores                        0x20000066   Data           2  useradc.o(.data)
    Last_adc_lux                             0x20000068   Data           2  useradc.o(.data)
    Aht21_report_time                        0x2000006c   Data           2  aht21.o(.data)
    Aht21_init_flag                          0x2000006e   Data           1  aht21.o(.data)
    Aht21_State                              0x2000006f   Data           1  aht21.o(.data)
    Aht21_data_buf                           0x20000070   Data           7  aht21.o(.data)
    Last_temperature_float                   0x20000078   Data           4  aht21.o(.data)
    Last_humidity_float                      0x2000007c   Data           4  aht21.o(.data)
    Last_temperature                         0x20000080   Data           1  aht21.o(.data)
    Last_humidity                            0x20000081   Data           1  aht21.o(.data)
    default_sta_ssid                         0x20000084   Data           4  esp8266.o(.data)
    default_sta_password                     0x20000088   Data          10  esp8266.o(.data)
    default_sta_tcp_server                   0x20000092   Data          16  esp8266.o(.data)
    default_sta_tcp_port                     0x200000a2   Data           5  esp8266.o(.data)
    set_esp8266_state                        0x200000a7   Data           1  esp8266.o(.data)
    set_esp8266_cur_index                    0x200000a8   Data           1  esp8266.o(.data)
    set_esp8266_at_cnt                       0x200000a9   Data           1  esp8266.o(.data)
    set_esp8266_flag                         0x200000aa   Data           1  esp8266.o(.data)
    Wirelessenv_report_time                  0x200000b4   Data           2  wirelessenv.o(.data)
    Wirelessenv_report_flag                  0x200000b6   Data           1  wirelessenv.o(.data)
    speach_report_flag                       0x200000b7   Data           1  wirelessenv.o(.data)
    pinyin                                   0x200000b8   Data          40  wirelessenv.o(.data)
    __stdout                                 0x200000ec   Data           4  stdout.o(.data)
    hadc1                                    0x200000f0   Data          48  adc.o(.bss)
    hdma_adc1                                0x20000120   Data          68  adc.o(.bss)
    hi2c1                                    0x20000164   Data          84  i2c.o(.bss)
    htim1                                    0x200001b8   Data          72  tim.o(.bss)
    htim2                                    0x20000200   Data          72  tim.o(.bss)
    htim3                                    0x20000248   Data          72  tim.o(.bss)
    htim7                                    0x20000290   Data          72  tim.o(.bss)
    huart4                                   0x200002d8   Data          72  usart.o(.bss)
    huart5                                   0x20000320   Data          72  usart.o(.bss)
    huart1                                   0x20000368   Data          72  usart.o(.bss)
    huart2                                   0x200003b0   Data          72  usart.o(.bss)
    huart3                                   0x200003f8   Data          72  usart.o(.bss)
    Uart                                     0x20000440   Data        3120  useruart.o(.bss)
    Ad_value_buf                             0x20001070   Data        1200  useradc.o(.bss)
    softap_ssid                              0x20001520   Data          32  esp8266.o(.bss)
    softap_password                          0x20001540   Data          32  esp8266.o(.bss)
    softap_server                            0x20001560   Data          32  esp8266.o(.bss)
    softap_port                              0x20001580   Data          32  esp8266.o(.bss)
    esp8266_at_buf                           0x200015a0   Data         200  esp8266.o(.bss)
    esp8266_at_back_buf                      0x20001668   Data         128  esp8266.o(.bss)
    temperature_speach_buf                   0x20001768   Data         100  wirelessenv.o(.bss)
    __initial_sp                             0x20001bd0   Data           0  startup_stm32f103xe.o(STACK)



==============================================================================

Memory Map of the image

  Image Entry point : 0x08000131

  Load Region LR_IROM1 (Base: 0x08000000, Size: 0x0000a490, Max: 0x00040000, ABSOLUTE)

    Execution Region ER_IROM1 (Exec base: 0x08000000, Load base: 0x08000000, Size: 0x0000a3a0, Max: 0x00040000, ABSOLUTE)

    Exec Addr    Load Addr    Size         Type   Attr      Idx    E Section Name        Object

    0x08000000   0x08000000   0x00000130   Data   RO            3    RESET               startup_stm32f103xe.o
    0x08000130   0x08000130   0x00000000   Code   RO         4770  * .ARM.Collect$$$$00000000  mc_w.l(entry.o)
    0x08000130   0x08000130   0x00000004   Code   RO         5078    .ARM.Collect$$$$00000001  mc_w.l(entry2.o)
    0x08000134   0x08000134   0x00000004   Code   RO         5081    .ARM.Collect$$$$00000004  mc_w.l(entry5.o)
    0x08000138   0x08000138   0x00000000   Code   RO         5083    .ARM.Collect$$$$00000008  mc_w.l(entry7b.o)
    0x08000138   0x08000138   0x00000000   Code   RO         5085    .ARM.Collect$$$$0000000A  mc_w.l(entry8b.o)
    0x08000138   0x08000138   0x00000008   Code   RO         5086    .ARM.Collect$$$$0000000B  mc_w.l(entry9a.o)
    0x08000140   0x08000140   0x00000000   Code   RO         5088    .ARM.Collect$$$$0000000D  mc_w.l(entry10a.o)
    0x08000140   0x08000140   0x00000000   Code   RO         5090    .ARM.Collect$$$$0000000F  mc_w.l(entry11a.o)
    0x08000140   0x08000140   0x00000004   Code   RO         5079    .ARM.Collect$$$$00002712  mc_w.l(entry2.o)
    0x08000144   0x08000144   0x00000024   Code   RO            4    .text               startup_stm32f103xe.o
    0x08000168   0x08000168   0x00000020   Code   RO         4773    .text               mc_w.l(llushr.o)
    0x08000188   0x08000188   0x00000024   Code   RO         4775    .text               mc_w.l(memseta.o)
    0x080001ac   0x080001ac   0x00000024   Code   RO         4777    .text               mc_w.l(strstr.o)
    0x080001d0   0x080001d0   0x00000018   Code   RO         4779    .text               mc_w.l(strncpy.o)
    0x080001e8   0x080001e8   0x0000000e   Code   RO         4781    .text               mc_w.l(strlen.o)
    0x080001f6   0x080001f6   0x00000012   Code   RO         4783    .text               mc_w.l(strcpy.o)
    0x08000208   0x08000208   0x0000001e   Code   RO         4785    .text               mc_w.l(strncmp.o)
    0x08000226   0x08000226   0x00000002   PAD
    0x08000228   0x08000228   0x00000044   Code   RO         4787    .text               mc_w.l(strtok.o)
    0x0800026c   0x0800026c   0x000000b0   Code   RO         5054    .text               mf_w.l(fadd.o)
    0x0800031c   0x0800031c   0x00000064   Code   RO         5056    .text               mf_w.l(fmul.o)
    0x08000380   0x08000380   0x0000007c   Code   RO         5058    .text               mf_w.l(fdiv.o)
    0x080003fc   0x080003fc   0x0000014e   Code   RO         5060    .text               mf_w.l(dadd.o)
    0x0800054a   0x0800054a   0x000000e4   Code   RO         5062    .text               mf_w.l(dmul.o)
    0x0800062e   0x0800062e   0x000000de   Code   RO         5064    .text               mf_w.l(ddiv.o)
    0x0800070c   0x0800070c   0x0000000a   Code   RO         5066    .text               mf_w.l(ffltui.o)
    0x08000716   0x08000716   0x0000001a   Code   RO         5068    .text               mf_w.l(dfltui.o)
    0x08000730   0x08000730   0x00000028   Code   RO         5070    .text               mf_w.l(ffixui.o)
    0x08000758   0x08000758   0x00000032   Code   RO         5072    .text               mf_w.l(dfixui.o)
    0x0800078a   0x0800078a   0x00000026   Code   RO         5074    .text               mf_w.l(f2d.o)
    0x080007b0   0x080007b0   0x00000038   Code   RO         5076    .text               mf_w.l(d2f.o)
    0x080007e8   0x080007e8   0x0000002c   Code   RO         5093    .text               mc_w.l(uidiv.o)
    0x08000814   0x08000814   0x00000062   Code   RO         5095    .text               mc_w.l(uldiv.o)
    0x08000876   0x08000876   0x0000001e   Code   RO         5097    .text               mc_w.l(llshl.o)
    0x08000894   0x08000894   0x00000024   Code   RO         5099    .text               mc_w.l(llsshr.o)
    0x080008b8   0x080008b8   0x00000000   Code   RO         5101    .text               mc_w.l(iusefp.o)
    0x080008b8   0x080008b8   0x0000006e   Code   RO         5102    .text               mf_w.l(fepilogue.o)
    0x08000926   0x08000926   0x000000ba   Code   RO         5104    .text               mf_w.l(depilogue.o)
    0x080009e0   0x080009e0   0x00000030   Code   RO         5106    .text               mf_w.l(dfixul.o)
    0x08000a10   0x08000a10   0x00000030   Code   RO         5108    .text               mf_w.l(cdrcmple.o)
    0x08000a40   0x08000a40   0x00000024   Code   RO         5110    .text               mc_w.l(init.o)
    0x08000a64   0x08000a64   0x00000010   Code   RO          435    i.ADC1_2_IRQHandler  stm32f1xx_it.o
    0x08000a74   0x08000a74   0x0000005c   Code   RO          625    i.ADC_ConversionStop_Disable  stm32f1xx_hal_adc.o
    0x08000ad0   0x08000ad0   0x00000052   Code   RO          626    i.ADC_DMAConvCplt   stm32f1xx_hal_adc.o
    0x08000b22   0x08000b22   0x0000001e   Code   RO          627    i.ADC_DMAError      stm32f1xx_hal_adc.o
    0x08000b40   0x08000b40   0x0000000e   Code   RO          628    i.ADC_DMAHalfConvCplt  stm32f1xx_hal_adc.o
    0x08000b4e   0x08000b4e   0x00000002   PAD
    0x08000b50   0x08000b50   0x00000090   Code   RO          629    i.ADC_Enable        stm32f1xx_hal_adc.o
    0x08000be0   0x08000be0   0x0000009c   Code   RO         4471    i.Aht21_init        aht21.o
    0x08000c7c   0x08000c7c   0x00000004   Code   RO          436    i.BusFault_Handler  stm32f1xx_it.o
    0x08000c80   0x08000c80   0x00000010   Code   RO          437    i.DMA1_Channel1_IRQHandler  stm32f1xx_it.o
    0x08000c90   0x08000c90   0x0000002c   Code   RO         1286    i.DMA_SetConfig     stm32f1xx_hal_dma.o
    0x08000cbc   0x08000cbc   0x00000002   Code   RO          438    i.DebugMon_Handler  stm32f1xx_it.o
    0x08000cbe   0x08000cbe   0x00000006   Code   RO           13    i.Error_Handler     main.o
    0x08000cc4   0x08000cc4   0x0000011c   Code   RO          805    i.HAL_ADCEx_Calibration_Start  stm32f1xx_hal_adc_ex.o
    0x08000de0   0x08000de0   0x00000002   Code   RO          807    i.HAL_ADCEx_InjectedConvCpltCallback  stm32f1xx_hal_adc_ex.o
    0x08000de2   0x08000de2   0x00000002   PAD
    0x08000de4   0x08000de4   0x00000160   Code   RO          631    i.HAL_ADC_ConfigChannel  stm32f1xx_hal_adc.o
    0x08000f44   0x08000f44   0x00000024   Code   RO         4338    i.HAL_ADC_ConvCpltCallback  useradc.o
    0x08000f68   0x08000f68   0x00000002   Code   RO          633    i.HAL_ADC_ConvHalfCpltCallback  stm32f1xx_hal_adc.o
    0x08000f6a   0x08000f6a   0x00000002   Code   RO          635    i.HAL_ADC_ErrorCallback  stm32f1xx_hal_adc.o
    0x08000f6c   0x08000f6c   0x00000112   Code   RO          639    i.HAL_ADC_IRQHandler  stm32f1xx_hal_adc.o
    0x0800107e   0x0800107e   0x00000002   PAD
    0x08001080   0x08001080   0x00000160   Code   RO          640    i.HAL_ADC_Init      stm32f1xx_hal_adc.o
    0x080011e0   0x080011e0   0x00000002   Code   RO          641    i.HAL_ADC_LevelOutOfWindowCallback  stm32f1xx_hal_adc.o
    0x080011e2   0x080011e2   0x00000002   PAD
    0x080011e4   0x080011e4   0x000000bc   Code   RO          196    i.HAL_ADC_MspInit   adc.o
    0x080012a0   0x080012a0   0x00000180   Code   RO          647    i.HAL_ADC_Start_DMA  stm32f1xx_hal_adc.o
    0x08001420   0x08001420   0x0000006a   Code   RO          650    i.HAL_ADC_Stop_DMA  stm32f1xx_hal_adc.o
    0x0800148a   0x0800148a   0x00000056   Code   RO         1287    i.HAL_DMA_Abort     stm32f1xx_hal_dma.o
    0x080014e0   0x080014e0   0x000001a8   Code   RO         1288    i.HAL_DMA_Abort_IT  stm32f1xx_hal_dma.o
    0x08001688   0x08001688   0x00000398   Code   RO         1292    i.HAL_DMA_IRQHandler  stm32f1xx_hal_dma.o
    0x08001a20   0x08001a20   0x0000008c   Code   RO         1293    i.HAL_DMA_Init      stm32f1xx_hal_dma.o
    0x08001aac   0x08001aac   0x0000009c   Code   RO         1297    i.HAL_DMA_Start_IT  stm32f1xx_hal_dma.o
    0x08001b48   0x08001b48   0x00000028   Code   RO          908    i.HAL_Delay         stm32f1xx_hal.o
    0x08001b70   0x08001b70   0x00000340   Code   RO         1223    i.HAL_GPIO_Init     stm32f1xx_hal_gpio.o
    0x08001eb0   0x08001eb0   0x00000010   Code   RO         1225    i.HAL_GPIO_ReadPin  stm32f1xx_hal_gpio.o
    0x08001ec0   0x08001ec0   0x00000014   Code   RO         1226    i.HAL_GPIO_TogglePin  stm32f1xx_hal_gpio.o
    0x08001ed4   0x08001ed4   0x0000000c   Code   RO         1227    i.HAL_GPIO_WritePin  stm32f1xx_hal_gpio.o
    0x08001ee0   0x08001ee0   0x0000000c   Code   RO          912    i.HAL_GetTick       stm32f1xx_hal.o
    0x08001eec   0x08001eec   0x000001d0   Code   RO         1920    i.HAL_I2C_Init      stm32f1xx_hal_i2c.o
    0x080020bc   0x080020bc   0x0000036c   Code   RO         1926    i.HAL_I2C_Master_Receive  stm32f1xx_hal_i2c.o
    0x08002428   0x08002428   0x00000170   Code   RO         1933    i.HAL_I2C_Master_Transmit  stm32f1xx_hal_i2c.o
    0x08002598   0x08002598   0x00000164   Code   RO         1941    i.HAL_I2C_Mem_Write  stm32f1xx_hal_i2c.o
    0x080026fc   0x080026fc   0x00000074   Code   RO          262    i.HAL_I2C_MspInit   i2c.o
    0x08002770   0x08002770   0x00000018   Code   RO          918    i.HAL_IncTick       stm32f1xx_hal.o
    0x08002788   0x08002788   0x00000028   Code   RO          919    i.HAL_Init          stm32f1xx_hal.o
    0x080027b0   0x080027b0   0x0000004c   Code   RO          920    i.HAL_InitTick      stm32f1xx_hal.o
    0x080027fc   0x080027fc   0x00000054   Code   RO          565    i.HAL_MspInit       stm32f1xx_hal_msp.o
    0x08002850   0x08002850   0x00000020   Code   RO         1383    i.HAL_NVIC_EnableIRQ  stm32f1xx_hal_cortex.o
    0x08002870   0x08002870   0x0000007c   Code   RO         1389    i.HAL_NVIC_SetPriority  stm32f1xx_hal_cortex.o
    0x080028ec   0x080028ec   0x00000028   Code   RO         1390    i.HAL_NVIC_SetPriorityGrouping  stm32f1xx_hal_cortex.o
    0x08002914   0x08002914   0x00000118   Code   RO         1184    i.HAL_RCCEx_GetPeriphCLKFreq  stm32f1xx_hal_rcc_ex.o
    0x08002a2c   0x08002a2c   0x00000130   Code   RO         1185    i.HAL_RCCEx_PeriphCLKConfig  stm32f1xx_hal_rcc_ex.o
    0x08002b5c   0x08002b5c   0x0000018c   Code   RO         1076    i.HAL_RCC_ClockConfig  stm32f1xx_hal_rcc.o
    0x08002ce8   0x08002ce8   0x0000000c   Code   RO         1081    i.HAL_RCC_GetHCLKFreq  stm32f1xx_hal_rcc.o
    0x08002cf4   0x08002cf4   0x00000020   Code   RO         1083    i.HAL_RCC_GetPCLK1Freq  stm32f1xx_hal_rcc.o
    0x08002d14   0x08002d14   0x00000020   Code   RO         1084    i.HAL_RCC_GetPCLK2Freq  stm32f1xx_hal_rcc.o
    0x08002d34   0x08002d34   0x00000070   Code   RO         1085    i.HAL_RCC_GetSysClockFreq  stm32f1xx_hal_rcc.o
    0x08002da4   0x08002da4   0x00000464   Code   RO         1088    i.HAL_RCC_OscConfig  stm32f1xx_hal_rcc.o
    0x08003208   0x08003208   0x00000034   Code   RO         1394    i.HAL_SYSTICK_Config  stm32f1xx_hal_cortex.o
    0x0800323c   0x0800323c   0x00000002   Code   RO         3103    i.HAL_TIMEx_BreakCallback  stm32f1xx_hal_tim_ex.o
    0x0800323e   0x0800323e   0x00000002   Code   RO         3104    i.HAL_TIMEx_CommutCallback  stm32f1xx_hal_tim_ex.o
    0x08003240   0x08003240   0x00000074   Code   RO         3106    i.HAL_TIMEx_ConfigBreakDeadTime  stm32f1xx_hal_tim_ex.o
    0x080032b4   0x080032b4   0x0000009c   Code   RO         3122    i.HAL_TIMEx_MasterConfigSynchronization  stm32f1xx_hal_tim_ex.o
    0x08003350   0x08003350   0x00000066   Code   RO         2388    i.HAL_TIM_Base_Init  stm32f1xx_hal_tim.o
    0x080033b6   0x080033b6   0x00000002   PAD
    0x080033b8   0x080033b8   0x000000c8   Code   RO          304    i.HAL_TIM_Base_MspInit  tim.o
    0x08003480   0x08003480   0x00000090   Code   RO         2393    i.HAL_TIM_Base_Start_IT  stm32f1xx_hal_tim.o
    0x08003510   0x08003510   0x0000010c   Code   RO         2397    i.HAL_TIM_ConfigClockSource  stm32f1xx_hal_tim.o
    0x0800361c   0x0800361c   0x00000002   Code   RO         2422    i.HAL_TIM_IC_CaptureCallback  stm32f1xx_hal_tim.o
    0x0800361e   0x0800361e   0x00000196   Code   RO         2436    i.HAL_TIM_IRQHandler  stm32f1xx_hal_tim.o
    0x080037b4   0x080037b4   0x000000ac   Code   RO          305    i.HAL_TIM_MspPostInit  tim.o
    0x08003860   0x08003860   0x00000002   Code   RO         2439    i.HAL_TIM_OC_DelayElapsedCallback  stm32f1xx_hal_tim.o
    0x08003862   0x08003862   0x00000104   Code   RO         2460    i.HAL_TIM_PWM_ConfigChannel  stm32f1xx_hal_tim.o
    0x08003966   0x08003966   0x00000066   Code   RO         2463    i.HAL_TIM_PWM_Init  stm32f1xx_hal_tim.o
    0x080039cc   0x080039cc   0x00000002   Code   RO         2465    i.HAL_TIM_PWM_MspInit  stm32f1xx_hal_tim.o
    0x080039ce   0x080039ce   0x00000002   Code   RO         2466    i.HAL_TIM_PWM_PulseFinishedCallback  stm32f1xx_hal_tim.o
    0x080039d0   0x080039d0   0x000000f4   Code   RO         2468    i.HAL_TIM_PWM_Start  stm32f1xx_hal_tim.o
    0x08003ac4   0x08003ac4   0x00000018   Code   RO         4040    i.HAL_TIM_PeriodElapsedCallback  usertimer.o
    0x08003adc   0x08003adc   0x00000002   Code   RO         2479    i.HAL_TIM_TriggerCallback  stm32f1xx_hal_tim.o
    0x08003ade   0x08003ade   0x00000002   Code   RO         3382    i.HAL_UARTEx_RxEventCallback  stm32f1xx_hal_uart.o
    0x08003ae0   0x08003ae0   0x00000002   Code   RO         3386    i.HAL_UART_AbortReceiveCpltCallback  stm32f1xx_hal_uart.o
    0x08003ae2   0x08003ae2   0x00000002   PAD
    0x08003ae4   0x08003ae4   0x000000d8   Code   RO         3387    i.HAL_UART_AbortReceive_IT  stm32f1xx_hal_uart.o
    0x08003bbc   0x08003bbc   0x00000002   Code   RO         3396    i.HAL_UART_ErrorCallback  stm32f1xx_hal_uart.o
    0x08003bbe   0x08003bbe   0x00000002   PAD
    0x08003bc0   0x08003bc0   0x000002e4   Code   RO         3399    i.HAL_UART_IRQHandler  stm32f1xx_hal_uart.o
    0x08003ea4   0x08003ea4   0x00000076   Code   RO         3400    i.HAL_UART_Init     stm32f1xx_hal_uart.o
    0x08003f1a   0x08003f1a   0x00000002   PAD
    0x08003f1c   0x08003f1c   0x000002a8   Code   RO          370    i.HAL_UART_MspInit  usart.o
    0x080041c4   0x080041c4   0x000000bc   Code   RO         3403    i.HAL_UART_Receive  stm32f1xx_hal_uart.o
    0x08004280   0x08004280   0x0000002c   Code   RO         3405    i.HAL_UART_Receive_IT  stm32f1xx_hal_uart.o
    0x080042ac   0x080042ac   0x00000084   Code   RO         3968    i.HAL_UART_RxCpltCallback  useruart.o
    0x08004330   0x08004330   0x000000b2   Code   RO         3408    i.HAL_UART_Transmit  stm32f1xx_hal_uart.o
    0x080043e2   0x080043e2   0x00000002   Code   RO         3411    i.HAL_UART_TxCpltCallback  stm32f1xx_hal_uart.o
    0x080043e4   0x080043e4   0x00000004   Code   RO          439    i.HardFault_Handler  stm32f1xx_it.o
    0x080043e8   0x080043e8   0x0000003e   Code   RO         1964    i.I2C_IsAcknowledgeFailed  stm32f1xx_hal_i2c.o
    0x08004426   0x08004426   0x00000002   PAD
    0x08004428   0x08004428   0x00000138   Code   RO         1967    i.I2C_MasterRequestRead  stm32f1xx_hal_i2c.o
    0x08004560   0x08004560   0x000000c0   Code   RO         1968    i.I2C_MasterRequestWrite  stm32f1xx_hal_i2c.o
    0x08004620   0x08004620   0x000000e0   Code   RO         1976    i.I2C_RequestMemoryWrite  stm32f1xx_hal_i2c.o
    0x08004700   0x08004700   0x00000066   Code   RO         1984    i.I2C_WaitOnBTFFlagUntilTimeout  stm32f1xx_hal_i2c.o
    0x08004766   0x08004766   0x000000be   Code   RO         1985    i.I2C_WaitOnFlagUntilTimeout  stm32f1xx_hal_i2c.o
    0x08004824   0x08004824   0x000000fa   Code   RO         1986    i.I2C_WaitOnMasterAddressFlagUntilTimeout  stm32f1xx_hal_i2c.o
    0x0800491e   0x0800491e   0x0000008a   Code   RO         1987    i.I2C_WaitOnRXNEFlagUntilTimeout  stm32f1xx_hal_i2c.o
    0x080049a8   0x080049a8   0x00000066   Code   RO         1990    i.I2C_WaitOnTXEFlagUntilTimeout  stm32f1xx_hal_i2c.o
    0x08004a0e   0x08004a0e   0x00000002   PAD
    0x08004a10   0x08004a10   0x0000008c   Code   RO          197    i.MX_ADC1_Init      adc.o
    0x08004a9c   0x08004a9c   0x00000034   Code   RO          237    i.MX_DMA_Init       dma.o
    0x08004ad0   0x08004ad0   0x000000e4   Code   RO          171    i.MX_GPIO_Init      gpio.o
    0x08004bb4   0x08004bb4   0x0000003c   Code   RO          263    i.MX_I2C1_Init      i2c.o
    0x08004bf0   0x08004bf0   0x000000d8   Code   RO          306    i.MX_TIM1_Init      tim.o
    0x08004cc8   0x08004cc8   0x000000a4   Code   RO          307    i.MX_TIM2_Init      tim.o
    0x08004d6c   0x08004d6c   0x00000070   Code   RO          308    i.MX_TIM3_Init      tim.o
    0x08004ddc   0x08004ddc   0x0000004c   Code   RO          309    i.MX_TIM7_Init      tim.o
    0x08004e28   0x08004e28   0x00000038   Code   RO          371    i.MX_UART4_Init     usart.o
    0x08004e60   0x08004e60   0x00000038   Code   RO          372    i.MX_UART5_Init     usart.o
    0x08004e98   0x08004e98   0x00000038   Code   RO          373    i.MX_USART1_UART_Init  usart.o
    0x08004ed0   0x08004ed0   0x00000038   Code   RO          374    i.MX_USART2_UART_Init  usart.o
    0x08004f08   0x08004f08   0x00000038   Code   RO          375    i.MX_USART3_UART_Init  usart.o
    0x08004f40   0x08004f40   0x00000004   Code   RO          440    i.MemManage_Handler  stm32f1xx_it.o
    0x08004f44   0x08004f44   0x00000004   Code   RO          441    i.NMI_Handler       stm32f1xx_it.o
    0x08004f48   0x08004f48   0x00000002   Code   RO          442    i.PendSV_Handler    stm32f1xx_it.o
    0x08004f4a   0x08004f4a   0x00000002   PAD
    0x08004f4c   0x08004f4c   0x00000028   Code   RO         1089    i.RCC_Delay         stm32f1xx_hal_rcc.o
    0x08004f74   0x08004f74   0x00000002   Code   RO          443    i.SVC_Handler       stm32f1xx_it.o
    0x08004f76   0x08004f76   0x00000008   Code   RO          444    i.SysTick_Handler   stm32f1xx_it.o
    0x08004f7e   0x08004f7e   0x00000082   Code   RO           14    i.SystemClock_Config  main.o
    0x08005000   0x08005000   0x00000002   Code   RO         3744    i.SystemInit        system_stm32f1xx.o
    0x08005002   0x08005002   0x00000002   PAD
    0x08005004   0x08005004   0x00000010   Code   RO          445    i.TIM3_IRQHandler   stm32f1xx_it.o
    0x08005014   0x08005014   0x00000010   Code   RO          446    i.TIM7_IRQHandler   stm32f1xx_it.o
    0x08005024   0x08005024   0x0000009c   Code   RO         2481    i.TIM_Base_SetConfig  stm32f1xx_hal_tim.o
    0x080050c0   0x080050c0   0x00000022   Code   RO         2482    i.TIM_CCxChannelCmd  stm32f1xx_hal_tim.o
    0x080050e2   0x080050e2   0x00000016   Code   RO         2492    i.TIM_ETR_SetConfig  stm32f1xx_hal_tim.o
    0x080050f8   0x080050f8   0x00000012   Code   RO         2493    i.TIM_ITRx_SetConfig  stm32f1xx_hal_tim.o
    0x0800510a   0x0800510a   0x00000002   PAD
    0x0800510c   0x0800510c   0x00000070   Code   RO         2494    i.TIM_OC1_SetConfig  stm32f1xx_hal_tim.o
    0x0800517c   0x0800517c   0x0000007c   Code   RO         2495    i.TIM_OC2_SetConfig  stm32f1xx_hal_tim.o
    0x080051f8   0x080051f8   0x00000078   Code   RO         2496    i.TIM_OC3_SetConfig  stm32f1xx_hal_tim.o
    0x08005270   0x08005270   0x00000054   Code   RO         2497    i.TIM_OC4_SetConfig  stm32f1xx_hal_tim.o
    0x080052c4   0x080052c4   0x00000026   Code   RO         2499    i.TIM_TI1_ConfigInputStage  stm32f1xx_hal_tim.o
    0x080052ea   0x080052ea   0x00000028   Code   RO         2501    i.TIM_TI2_ConfigInputStage  stm32f1xx_hal_tim.o
    0x08005312   0x08005312   0x00000002   PAD
    0x08005314   0x08005314   0x00000010   Code   RO          447    i.UART4_IRQHandler  stm32f1xx_it.o
    0x08005324   0x08005324   0x00000010   Code   RO          448    i.UART5_IRQHandler  stm32f1xx_it.o
    0x08005334   0x08005334   0x00000014   Code   RO         3413    i.UART_DMAAbortOnError  stm32f1xx_hal_uart.o
    0x08005348   0x08005348   0x0000001c   Code   RO         3418    i.UART_DMARxOnlyAbortCallback  stm32f1xx_hal_uart.o
    0x08005364   0x08005364   0x0000006c   Code   RO         3423    i.UART_EndRxTransfer  stm32f1xx_hal_uart.o
    0x080053d0   0x080053d0   0x00000020   Code   RO         3424    i.UART_EndTransmit_IT  stm32f1xx_hal_uart.o
    0x080053f0   0x080053f0   0x000000fc   Code   RO         3426    i.UART_Receive_IT   stm32f1xx_hal_uart.o
    0x080054ec   0x080054ec   0x000000fc   Code   RO         3427    i.UART_SetConfig    stm32f1xx_hal_uart.o
    0x080055e8   0x080055e8   0x00000040   Code   RO         3429    i.UART_Start_Receive_IT  stm32f1xx_hal_uart.o
    0x08005628   0x08005628   0x00000060   Code   RO         3430    i.UART_Transmit_IT  stm32f1xx_hal_uart.o
    0x08005688   0x08005688   0x00000092   Code   RO         3431    i.UART_WaitOnFlagUntilTimeout  stm32f1xx_hal_uart.o
    0x0800571a   0x0800571a   0x00000002   PAD
    0x0800571c   0x0800571c   0x00000010   Code   RO          449    i.USART1_IRQHandler  stm32f1xx_it.o
    0x0800572c   0x0800572c   0x00000010   Code   RO          450    i.USART2_IRQHandler  stm32f1xx_it.o
    0x0800573c   0x0800573c   0x00000010   Code   RO          451    i.USART3_IRQHandler  stm32f1xx_it.o
    0x0800574c   0x0800574c   0x00000004   Code   RO          452    i.UsageFault_Handler  stm32f1xx_it.o
    0x08005750   0x08005750   0x00000020   Code   RO         5026    i.__0printf         mc_w.l(printfa.o)
    0x08005770   0x08005770   0x00000028   Code   RO         5028    i.__0sprintf        mc_w.l(printfa.o)
    0x08005798   0x08005798   0x00000010   Code   RO         1396    i.__NVIC_GetPriorityGrouping  stm32f1xx_hal_cortex.o
    0x080057a8   0x080057a8   0x00000028   Code   RO         1397    i.__NVIC_SetPriority  stm32f1xx_hal_cortex.o
    0x080057d0   0x080057d0   0x0000000e   Code   RO         5114    i.__scatterload_copy  mc_w.l(handlers.o)
    0x080057de   0x080057de   0x00000002   Code   RO         5115    i.__scatterload_null  mc_w.l(handlers.o)
    0x080057e0   0x080057e0   0x0000000e   Code   RO         5116    i.__scatterload_zeroinit  mc_w.l(handlers.o)
    0x080057ee   0x080057ee   0x00000002   PAD
    0x080057f0   0x080057f0   0x00000184   Code   RO         5033    i._fp_digits        mc_w.l(printfa.o)
    0x08005974   0x08005974   0x000006dc   Code   RO         5034    i._printf_core      mc_w.l(printfa.o)
    0x08006050   0x08006050   0x00000024   Code   RO         5035    i._printf_post_padding  mc_w.l(printfa.o)
    0x08006074   0x08006074   0x0000002e   Code   RO         5036    i._printf_pre_padding  mc_w.l(printfa.o)
    0x080060a2   0x080060a2   0x0000000a   Code   RO         5038    i._sputc            mc_w.l(printfa.o)
    0x080060ac   0x080060ac   0x00000018   Code   RO         4259    i.beep_bgm_stop     beep.o
    0x080060c4   0x080060c4   0x00000034   Code   RO         4260    i.beep_play_bgm     beep.o
    0x080060f8   0x080060f8   0x000000f4   Code   RO         4261    i.beep_play_bgm_period  beep.o
    0x080061ec   0x080061ec   0x00000088   Code   RO         4339    i.calculate_adc_average  useradc.o
    0x08006274   0x08006274   0x0000004c   Code   RO         3969    i.clear_uart_data   useruart.o
    0x080062c0   0x080062c0   0x0000000c   Code   RO         4585    i.delay             esp8266.o
    0x080062cc   0x080062cc   0x00000058   Code   RO         4340    i.enable_adc_dma_period  useradc.o
    0x08006324   0x08006324   0x00000050   Code   RO         4472    i.enable_aht21_period  aht21.o
    0x08006374   0x08006374   0x0000003c   Code   RO         4264    i.enable_beep_music  beep.o
    0x080063b0   0x080063b0   0x0000004c   Code   RO         4586    i.enable_esp8266    esp8266.o
    0x080063fc   0x080063fc   0x00000010   Code   RO         4041    i.enable_pwm_timer  usertimer.o
    0x0800640c   0x0800640c   0x00000014   Code   RO         4042    i.enable_timer_it   usertimer.o
    0x08006420   0x08006420   0x000000a0   Code   RO         3970    i.enable_uart_receive_it  useruart.o
    0x080064c0   0x080064c0   0x0000010c   Code   RO         4588    i.esp8266_wait_new_tcp_server  esp8266.o
    0x080065cc   0x080065cc   0x00000118   Code   RO         4589    i.extract_value     esp8266.o
    0x080066e4   0x080066e4   0x0000001c   Code   RO         3971    i.fputc             useruart.o
    0x08006700   0x08006700   0x0000001c   Code   RO         4342    i.get_adc_dma_period  useradc.o
    0x0800671c   0x0800671c   0x0000000c   Code   RO         4473    i.get_aht21_data    aht21.o
    0x08006728   0x08006728   0x0000002c   Code   RO         4474    i.get_aht21_data_period  aht21.o
    0x08006754   0x08006754   0x00000188   Code   RO         4475    i.get_aht21_state   aht21.o
    0x080068dc   0x080068dc   0x00000150   Code   RO         3782    i.get_key_state_period  userio.o
    0x08006a2c   0x08006a2c   0x00000030   Code   RO         4343    i.get_lux           useradc.o
    0x08006a5c   0x08006a5c   0x00000054   Code   RO         4265    i.get_music_struct  beep.o
    0x08006ab0   0x08006ab0   0x00000054   Code   RO         4344    i.get_photo_res     useradc.o
    0x08006b04   0x08006b04   0x00000010   Code   RO         4043    i.get_pwm_led       usertimer.o
    0x08006b14   0x08006b14   0x00000058   Code   RO         3972    i.get_uart_number   useruart.o
    0x08006b6c   0x08006b6c   0x000000a0   Code   RO         3973    i.get_uart_state_period  useruart.o
    0x08006c0c   0x08006c0c   0x0000000c   Code   RO         4590    i.get_uid_low32     esp8266.o
    0x08006c18   0x08006c18   0x00000040   Code   RO         4681    i.get_wirelessenv_period  wirelessenv.o
    0x08006c58   0x08006c58   0x00000048   Code   RO           15    i.main              main.o
    0x08006ca0   0x08006ca0   0x0000001c   Code   RO         4682    i.num_to_pinyin     wirelessenv.o
    0x08006cbc   0x08006cbc   0x00000038   Code   RO         4095    i.oled_clear        oled.o
    0x08006cf4   0x08006cf4   0x00000120   Code   RO         4097    i.oled_init         oled.o
    0x08006e14   0x08006e14   0x00000024   Code   RO         4098    i.oled_set_pos      oled.o
    0x08006e38   0x08006e38   0x00000104   Code   RO         4101    i.oled_show_image   oled.o
    0x08006f3c   0x08006f3c   0x00000030   Code   RO         4105    i.oled_write_command  oled.o
    0x08006f6c   0x08006f6c   0x00000030   Code   RO         4106    i.oled_write_data   oled.o
    0x08006f9c   0x08006f9c   0x00000050   Code   RO         4266    i.play_a_note       beep.o
    0x08006fec   0x08006fec   0x00000098   Code   RO         4591    i.send_and_wait_ok  esp8266.o
    0x08007084   0x08007084   0x00000054   Code   RO         4592    i.send_esp8266_at   esp8266.o
    0x080070d8   0x080070d8   0x00000088   Code   RO         4593    i.send_esp8266_data  esp8266.o
    0x08007160   0x08007160   0x00000178   Code   RO         4594    i.set_esp8266_sta_client  esp8266.o
    0x080072d8   0x080072d8   0x00000214   Code   RO         4595    i.set_esp8266_state_period  esp8266.o
    0x080074ec   0x080074ec   0x00000040   Code   RO         4044    i.set_pwm_led       usertimer.o
    0x0800752c   0x0800752c   0x00000050   Code   RO         4683    i.speach_control_handler  wirelessenv.o
    0x0800757c   0x0800757c   0x000001b8   Code   RO         4684    i.speach_report_handler  wirelessenv.o
    0x08007734   0x08007734   0x000000cc   Code   RO         4685    i.speach_report_period  wirelessenv.o
    0x08007800   0x08007800   0x00000018   Code   RO         4346    i.start_adc_dma     useradc.o
    0x08007818   0x08007818   0x00000008   Code   RO         3859    i.user_init         usertask.o
    0x08007820   0x08007820   0x00000008   Code   RO         3860    i.user_period_task  usertask.o
    0x08007828   0x08007828   0x00000008   Code   RO         3861    i.user_task         usertask.o
    0x08007830   0x08007830   0x00000110   Code   RO         4596    i.wait_softap_block  esp8266.o
    0x08007940   0x08007940   0x00000244   Code   RO         4686    i.wirelessenv_control  wirelessenv.o
    0x08007b84   0x08007b84   0x0000006c   Code   RO         4687    i.wirelessenv_init  wirelessenv.o
    0x08007bf0   0x08007bf0   0x000001d0   Code   RO         4688    i.wirelessenv_key_handler  wirelessenv.o
    0x08007dc0   0x08007dc0   0x000000e4   Code   RO         4689    i.wirelessenv_task  wirelessenv.o
    0x08007ea4   0x08007ea4   0x00000054   Code   RO         4690    i.wirelessenv_task_period  wirelessenv.o
    0x08007ef8   0x08007ef8   0x000000f8   Code   RO         4691    i.wirelessenv_uart_handler  wirelessenv.o
    0x08007ff0   0x08007ff0   0x00000012   Data   RO         1090    .constdata          stm32f1xx_hal_rcc.o
    0x08008002   0x08008002   0x00000012   Data   RO         1186    .constdata          stm32f1xx_hal_rcc_ex.o
    0x08008014   0x08008014   0x00000018   Data   RO         3745    .constdata          system_stm32f1xx.o
    0x0800802c   0x0800802c   0x0000147a   Data   RO         4107    .constdata          oled.o
    0x080094a6   0x080094a6   0x0000099c   Data   RO         4268    .constdata          beep.o
    0x08009e42   0x08009e42   0x00000464   Data   RO         4349    .constdata          useradc.o
    0x0800a2a6   0x0800a2a6   0x00000002   PAD
    0x0800a2a8   0x0800a2a8   0x000000d7   Data   RO         4693    .conststring        wirelessenv.o
    0x0800a37f   0x0800a37f   0x00000001   PAD
    0x0800a380   0x0800a380   0x00000020   Data   RO         5112    Region$$Table       anon$$obj.o


    Execution Region RW_IRAM1 (Exec base: 0x20000000, Load base: 0x0800a3a0, Size: 0x00001bd0, Max: 0x0000c000, ABSOLUTE)

    Exec Addr    Load Addr    Size         Type   Attr      Idx    E Section Name        Object

    0x20000000   0x0800a3a0   0x00000009   Data   RW          926    .data               stm32f1xx_hal.o
    0x20000009   0x0800a3a9   0x00000003   PAD
    0x2000000c   0x0800a3ac   0x00000004   Data   RW         3746    .data               system_stm32f1xx.o
    0x20000010   0x0800a3b0   0x00000008   Data   RW         3786    .data               userio.o
    0x20000018   0x0800a3b8   0x00000036   Data   RW         4108    .data               oled.o
    0x2000004e   0x0800a3ee   0x00000002   PAD
    0x20000050   0x0800a3f0   0x0000000e   Data   RW         4269    .data               beep.o
    0x2000005e   0x0800a3fe   0x0000000c   Data   RW         4350    .data               useradc.o
    0x2000006a   0x0800a40a   0x00000002   PAD
    0x2000006c   0x0800a40c   0x00000017   Data   RW         4476    .data               aht21.o
    0x20000083   0x0800a423   0x00000001   PAD
    0x20000084   0x0800a424   0x00000030   Data   RW         4598    .data               esp8266.o
    0x200000b4   0x0800a454   0x00000034   Data   RW         4694    .data               wirelessenv.o
    0x200000e8   0x0800a488   0x00000004   Data   RW         4788    .data               mc_w.l(strtok.o)
    0x200000ec   0x0800a48c   0x00000004   Data   RW         5092    .data               mc_w.l(stdout.o)
    0x200000f0        -       0x00000074   Zero   RW          198    .bss                adc.o
    0x20000164        -       0x00000054   Zero   RW          264    .bss                i2c.o
    0x200001b8        -       0x00000120   Zero   RW          310    .bss                tim.o
    0x200002d8        -       0x00000168   Zero   RW          376    .bss                usart.o
    0x20000440        -       0x00000c30   Zero   RW         3976    .bss                useruart.o
    0x20001070        -       0x000004b0   Zero   RW         4348    .bss                useradc.o
    0x20001520        -       0x00000248   Zero   RW         4597    .bss                esp8266.o
    0x20001768        -       0x00000064   Zero   RW         4692    .bss                wirelessenv.o
    0x200017cc   0x0800a490   0x00000004   PAD
    0x200017d0        -       0x00000400   Zero   RW            1    STACK               startup_stm32f103xe.o


==============================================================================

Image component sizes


      Code (inc. data)   RO Data    RW Data    ZI Data      Debug   Object Name

       328         30          0          0        116       2023   adc.o
       684        182          0         23          0       4147   aht21.o
       544        148       2460         14          0       6238   beep.o
        52          4          0          0          0        858   dma.o
      2200        940          0         48        584       9087   esp8266.o
       228         18          0          0          0       1087   gpio.o
       176         24          0          0         84       1833   i2c.o
       208          0          0          0          0     519920   main.o
       736        252       5242         54          0       6658   oled.o
        36          8        304          0       1024        840   startup_stm32f103xe.o
       192         36          0          9          0       6961   stm32f1xx_hal.o
      1836         58          0          0          0      10738   stm32f1xx_hal_adc.o
       286          6          0          0          0       2203   stm32f1xx_hal_adc_ex.o
       304         22          0          0          0      29815   stm32f1xx_hal_cortex.o
      1770         28          0          0          0       5690   stm32f1xx_hal_dma.o
       880         40          0          0          0       4232   stm32f1xx_hal_gpio.o
      3636         66          0          0          0      14282   stm32f1xx_hal_i2c.o
        84          8          0          0          0       1006   stm32f1xx_hal_msp.o
      1748         98         18          0          0       6424   stm32f1xx_hal_rcc.o
       584         34         18          0          0       2565   stm32f1xx_hal_rcc_ex.o
      2284        102          0          0          0      17036   stm32f1xx_hal_tim.o
       276         22          0          0          0       3513   stm32f1xx_hal_tim_ex.o
      2490         12          0          0          0      16282   stm32f1xx_hal_uart.o
       178         54          0          0          0       9131   stm32f1xx_it.o
         2          0         24          4          0       1287   system_stm32f1xx.o
       940         72          0          0        288       4987   tim.o
       960         90          0          0        360       4698   usart.o
       444        108       1124         12       1200       5292   useradc.o
       336         22          0          8          0       2904   userio.o
        24          0          0          0          0       2671   usertask.o
       140         52          0          0          0       3057   usertimer.o
       644        108          0          0       3120       5162   useruart.o
      2528        648        215         52        100       8683   wirelessenv.o

    ----------------------------------------------------------------------
     27788       3292       9440        232       6880     721310   Object Totals
         0          0         32          0          0          0   (incl. Generated)
        30          0          3          8          4          0   (incl. Padding)

    ----------------------------------------------------------------------

      Code (inc. data)   RO Data    RW Data    ZI Data      Debug   Library Member Name

         0          0          0          0          0          0   entry.o
         0          0          0          0          0          0   entry10a.o
         0          0          0          0          0          0   entry11a.o
         8          4          0          0          0          0   entry2.o
         4          0          0          0          0          0   entry5.o
         0          0          0          0          0          0   entry7b.o
         0          0          0          0          0          0   entry8b.o
         8          4          0          0          0          0   entry9a.o
        30          0          0          0          0          0   handlers.o
        36          8          0          0          0         68   init.o
         0          0          0          0          0          0   iusefp.o
        30          0          0          0          0         68   llshl.o
        36          0          0          0          0         68   llsshr.o
        32          0          0          0          0         68   llushr.o
        36          0          0          0          0        108   memseta.o
      2308         96          0          0          0        604   printfa.o
         0          0          0          4          0          0   stdout.o
        18          0          0          0          0         68   strcpy.o
        14          0          0          0          0         68   strlen.o
        30          0          0          0          0         80   strncmp.o
        24          0          0          0          0         76   strncpy.o
        36          0          0          0          0         80   strstr.o
        68          6          0          4          0         80   strtok.o
        44          0          0          0          0         80   uidiv.o
        98          0          0          0          0         92   uldiv.o
        48          0          0          0          0         68   cdrcmple.o
        56          0          0          0          0         88   d2f.o
       334          0          0          0          0        148   dadd.o
       222          0          0          0          0        100   ddiv.o
       186          0          0          0          0        176   depilogue.o
        50          0          0          0          0         76   dfixui.o
        48          0          0          0          0         68   dfixul.o
        26          0          0          0          0         76   dfltui.o
       228          0          0          0          0         96   dmul.o
        38          0          0          0          0         68   f2d.o
       176          0          0          0          0        140   fadd.o
       124          0          0          0          0         88   fdiv.o
       110          0          0          0          0        168   fepilogue.o
        40          0          0          0          0         68   ffixui.o
        10          0          0          0          0         68   ffltui.o
       100          0          0          0          0         76   fmul.o

    ----------------------------------------------------------------------
      4660        118          0          8          0       3180   Library Totals
         4          0          0          0          0          0   (incl. Padding)

    ----------------------------------------------------------------------

      Code (inc. data)   RO Data    RW Data    ZI Data      Debug   Library Name

      2860        118          0          8          0       1608   mc_w.l
      1796          0          0          0          0       1572   mf_w.l

    ----------------------------------------------------------------------
      4660        118          0          8          0       3180   Library Totals

    ----------------------------------------------------------------------

==============================================================================


      Code (inc. data)   RO Data    RW Data    ZI Data      Debug   

     32448       3410       9440        240       6880     712526   Grand Totals
     32448       3410       9440        240       6880     712526   ELF Image Totals
     32448       3410       9440        240          0          0   ROM Totals

==============================================================================

    Total RO  Size (Code + RO Data)                41888 (  40.91kB)
    Total RW  Size (RW Data + ZI Data)              7120 (   6.95kB)
    Total ROM Size (Code + RO Data + RW Data)      42128 (  41.14kB)

==============================================================================

